[    0.000000] Initializing cgroup subsys cpuset
[    0.000000] Initializing cgroup subsys cpu
[    0.000000] Linux version 3.5.4-opinsys (opinsys@optiplex-790) (gcc version 4.6.3 (Ubuntu/Linaro 4.6.3-1ubuntu5) ) #2 SMP Mon Oct 1 14:13:41 EEST 2012
[    0.000000] KERNEL supported cpus:
[    0.000000]   Intel GenuineIntel
[    0.000000]   AMD AuthenticAMD
[    0.000000]   NSC Geode by NSC
[    0.000000]   Cyrix CyrixInstead
[    0.000000]   Centaur CentaurHauls
[    0.000000]   Transmeta GenuineTMx86
[    0.000000]   Transmeta TransmetaCPU
[    0.000000]   UMC UMC UMC UMC
[    0.000000] e820: BIOS-provided physical RAM map:
[    0.000000] BIOS-e820: [mem 0x0000000000000000-0x000000000009abff] usable
[    0.000000] BIOS-e820: [mem 0x000000000009ac00-0x000000000009ffff] reserved
[    0.000000] BIOS-e820: [mem 0x00000000000e0000-0x00000000000fffff] reserved
[    0.000000] BIOS-e820: [mem 0x0000000000100000-0x000000001fffffff] usable
[    0.000000] BIOS-e820: [mem 0x0000000020000000-0x00000000201fffff] reserved
[    0.000000] BIOS-e820: [mem 0x0000000020200000-0x000000003fffffff] usable
[    0.000000] BIOS-e820: [mem 0x0000000040000000-0x00000000401fffff] reserved
[    0.000000] BIOS-e820: [mem 0x0000000040200000-0x00000000ca9fcfff] usable
[    0.000000] BIOS-e820: [mem 0x00000000ca9fd000-0x00000000caa40fff] reserved
[    0.000000] BIOS-e820: [mem 0x00000000caa41000-0x00000000cadb6fff] usable
[    0.000000] BIOS-e820: [mem 0x00000000cadb7000-0x00000000cade6fff] reserved
[    0.000000] BIOS-e820: [mem 0x00000000cade7000-0x00000000cafe6fff] ACPI NVS
[    0.000000] BIOS-e820: [mem 0x00000000cafe7000-0x00000000caffefff] ACPI data
[    0.000000] BIOS-e820: [mem 0x00000000cafff000-0x00000000caffffff] usable
[    0.000000] BIOS-e820: [mem 0x00000000fed1c000-0x00000000fed1ffff] reserved
[    0.000000] BIOS-e820: [mem 0x00000000ffc00000-0x00000000ffc1ffff] reserved
[    0.000000] BIOS-e820: [mem 0x0000000100000000-0x000000012dffffff] usable
[    0.000000] NX (Execute Disable) protection: active
[    0.000000] DMI 2.6 present.
[    0.000000] e820: last_pfn = 0x12e000 max_arch_pfn = 0x1000000
[    0.000000] x86 PAT enabled: cpu 0, old 0x7040600070406, new 0x7010600070106
[    0.000000] total RAM covered: 3984M
[    0.000000] Found optimal setting for mtrr clean up
[    0.000000]  gran_size: 64K 	chunk_size: 64M 	num_reg: 8  	lose cover RAM: 0G
[    0.000000] found SMP MP-table at [mem 0x000f2100-0x000f210f] mapped at [c00f2100]
[    0.000000] init_memory_mapping: [mem 0x00000000-0x37bfdfff]
[    0.000000] RAMDISK: [mem 0x35a48000-0x36d1bfff]
[    0.000000] ACPI: RSDP 000fe300 00024 (v02 DELL  )
[    0.000000] ACPI: XSDT caffde18 00064 (v01 DELL    CBX3    06222004 MSFT 00010013)
[    0.000000] ACPI: FACP caf87d98 000F4 (v04 DELL    CBX3    06222004 MSFT 00010013)
[    0.000000] ACPI Warning: 32/64 FACS address mismatch in FADT - two FACS tables! (20120320/tbfadt-378)
[    0.000000] ACPI Warning: 32/64X FACS address mismatch in FADT - 0xCAFE4E40/0x00000000CAFE4D40, using 32 (20120320/tbfadt-502)
[    0.000000] ACPI: DSDT caf72018 07485 (v02 INT430 SYSFexxx 00001001 INTL 20090903)
[    0.000000] ACPI: FACS cafe4e40 00040
[    0.000000] ACPI: APIC caffcf18 000CC (v02 DELL    CBX3    06222004 MSFT 00010013)
[    0.000000] ACPI: TCPA cafe5d18 00032 (v02                 00000000      00000000)
[    0.000000] ACPI: MCFG cafe5c98 0003C (v01 DELL   SNDYBRDG 06222004 MSFT 00000097)
[    0.000000] ACPI: HPET cafe5c18 00038 (v01 A M I   PCHHPET 06222004 AMI. 00000003)
[    0.000000] ACPI: BOOT cafe5b98 00028 (v01 DELL   CBX3     06222004 AMI  00010013)
[    0.000000] ACPI: SSDT cafe6898 0073E (v01  PmRef  Cpu0Ist 00003000 INTL 20090903)
[    0.000000] ACPI: SSDT caf7e018 00996 (v01  PmRef    CpuPm 00003000 INTL 20090903)
[    0.000000] 3940MB HIGHMEM available.
[    0.000000] 891MB LOWMEM available.
[    0.000000]   mapped low ram: 0 - 37bfe000
[    0.000000]   low ram: 0 - 37bfe000
[    0.000000] Zone ranges:
[    0.000000]   DMA      [mem 0x00010000-0x00ffffff]
[    0.000000]   Normal   [mem 0x01000000-0x37bfdfff]
[    0.000000]   HighMem  [mem 0x37bfe000-0x2dffffff]
[    0.000000] Movable zone start for each node
[    0.000000] Early memory node ranges
[    0.000000]   node   0: [mem 0x00010000-0x00099fff]
[    0.000000]   node   0: [mem 0x00100000-0x1fffffff]
[    0.000000]   node   0: [mem 0x20200000-0x3fffffff]
[    0.000000]   node   0: [mem 0x40200000-0xca9fcfff]
[    0.000000]   node   0: [mem 0xcaa41000-0xcadb6fff]
[    0.000000]   node   0: [mem 0xcafff000-0xcaffffff]
[    0.000000]   node   0: [mem 0x00000000-0x2dffffff]
[    0.000000] Using APIC driver default
[    0.000000] ACPI: PM-Timer IO Port: 0x408
[    0.000000] ACPI: LAPIC (acpi_id[0x01] lapic_id[0x00] enabled)
[    0.000000] ACPI: LAPIC (acpi_id[0x02] lapic_id[0x02] enabled)
[    0.000000] ACPI: LAPIC (acpi_id[0x03] lapic_id[0x01] enabled)
[    0.000000] ACPI: LAPIC (acpi_id[0x04] lapic_id[0x03] enabled)
[    0.000000] ACPI: LAPIC (acpi_id[0x05] lapic_id[0x04] disabled)
[    0.000000] ACPI: LAPIC (acpi_id[0x06] lapic_id[0x05] disabled)
[    0.000000] ACPI: LAPIC (acpi_id[0x07] lapic_id[0x06] disabled)
[    0.000000] ACPI: LAPIC (acpi_id[0x08] lapic_id[0x07] disabled)
[    0.000000] ACPI: LAPIC (acpi_id[0x09] lapic_id[0x08] disabled)
[    0.000000] ACPI: LAPIC (acpi_id[0x0a] lapic_id[0x09] disabled)
[    0.000000] ACPI: LAPIC (acpi_id[0x0b] lapic_id[0x0a] disabled)
[    0.000000] ACPI: LAPIC (acpi_id[0x0c] lapic_id[0x0b] disabled)
[    0.000000] ACPI: LAPIC (acpi_id[0x0d] lapic_id[0x0c] disabled)
[    0.000000] ACPI: LAPIC (acpi_id[0x0e] lapic_id[0x0d] disabled)
[    0.000000] ACPI: LAPIC (acpi_id[0x0f] lapic_id[0x0e] disabled)
[    0.000000] ACPI: LAPIC (acpi_id[0x10] lapic_id[0x0f] disabled)
[    0.000000] ACPI: IOAPIC (id[0x02] address[0xfec00000] gsi_base[0])
[    0.000000] IOAPIC[0]: apic_id 2, version 32, address 0xfec00000, GSI 0-23
[    0.000000] ACPI: INT_SRC_OVR (bus 0 bus_irq 0 global_irq 2 dfl dfl)
[    0.000000] ACPI: INT_SRC_OVR (bus 0 bus_irq 9 global_irq 9 high level)
[    0.000000] Using ACPI (MADT) for SMP configuration information
[    0.000000] ACPI: HPET id: 0x8086a701 base: 0xfed00000
[    0.000000] 16 Processors exceeds NR_CPUS limit of 8
[    0.000000] SMP: Allowing 8 CPUs, 4 hotplug CPUs
[    0.000000] PM: Registered nosave memory: 000000000009a000 - 000000000009b000
[    0.000000] PM: Registered nosave memory: 000000000009b000 - 00000000000a0000
[    0.000000] PM: Registered nosave memory: 00000000000a0000 - 00000000000e0000
[    0.000000] PM: Registered nosave memory: 00000000000e0000 - 0000000000100000
[    0.000000] PM: Registered nosave memory: 0000000020000000 - 0000000020200000
[    0.000000] e820: [mem 0xcb000000-0xfed1bfff] available for PCI devices
[    0.000000] Booting paravirtualized kernel on bare hardware
[    0.000000] setup_percpu: NR_CPUS:8 nr_cpumask_bits:8 nr_cpu_ids:8 nr_node_ids:1
[    0.000000] PERCPU: Embedded 14 pages/cpu @f7b7b000 s33920 r0 d23424 u57344
[    0.000000] Built 1 zonelists in Zone order, mobility grouping on.  Total pages: 1008445
[    0.000000] Kernel command line: BOOT_IMAGE=/boot/vmlinuz-3.5.4-opinsys root=UUID=6104e7a6-e111-4eb3-b226-23edbf46a4cb ro vt.handoff=7 console=tty0 console=ttyS0,115200n81
[    0.000000] PID hash table entries: 4096 (order: 2, 16384 bytes)
[    0.000000] Dentry cache hash table entries: 131072 (order: 7, 524288 bytes)
[    0.000000] Inode-cache hash table entries: 65536 (order: 6, 262144 bytes)
[    0.000000] __ex_table already sorted, skipping sort
[    0.000000] Initializing CPU#0
[    0.000000] xsave/xrstor: enabled xstate_bv 0x7, cntxt size 0x340
[    0.000000] allocated 9895808 bytes of page_cgroup
[    0.000000] please try 'cgroup_disable=memory' option if you don't want memory cgroups
[    0.000000] Initializing HighMem for node 0 (00037bfe:0012e000)
[    0.000000] Memory: 3993284k/4947968k available (5789k kernel code, 79156k reserved, 2746k data, 736k init, 3161560k highmem)
[    0.000000] virtual kernel memory layout:
[    0.000000]     fixmap  : 0xfff16000 - 0xfffff000   ( 932 kB)
[    0.000000]     pkmap   : 0xffc00000 - 0xffe00000   (2048 kB)
[    0.000000]     vmalloc : 0xf83fe000 - 0xffbfe000   ( 120 MB)
[    0.000000]     lowmem  : 0xc0000000 - 0xf7bfe000   ( 891 MB)
[    0.000000]       .init : 0xc1856000 - 0xc190e000   ( 736 kB)
[    0.000000]       .data : 0xc15a7595 - 0xc1855ec0   (2746 kB)
[    0.000000]       .text : 0xc1000000 - 0xc15a7595   (5789 kB)
[    0.000000] Checking if this processor honours the WP bit even in supervisor mode...Ok.
[    0.000000] SLUB: Genslabs=15, HWalign=64, Order=0-3, MinObjects=0, CPUs=8, Nodes=1
[    0.000000] Hierarchical RCU implementation.
[    0.000000] 	RCU dyntick-idle grace-period acceleration is enabled.
[    0.000000] NR_IRQS:2304 nr_irqs:744 16
[    0.000000] Extended CMOS year: 2000
[    0.000000] Console: colour dummy device 80x25
[    0.000000] console [tty0] enabled
[    0.000000] console [ttyS0] enabled
[    0.000000] Fast TSC calibration using PIT
[    0.004000] Detected 3092.782 MHz processor.
[    0.000001] Calibrating delay loop (skipped), value calculated using timer frequency.. 6185.56 BogoMIPS (lpj=12371128)
[    0.010770] pid_max: default: 32768 minimum: 301
[    0.015429] Security Framework initialized
[    0.019556] AppArmor: AppArmor initialized
[    0.023704] Mount-cache hash table entries: 512
[    0.028397] Initializing cgroup subsys cpuacct
[    0.032868] Initializing cgroup subsys memory
[    0.037254] Initializing cgroup subsys devices
[    0.041722] Initializing cgroup subsys freezer
[    0.046191] Initializing cgroup subsys blkio
[    0.050484] Initializing cgroup subsys perf_event
[    0.055234] CPU: Physical Processor ID: 0
[    0.059266] CPU: Processor Core ID: 0
[    0.062952] ENERGY_PERF_BIAS: Set to 'normal', was 'performance'
[    0.062952] ENERGY_PERF_BIAS: View and update with x86_energy_perf_policy(8)
[    0.076060] mce: CPU supports 7 MCE banks
[    0.080101] CPU0: Thermal monitoring enabled (TM1)
[    0.084924] using mwait in idle threads.
[    0.090545] ACPI: Core revision 20120320
[    0.097781] ftrace: allocating 23588 entries in 47 pages
[    0.111972] Enabling APIC mode:  Flat.  Using 1 I/O APICs
[    0.117782] ..TIMER: vector=0x30 apic1=0 pin1=2 apic2=-1 pin2=-1
[    0.163487] CPU0: Intel(R) Core(TM) i3-2100 CPU @ 3.10GHz stepping 07
[    0.276549] Performance Events: PEBS fmt1+, 16-deep LBR, SandyBridge events, Intel PMU driver.
[    0.285243] PEBS disabled due to CPU errata.
[    0.289530] ... version:                3
[    0.293555] ... bit width:              48
[    0.297668] ... generic registers:      4
[    0.301694] ... value mask:             0000ffffffffffff
[    0.307028] ... max period:             000000007fffffff
[    0.312361] ... fixed-purpose events:   3
[    0.316387] ... event mask:             000000070000000f
[    0.321838] NMI watchdog: enabled on all CPUs, permanently consumes one hw-PMU counter.
[    0.329940] Booting Node   0, Processors  #1[    0.344260] Initializing CPU#1

[    0.349622]  #2[    0.361422] Initializing CPU#2

[    0.366869]  #3[    0.378646] Initializing CPU#3

[    0.383794] Brought up 4 CPUs
[    0.386961] Total of 4 processors activated (24742.25 BogoMIPS).
[    0.395723] devtmpfs: initialized
[    0.399184] EVM: security.selinux
[    0.402511] EVM: security.SMACK64
[    0.405838] EVM: security.capability
[    0.409481] PM: Registering ACPI NVS region [mem 0xcade7000-0xcafe6fff] (2097152 bytes)
[    0.418142] dummy:
[    0.420274] RTC time: 11:29:05, date: 10/01/12
[    0.424763] NET: Registered protocol family 16
[    0.429322] EISA bus registered
[    0.432528] ACPI FADT declares the system doesn't support PCIe ASPM, so disable it
[    0.440133] ACPI: bus type pci registered
[    0.444192] PCI: MMCONFIG for domain 0000 [bus 00-3f] at [mem 0xf8000000-0xfbffffff] (base 0xf8000000)
[    0.453541] PCI: not using MMCONFIG
[    0.457089] PCI : PCI BIOS area is rw and x. Use pci=nobios if you want it NX.
[    0.464347] PCI: PCI BIOS revision 2.10 entry at 0xfce72, last bus=3
[    0.470730] PCI: Using configuration type 1 for base access
[    0.476330] dmi type 0xB1 record - unknown flag
[    0.481513] bio: create slab <bio-0> at 0
[    0.485592] ACPI: Added _OSI(Module Device)
[    0.489791] ACPI: Added _OSI(Processor Device)
[    0.494251] ACPI: Added _OSI(3.0 _SCP Extensions)
[    0.498973] ACPI: Added _OSI(Processor Aggregator Device)
[    0.508512] [Firmware Bug]: ACPI: BIOS _OSI(Linux) query ignored
[    0.517853] ACPI: SSDT cadd7718 0067C (v01  PmRef  Cpu0Cst 00003001 INTL 20090903)
[    0.525745] ACPI: Dynamic OEM Table Load:
[    0.529789] ACPI: SSDT   (null) 0067C (v01  PmRef  Cpu0Cst 00003001 INTL 20090903)
[    0.537594] ACPI: SSDT cadd8a98 00303 (v01  PmRef    ApIst 00003000 INTL 20090903)
[    0.545508] ACPI: Dynamic OEM Table Load:
[    0.549552] ACPI: SSDT   (null) 00303 (v01  PmRef    ApIst 00003000 INTL 20090903)
[    0.557249] ACPI: SSDT cadd6d98 00119 (v01  PmRef    ApCst 00003000 INTL 20090903)
[    0.565129] ACPI: Dynamic OEM Table Load:
[    0.569177] ACPI: SSDT   (null) 00119 (v01  PmRef    ApCst 00003000 INTL 20090903)
[    0.577161] ACPI: Interpreter enabled
[    0.580843] ACPI: (supports S0 S3 S4 S5)
[    0.584836] ACPI: Using IOAPIC for interrupt routing
[    0.589834] PCI: MMCONFIG for domain 0000 [bus 00-3f] at [mem 0xf8000000-0xfbffffff] (base 0xf8000000)
[    0.599451] PCI: MMCONFIG at [mem 0xf8000000-0xfbffffff] reserved in ACPI motherboard resources
[    0.608188] PCI: Using MMCONFIG for extended config space
[    0.616867] ACPI: No dock devices found.
[    0.620811] PCI: Using host bridge windows from ACPI; if necessary, use "pci=nocrs" and report a bug
[    0.630221] ACPI: PCI Root Bridge [PCI0] (domain 0000 [bus 00-3e])
[    0.636819] pci_root PNP0A08:00: host bridge window [io  0x0000-0x0cf7]
[    0.643463] pci_root PNP0A08:00: host bridge window [io  0x0d00-0xffff]
[    0.650107] pci_root PNP0A08:00: host bridge window [mem 0x000a0000-0x000bffff]
[    0.657449] pci_root PNP0A08:00: host bridge window [mem 0xcfa00000-0xfeafffff]
[    0.664788] pci_root PNP0A08:00: host bridge window [mem 0xfed40000-0xfed44fff]
[    0.672147] PCI host bridge to bus 0000:00
[    0.676260] pci_bus 0000:00: root bus resource [io  0x0000-0x0cf7]
[    0.682466] pci_bus 0000:00: root bus resource [io  0x0d00-0xffff]
[    0.688673] pci_bus 0000:00: root bus resource [mem 0x000a0000-0x000bffff]
[    0.695578] pci_bus 0000:00: root bus resource [mem 0xcfa00000-0xfeafffff]
[    0.702480] pci_bus 0000:00: root bus resource [mem 0xfed40000-0xfed44fff]
[    0.710973] pci 0000:00:1c.0: PCI bridge to [bus 01-01]
[    0.716302] pci 0000:00:1c.2: PCI bridge to [bus 02-02]
[    0.721624] pci 0000:00:1e.0: PCI bridge to [bus 03-03] (subtractive decode)
[    0.729036]  pci0000:00: Requesting ACPI _OSC control (0x1d)
[    0.734747]  pci0000:00: ACPI _OSC request failed (AE_ERROR), returned control mask: 0x1d
[    0.742959] ACPI _OSC control for PCIe not granted, disabling ASPM
[    0.751411] ACPI: PCI Interrupt Link [LNKA] (IRQs 1 3 4 5 6 7 10 12 14 15) *11
[    0.758832] ACPI: PCI Interrupt Link [LNKB] (IRQs 1 3 4 5 6 7 11 12 14 15) *10
[    0.766254] ACPI: PCI Interrupt Link [LNKC] (IRQs 1 3 4 5 6 7 10 12 14 15) *11
[    0.773675] ACPI: PCI Interrupt Link [LNKD] (IRQs 1 3 4 5 6 7 11 12 14 15) *0, disabled.
[    0.781979] ACPI: PCI Interrupt Link [LNKE] (IRQs 1 3 4 *5 6 7 10 12 14 15)
[    0.789126] ACPI: PCI Interrupt Link [LNKF] (IRQs 1 3 4 5 6 7 11 12 14 15) *0, disabled.
[    0.797430] ACPI: PCI Interrupt Link [LNKG] (IRQs 1 *3 4 5 6 7 10 12 14 15)
[    0.804577] ACPI: PCI Interrupt Link [LNKH] (IRQs 1 3 4 5 6 7 11 12 14 15) *0, disabled.
[    0.812905] vgaarb: device added: PCI:0000:00:02.0,decodes=io+mem,owns=io+mem,locks=none
[    0.821036] vgaarb: loaded
[    0.823750] vgaarb: bridge control possible 0000:00:02.0
[    0.829168] SCSI subsystem initialized
[    0.832966] ACPI: bus type usb registered
[    0.837002] usbcore: registered new interface driver usbfs
[    0.842516] usbcore: registered new interface driver hub
[    0.847864] usbcore: registered new device driver usb
[    0.852985] PCI: Using ACPI for IRQ routing
[    0.857301] NetLabel: Initializing
[    0.860718] NetLabel:  domain hash size = 128
[    0.865091] NetLabel:  protocols = UNLABELED CIPSOv4
[    0.870082] NetLabel:  unlabeled traffic allowed by default
[    0.875745] hpet0: at MMIO 0xfed00000, IRQs 2, 8, 0, 0, 0, 0, 0, 0
[    0.882053] hpet0: 8 comparators, 64-bit 14.318180 MHz counter
[    0.889922] Switching to clocksource hpet
[    0.898641] AppArmor: AppArmor Filesystem Enabled
[    0.903389] pnp: PnP ACPI init
[    0.906468] ACPI: bus type pnp registered
[    0.911017] system 00:05: [io  0x0680-0x069f] has been reserved
[    0.916968] system 00:05: [io  0xffff] has been reserved
[    0.922306] system 00:05: [io  0xffff] has been reserved
[    0.927645] system 00:05: [io  0xffff] has been reserved
[    0.932985] system 00:05: [io  0x0400-0x0453] has been reserved
[    0.938937] system 00:05: [io  0x0458-0x047f] has been reserved
[    0.944886] system 00:05: [io  0x0500-0x057f] has been reserved
[    0.950834] system 00:05: [io  0x164e-0x164f] has been reserved
[    0.956849] system 00:07: [io  0x0454-0x0457] has been reserved
[    0.963222] system 00:0a: [mem 0xfed1c000-0xfed1ffff] has been reserved
[    0.969871] system 00:0a: [mem 0xfed10000-0xfed17fff] has been reserved
[    0.976518] system 00:0a: [mem 0xfed18000-0xfed18fff] has been reserved
[    0.983165] system 00:0a: [mem 0xfed19000-0xfed19fff] has been reserved
[    0.989813] system 00:0a: [mem 0xf8000000-0xfbffffff] has been reserved
[    0.996460] system 00:0a: [mem 0xfed20000-0xfed3ffff] has been reserved
[    1.003108] system 00:0a: [mem 0xfed90000-0xfed93fff] has been reserved
[    1.009756] system 00:0a: [mem 0xfed45000-0xfed8ffff] has been reserved
[    1.016403] system 00:0a: [mem 0xff000000-0xffffffff] could not be reserved
[    1.023399] system 00:0a: [mem 0xfee00000-0xfeefffff] has been reserved
[    1.030096] system 00:0b: [mem 0x20000000-0x201fffff] has been reserved
[    1.036745] system 00:0b: [mem 0x40000000-0x401fffff] has been reserved
[    1.043471] pnp: PnP ACPI: found 12 devices
[    1.047675] ACPI: ACPI bus type pnp unregistered
[    1.052316] PnPBIOS: Disabled by ACPI PNP
[    1.092308] pci 0000:00:1c.0: PCI bridge to [bus 01-01]
[    1.097576] pci 0000:00:1c.2: PCI bridge to [bus 02-02]
[    1.102830] pci 0000:00:1c.2:   bridge window [io  0x2000-0x2fff]
[    1.108959] pci 0000:00:1c.2:   bridge window [mem 0xe1000000-0xe19fffff]
[    1.115782] pci 0000:00:1c.2:   bridge window [mem 0xe0000000-0xe09fffff 64bit pref]
[    1.123570] pci 0000:00:1e.0: PCI bridge to [bus 03-03]
[    1.128895] NET: Registered protocol family 2
[    1.133306] IP route cache hash table entries: 32768 (order: 5, 131072 bytes)
[    1.140533] TCP established hash table entries: 131072 (order: 8, 1048576 bytes)
[    1.148125] TCP bind hash table entries: 65536 (order: 7, 524288 bytes)
[    1.154847] TCP: Hash tables configured (established 131072 bind 65536)
[    1.161496] TCP: reno registered
[    1.164741] UDP hash table entries: 512 (order: 2, 16384 bytes)
[    1.170692] UDP-Lite hash table entries: 512 (order: 2, 16384 bytes)
[    1.177113] NET: Registered protocol family 1
[    1.181803] Trying to unpack rootfs image as initramfs...
[    1.480100] Freeing initrd memory: 19280k freed
[    1.486562] Simple Boot Flag at 0xf3 set to 0x1
[    1.491493] audit: initializing netlink socket (disabled)
[    1.496934] type=2000 audit(1349090944.256:1): initialized
[    1.516893] highmem bounce pool size: 64 pages
[    1.521364] HugeTLB registered 2 MB page size, pre-allocated 0 pages
[    1.529041] VFS: Disk quotas dquot_6.5.2
[    1.533012] Dquot-cache hash table entries: 1024 (order 0, 4096 bytes)
[    1.539881] fuse init (API version 7.19)
[    1.543878] msgmni has been set to 1662
[    1.547996] Block layer SCSI generic (bsg) driver version 0.4 loaded (major 252)
[    1.555452] io scheduler noop registered
[    1.559397] io scheduler deadline registered
[    1.563693] io scheduler cfq registered (default)
[    1.568609] pci_hotplug: PCI Hot Plug PCI Core version: 0.5
[    1.574221] pciehp: PCI Express Hot Plug Controller Driver version: 0.4
[    1.580959] input: Power Button as /devices/LNXSYSTM:00/device:00/PNP0C0C:00/input/input0
[    1.589182] ACPI: Power Button [PWRB]
[    1.592886] input: Power Button as /devices/LNXSYSTM:00/LNXPWRBN:00/input/input1
[    1.600319] ACPI: Power Button [PWRF]
[    1.604059] ACPI: Requesting acpi_cpufreq
[    1.610871] GHES: HEST is not enabled!
[    1.614651] isapnp: Scanning for PnP cards...
[    1.972858] isapnp: No Plug & Play device found
[    1.977454] Serial: 8250/16550 driver, 32 ports, IRQ sharing enabled
[    2.004250] serial8250: ttyS0 at I/O 0x3f8 (irq = 4) is a 16550A
[    2.031469] 00:09: ttyS0 at I/O 0x3f8 (irq = 4) is a 16550A
[    2.057364] 0000:00:16.3: ttyS4 at I/O 0x30e0 (irq = 17) is a 16550A
[    2.063890] Linux agpgart interface v0.103
[    2.068056] agpgart-intel 0000:00:00.0: Intel Sandybridge Chipset
[    2.074208] agpgart-intel 0000:00:00.0: detected gtt size: 2097152K total, 262144K mappable
[    2.083229] agpgart-intel 0000:00:00.0: detected 65536K stolen memory
[    2.089804] agpgart-intel 0000:00:00.0: AGP aperture is 256M @ 0xd0000000
[    2.097519] brd: module loaded
[    2.101023] loop: module loaded
[    2.104340] ahci 0000:00:1f.2: AHCI 0001.0300 32 slots 6 ports 6 Gbps 0x3 impl SATA mode
[    2.112473] ahci 0000:00:1f.2: flags: 64bit ncq sntf pm led clo pio slum part ems apst
[    2.125968] scsi0 : ahci
[    2.128567] scsi1 : ahci
[    2.131158] scsi2 : ahci
[    2.133746] scsi3 : ahci
[    2.136328] scsi4 : ahci
[    2.138915] scsi5 : ahci
[    2.141485] ata1: SATA max UDMA/133 abar m2048@0xe1a40000 port 0xe1a40100 irq 40
[    2.148918] ata2: SATA max UDMA/133 abar m2048@0xe1a40000 port 0xe1a40180 irq 40
[    2.156350] ata3: DUMMY
[    2.158808] ata4: DUMMY
[    2.161264] ata5: DUMMY
[    2.163723] ata6: DUMMY
[    2.166401] Fixed MDIO Bus: probed
[    2.169831] tun: Universal TUN/TAP device driver, 1.6
[    2.174909] tun: (C) 1999-2004 Max Krasnyansky <maxk@qualcomm.com>
[    2.181154] PPP generic driver version 2.4.2
[    2.185512] ehci_hcd: USB 2.0 'Enhanced' Host Controller (EHCI) Driver
[    2.192098] ehci_hcd 0000:00:1a.0: EHCI Host Controller
[    2.197380] ehci_hcd 0000:00:1a.0: new USB bus registered, assigned bus number 1
[    2.204839] ehci_hcd 0000:00:1a.0: debug port 2
[    2.213290] ehci_hcd 0000:00:1a.0: irq 16, io mem 0xe1a70000
[    2.229633] ehci_hcd 0000:00:1a.0: USB 2.0 started, EHCI 1.00
[    2.235437] usb usb1: New USB device found, idVendor=1d6b, idProduct=0002
[    2.242260] usb usb1: New USB device strings: Mfr=3, Product=2, SerialNumber=1
[    2.249520] usb usb1: Product: EHCI Host Controller
[    2.254423] usb usb1: Manufacturer: Linux 3.5.4-opinsys ehci_hcd
[    2.260459] usb usb1: SerialNumber: 0000:00:1a.0
[    2.265194] hub 1-0:1.0: USB hub found
[    2.268963] hub 1-0:1.0: 3 ports detected
[    2.273051] ehci_hcd 0000:00:1d.0: EHCI Host Controller
[    2.278335] ehci_hcd 0000:00:1d.0: new USB bus registered, assigned bus number 2
[    2.285792] ehci_hcd 0000:00:1d.0: debug port 2
[    2.294235] ehci_hcd 0000:00:1d.0: irq 17, io mem 0xe1a50000
[    2.309616] ehci_hcd 0000:00:1d.0: USB 2.0 started, EHCI 1.00
[    2.315417] usb usb2: New USB device found, idVendor=1d6b, idProduct=0002
[    2.322239] usb usb2: New USB device strings: Mfr=3, Product=2, SerialNumber=1
[    2.329495] usb usb2: Product: EHCI Host Controller
[    2.334396] usb usb2: Manufacturer: Linux 3.5.4-opinsys ehci_hcd
[    2.340432] usb usb2: SerialNumber: 0000:00:1d.0
[    2.345156] hub 2-0:1.0: USB hub found
[    2.348926] hub 2-0:1.0: 3 ports detected
[    2.353005] ohci_hcd: USB 1.1 'Open' Host Controller (OHCI) Driver
[    2.359222] uhci_hcd: USB Universal Host Controller Interface driver
[    2.365636] usbcore: registered new interface driver libusual
[    2.371455] i8042: PNP: PS/2 Controller [PNP0f13:MOU] at 0x60,0x64 irq 12
[    2.378277] i8042: PNP: PS/2 controller doesn't have KBD irq; using default 1
[    2.388202] serio: i8042 KBD port at 0x60,0x64 irq 1
[    2.393191] serio: i8042 AUX port at 0x60,0x64 irq 12
[    2.398343] mousedev: PS/2 mouse device common for all mice
[    2.404041] rtc_cmos 00:06: RTC can wake from S4
[    2.408794] rtc_cmos 00:06: rtc core: registered rtc_cmos as rtc0
[    2.414952] rtc0: alarms up to one year, y3k, 242 bytes nvram, hpet irqs
[    2.421716] device-mapper: uevent: version 1.0.3
[    2.426798] device-mapper: ioctl: 4.22.0-ioctl (2011-10-19) initialised: dm-devel@redhat.com
[    2.435299] EISA: Probing bus 0 at eisa.0
[    2.439445] EISA: Cannot allocate resource for mainboard
[    2.444784] Cannot allocate resource for EISA slot 1
[    2.449776] Cannot allocate resource for EISA slot 2
[    2.455009] Cannot allocate resource for EISA slot 3
[    2.459999] Cannot allocate resource for EISA slot 4
[    2.464993] Cannot allocate resource for EISA slot 5
[    2.469987] Cannot allocate resource for EISA slot 6
[    2.474977] Cannot allocate resource for EISA slot 7
[    2.479966] Cannot allocate resource for EISA slot 8
[    2.484955] EISA: Detected 0 cards.
[    2.485602] ata1: SATA link up 3.0 Gbps (SStatus 123 SControl 300)
[    2.485627] ata2: SATA link up 1.5 Gbps (SStatus 113 SControl 300)
[    2.485816] ata1.00: ATA-8: KINGSTON SS050S232G, 110831, max UDMA/133
[    2.485817] ata1.00: 62533296 sectors, multi 16: LBA48 NCQ (depth 31/32), AA
[    2.486051] ata1.00: configured for UDMA/133
[    2.486136] scsi 0:0:0:0: Direct-Access     ATA      KINGSTON SS050S2 1108 PQ: 0 ANSI: 5
[    2.486233] sd 0:0:0:0: Attached scsi generic sg0 type 0
[    2.486235] sd 0:0:0:0: [sda] 62533296 512-byte logical blocks: (32.0 GB/29.8 GiB)
[    2.486277] sd 0:0:0:0: [sda] Write Protect is off
[    2.486303] sd 0:0:0:0: [sda] Write cache: enabled, read cache: enabled, doesn't support DPO or FUA
[    2.487096]  sda: sda1 sda2 < sda5 >
[    2.487376] sd 0:0:0:0: [sda] Attached SCSI disk
[    2.495326] ata2.00: ATAPI: TSSTcorp DVD+/-RW TS-L633J, D500, max UDMA/100
[    2.506030] ata2.00: configured for UDMA/100
[    2.506681] scsi 1:0:0:0: CD-ROM            TSSTcorp DVD+-RW TS-L633J D500 PQ: 0 ANSI: 5
[    2.508565] sr0: scsi3-mmc drive: 24x/24x writer dvd-ram cd/rw xa/form2 cdda tray
[    2.508566] cdrom: Uniform CD-ROM driver Revision: 3.20
[    2.508608] Refined TSC clocksource calibration: 3092.974 MHz.
[    2.508611] Switching to clocksource tsc
[    2.603770] cpufreq-nforce2: No nForce2 chipset.
[    2.603897] sr 1:0:0:0: Attached scsi generic sg1 type 5
[    2.613793] cpuidle: using governor ladder
[    2.617970] cpuidle: using governor menu
[    2.621908] EFI Variables Facility v0.08 2004-May-17
[    2.626950] TCP: cubic registered
[    2.630343] NET: Registered protocol family 10
[    2.634922] NET: Registered protocol family 17
[    2.639397] Key type dns_resolver registered
[    2.643738] Using IPI No-Shortcut mode
[    2.647559] registered taskstats version 1
[    2.653171] Key type trusted registered
[    2.657540] usb 1-1: new high-speed USB device number 2 using ehci_hcd
[    2.658404] Key type encrypted registered
[    2.659767]   Magic number: 0:191:478
[    2.659770] rtc rtc0: hash matches
[    2.675214] rtc_cmos 00:06: setting system clock to 2012-10-01 11:29:07 UTC (1349090947)
[    2.683892] BIOS EDD facility v0.16 2004-Jun-25, 0 devices found
[    2.689926] EDD information not available.
[    2.694321] Freeing unused kernel memory: 736k freed
[    2.699469] Write protecting the kernel text: 5792k
[    2.704455] Write protecting the kernel read-only data: 2248k
[    2.710225] NX-protecting the kernel data: 4448k
Loading, please wait...
[    2.726079] udevd[109]: starting version 175
Begin: Loading essential drivers ... done.
Begin: Running /scripts/init-premount ... done.
Begin: Mounting root file system ... Begin: Running /scripts/local-top ... done.
[    2.752497] e1000e: Intel(R) PRO/1000 Network Driver - 2.0.0-k
[    2.758409] e1000e: Copyright(c) 1999 - 2012 Intel Corporation.
[    2.764489] e1000e 0000:00:19.0: (unregistered net_device): Interrupt Throttling Rate (ints/sec) set to dynamic conservative mode
[    2.813948] usb 1-1: New USB device found, idVendor=8087, idProduct=0024
[    2.820697] usb 1-1: New USB device strings: Mfr=0, Product=0, SerialNumber=0
[    2.828177] hub 1-1:1.0: USB hub found
[    2.832015] hub 1-1:1.0: 6 ports detected
Begin: Running /scripts/local-premount ... done.
[    2.860893] EXT4-fs (sda1): INFO: recovery required on readonly filesystem
[    2.867818] EXT4-fs (sda1): write access will be enabled during recovery
[    2.945485] usb 2-1: new high-speed USB device number 2 using ehci_hcd
[    2.978879] e1000e 0000:00:19.0: eth0: (PCI Express:2.5GT/s:Width x1) 78:2b:cb:a5:c9:f0
[    2.986919] e1000e 0000:00:19.0: eth0: Intel(R) PRO/1000 Network Connection
[    2.993947] e1000e 0000:00:19.0: eth0: MAC: 10, PHY: 11, PBA No: E041FF-0FF
[    3.081824] usb 2-1: New USB device found, idVendor=8087, idProduct=0024
[    3.088576] usb 2-1: New USB device strings: Mfr=0, Product=0, SerialNumber=0
[    3.095999] hub 2-1:1.0: USB hub found
[    3.099818] hub 2-1:1.0: 8 ports detected
[    3.373553] usb 2-1.7: new low-speed USB device number 3 using ehci_hcd
[    3.470359] EXT4-fs (sda1): orphan cleanup on readonly fs
[    3.475903] EXT4-fs (sda1): 9 orphan inodes deleted
[    3.480809] EXT4-fs (sda1): recovery complete
[    3.500151] usb 2-1.7: New USB device found, idVendor=04d9, idProduct=1603
[    3.507068] usb 2-1.7: New USB device strings: Mfr=1, Product=2, SerialNumber=0
[    3.514425] usb 2-1.7: Product: USB Keyboard
[    3.518720] usb 2-1.7: Manufacturer:
[    3.529809] EXT4-fs (sda1): mounted filesystem with ordered data mode. Opts: (null)
Begin: Running /scripts/local-bottom ... done.
done.
Begin: Running /scripts/init-bottom ... [    3.551980] usbcore: registered new interface driver usbhid
[    3.557582] usbhid: USB HID core driver
[    3.593506] usb 2-1.8: new low-speed USB device number 4 using ehci_hcd
done.
[    3.693441] usb 2-1.8: New USB device found, idVendor=093a, idProduct=2510
[    3.700378] usb 2-1.8: New USB device strings: Mfr=1, Product=2, SerialNumber=0
[    3.707739] usb 2-1.8: Product: USB OPTICAL MOUSE
[    3.712472] usb 2-1.8: Manufacturer: PIXART
[    3.852742] init: ureadahead main process (257) terminated with status 5
fsck from util-linux 2.20.1
/dev/sda1: clean, 309994/1700608 files, 4896678/6798336 blocks
Skipping profile in /etc/apparmor.d/disable: usr.bin.firefox
Skipping profile in /etc/apparmor.d/disable: usr.sbin.rsyslogd
 * Starting AppArmor profiles       [80G [74G[ OK ]
speech-dispatcher disabled; edit /etc/default/speech-dispatcher
saned disabled; edit /etc/default/saned
 * Starting automatic crash report generation[74G[ OK ]
 * Starting CPU interrupts balancing daemon[74G[ OK ]
 * Starting LightDM Display Manager[74G[ OK ]
 * Starting mDNS/DNS-SD daemon[74G[ OK ]
 * Stopping save kernel messages[74G[ OK ]
 * Starting bluetooth daemon[74G[ OK ]
 * Starting network connection manager[74G[ OK ]
 * Starting crash report submission daemon[74G[ OK ]
[74G[ OK ]
[  182.520363] BUG: unable to handle kernel paging request at 00efe000
[  182.526733] IP: [<c11381d1>] __kmalloc+0xb1/0x1f0
[  182.531505] *pdpt = 000000002ed88001 *pde = 0000000000000000
[  182.537339] Oops: 0000 [#1] SMP
[  182.540628] Modules linked in: nls_utf8 isofs snd_hda_codec_hdmi snd_hda_codec_realtek bnep rfcomm bluetooth parport_pc ppdev snd_hda_intel snd_hda_codec snd_hwdep snd_pcm snd_seq_midi snd_rawmidi snd_seq_midi_event i915 snd_seq drm_kms_helper drm snd_timer snd_seq_device snd coretemp dcdbas hid_generic microcode soundcore i2c_algo_bit snd_page_alloc psmouse mac_hid serio_raw mei video lp parport usbhid hid e1000e
[  182.578242]
[  182.579752] Pid: 4482, comm: usboops Not tainted 3.5.4-opinsys #2 Dell Inc. OptiPlex 790/0D28YY
[  182.588589] EIP: 0060:[<c11381d1>] EFLAGS: 00210206 CPU: 0
[  182.594138] EIP is at __kmalloc+0xb1/0x1f0
[  182.598280] EAX: 00000000 EBX: 00efe000 ECX: 0001e0a7 EDX: 0001e0a6
[  182.604617] ESI: f3002200 EDI: 00efe000 EBP: eecffe80 ESP: eecffe4c
[  182.610951]  DS: 007b ES: 007b FS: 00d8 GS: 00e0 SS: 0068
[  182.616409] CR0: 8005003b CR2: 00efe000 CR3: 36bf5000 CR4: 000407f0
[  182.622744] DR0: 00000000 DR1: 00000000 DR2: 00000000 DR3: 00000000
[  182.629078] DR6: ffff0ff0 DR7: 00000400
[  182.632956] Process usboops (pid: 4482, ti=eecfe000 task=f18cb280 task.ti=eecfe000)
[  182.640695] Stack:
[  182.642729]  000220af c1421199 000000c0 00efe000 0001e0a6 00022001 c142b66a 000000d0
[  182.650666]  00000004 0001e0a7 f690f660 f19e4900 f3200a00 eecfff10 c142b66a 00000004
[  182.658606]  00000000 00000000 00000000 00000004 0009a45d eedeb0c0 eecffefc f690f670
[  182.666541] Call Trace:
[  182.669015]  [<c1421199>] ? usb_alloc_urb+0x19/0x40
[  182.673950]  [<c142b66a>] ? usbdev_do_ioctl+0x165a/0x1c10
[  182.679410]  [<c142b66a>] usbdev_do_ioctl+0x165a/0x1c10
[  182.684697]  [<c142bc20>] ? usbdev_do_ioctl+0x1c10/0x1c10
[  182.690166]  [<c142bc2d>] usbdev_ioctl+0xd/0x10
[  182.694749]  [<c1157aa2>] do_vfs_ioctl+0x82/0x5b0
[  182.699506]  [<c108ef6b>] ? ktime_get_ts+0xeb/0x120
[  182.704441]  [<c12bf8f0>] ? copy_to_user+0x40/0x60
[  182.709287]  [<c115869a>] ? poll_select_copy_remaining+0xca/0x110
[  182.717100]  [<c108f0f4>] ? getnstimeofday+0x54/0x120
[  182.723854]  [<c115803f>] sys_ioctl+0x6f/0x80
[  182.729890]  [<c104b5a2>] ? sys_gettimeofday+0x32/0x70
[  182.736743]  [<c15a619f>] sysenter_do_call+0x12/0x28
[  182.743394] Code: 01 00 00 8b 06 64 03 05 e4 7f 90 c1 8b 50 04 8b 18 85 db 89 5d d8 0f 84 28 01 00 00 8b 7d d8 8d 4a 01 8b 46 14 89 4d f0 89 55 dc <8b> 04 07 89 45 e0 89 c3 89 f8 8b 3e 64 0f c7 0f 0f 94 c0 84 c0
[  182.765014] EIP: [<c11381d1>] __kmalloc+0xb1/0x1f0 SS:ESP 0068:eecffe4c
[  182.772621] CR2: 0000000000efe000
[  182.786426] ---[ end trace 8c5bb233276a5431 ]---
[  203.600547] SysRq : Show backtrace of all active CPUs
[  203.605637] sending NMI to all CPUs:
[  203.609230] NMI backtrace for cpu 0
[  203.612732] Modules linked in: nls_utf8 isofs snd_hda_codec_hdmi snd_hda_codec_realtek bnep rfcomm bluetooth parport_pc ppdev snd_hda_intel snd_hda_codec snd_hwdep snd_pcm snd_seq_midi snd_rawmidi snd_seq_midi_event i915 snd_seq drm_kms_helper drm snd_timer snd_seq_device snd coretemp dcdbas hid_generic microcode soundcore i2c_algo_bit snd_page_alloc psmouse mac_hid serio_raw mei video lp parport usbhid hid e1000e
[  203.650045]
[  203.651543] Pid: 0, comm: swapper/0 Tainted: G      D      3.5.4-opinsys #2 Dell Inc. OptiPlex 790/0D28YY
[  203.661189] EIP: 0060:[<c12be121>] EFLAGS: 00000087 CPU: 0
[  203.666703] EIP is at delay_tsc+0x31/0x70
[  203.670731] EAX: f08931d8 EBX: 00000000 ECX: c17ed1a0 EDX: 00000045
[  203.677026] ESI: 00000000 EDI: 002ed0a0 EBP: f300bbcc ESP: f300bbbc
[  203.683321]  DS: 007b ES: 007b FS: 00d8 GS: 00e0 SS: 0068
[  203.688743] CR0: 8005003b CR2: 00efe000 CR3: 01917000 CR4: 000407f0
[  203.695038] DR0: 00000000 DR1: 00000000 DR2: 00000000 DR3: 00000000
[  203.701332] DR6: ffff0ff0 DR7: 00000400
[  203.705187] Process swapper/0 (pid: 0, ti=f300a000 task=c17e7220 task.ti=c17da000)
[  203.712789] Stack:
[  203.714808]  f0893193 00002710 c18234fc 00000082 f300bbd4 c12be08b f300bbe4 c102ed82
[  203.722675]  c1711dd7 0000006c f300bbec c1361d5d f300bc10 c1362065 c1710f9a c1774e68
[  203.730540]  00000001 0000000f f6ed9180 f6ed9180 00000001 f300bc2c c13621a6 00000026
[  203.738413] Call Trace:
[  203.740874]  [<c12be08b>] __const_udelay+0x1b/0x20
[  203.745690]  [<c102ed82>] arch_trigger_all_cpu_backtrace+0x62/0x80
[  203.751901]  [<c1361d5d>] sysrq_handle_showallcpus+0xd/0x10
[  203.757499]  [<c1362065>] __handle_sysrq+0xf5/0x150
[  203.762399]  [<c13621a6>] sysrq_filter+0x96/0x1a0
[  203.767127]  [<c1362110>] ? write_sysrq_trigger+0x50/0x50
[  203.772553]  [<c145a4c0>] input_pass_event+0x70/0xc0
[  203.777542]  [<c145ade7>] input_handle_event+0x77/0x4a0
[  203.782793]  [<c137b53d>] ? add_timer_randomness+0xcd/0xe0
[  203.788301]  [<c145b316>] input_event+0x66/0x80
[  203.792860]  [<f84636b8>] hidinput_hid_event+0x268/0x3e0 [hid]
[  203.798723]  [<f845c6bb>] ? hid_dump_input+0x7b/0x90 [hid]
[  203.804237]  [<f845e312>] hid_process_event+0xf2/0x120 [hid]
[  203.809926]  [<f845e832>] ? hid_report_raw_event+0x112/0x390 [hid]
[  203.816137]  [<f845e9fb>] hid_report_raw_event+0x2db/0x390 [hid]
[  203.822172]  [<c106dfa5>] ? __wake_up+0x45/0x60
[  203.826726]  [<f845ec80>] hid_input_report+0x1d0/0x290 [hid]
[  203.832417]  [<f8502a04>] hid_irq_in+0x1d4/0x220 [usbhid]
[  203.837841]  [<c141e970>] usb_hcd_giveback_urb+0x50/0xc0
[  203.843179]  [<c159f1ad>] ? _raw_spin_lock+0xd/0x10
[  203.848081]  [<c1435267>] ehci_urb_done+0x77/0xb0
[  203.852807]  [<c14356ec>] qh_completions+0x44c/0x5b0
[  203.857798]  [<c14372da>] ehci_work+0x3ba/0x9d0
[  203.862352]  [<c129c40d>] ? blk_complete_request+0x1d/0x30
[  203.867864]  [<c13e7449>] ? ata_scsi_qc_complete+0x59/0x3c0
[  203.873465]  [<c1437bee>] ehci_irq+0x29e/0x380
[  203.877930]  [<c13e1105>] ? ata_qc_complete_multiple+0x75/0xc0
[  203.883791]  [<c13f9099>] ? ahci_interrupt+0x199/0x640
[  203.888954]  [<c137becd>] ? add_interrupt_randomness+0x12d/0x150
[  203.894989]  [<c137becd>] ? add_interrupt_randomness+0x12d/0x150
[  203.901027]  [<c141e052>] usb_hcd_irq+0x32/0x50
[  203.905579]  [<c10c363c>] handle_irq_event_percpu+0x4c/0x200
[  203.911265]  [<c102f2b3>] ? io_apic_modify_irq.isra.13+0x43/0x60
[  203.917300]  [<c10c382b>] handle_irq_event+0x3b/0x60
[  203.922289]  [<c10c61b0>] ? unmask_irq+0x30/0x30
[  203.926930]  [<c10c61fe>] handle_fasteoi_irq+0x4e/0xd0
[  203.932091]  <IRQ>
[  203.934023]  [<c15a68d2>] ? do_IRQ+0x42/0xc0
[  203.938517]  [<c15a6730>] ? common_interrupt+0x30/0x38
[  203.943680]  [<c104007b>] ? disable_mmiotrace+0x6b/0x110
[  203.949017]  [<c130aa14>] ? intel_idle+0xc4/0x120
[  203.953743]  [<c1491ec5>] ? cpuidle_enter+0x15/0x20
[  203.958644]  [<c149245c>] ? cpuidle_idle_call+0x9c/0x260
[  203.963984]  [<c101912a>] ? cpu_idle+0xaa/0xe0
[  203.968451]  [<c1576c05>] ? rest_init+0x5d/0x68
[  203.973003]  [<c18569f8>] ? start_kernel+0x35d/0x363
[  203.977990]  [<c18564d6>] ? repair_env_string+0x51/0x51
[  203.983238]  [<c18562f8>] ? i386_start_kernel+0x9b/0xa2
[  203.988485] Code: 83 ec 04 66 66 66 66 90 64 8b 35 e8 7f 90 c1 89 c7 8d 76 00 0f ae e8 0f 31 66 66 66 90 89 45 f0 eb 0d f3 90 64 8b 1d e8 7f 90 c1 <39> de 75 1d 8d 76 00 0f ae e8 0f 31 66 66 66 90 89 c2 2b 55 f0
[  204.008165] NMI backtrace for cpu 2
[  204.011670] Modules linked in: nls_utf8 isofs snd_hda_codec_hdmi snd_hda_codec_realtek bnep rfcomm bluetooth parport_pc ppdev snd_hda_intel snd_hda_codec snd_hwdep snd_pcm snd_seq_midi snd_rawmidi snd_seq_midi_event i915 snd_seq drm_kms_helper drm snd_timer snd_seq_device snd coretemp dcdbas hid_generic microcode soundcore i2c_algo_bit snd_page_alloc psmouse mac_hid serio_raw mei video lp parport usbhid hid e1000e
[  204.048987]
[  204.050485] Pid: 0, comm: swapper/2 Tainted: G      D      3.5.4-opinsys #2 Dell Inc. OptiPlex 790/0D28YY
[  204.060130] EIP: 0060:[<c130a9e8>] EFLAGS: 00000046 CPU: 2
[  204.065640] EIP is at intel_idle+0x98/0x120
[  204.069842] EAX: 00000020 EBX: 00000020 ECX: 00000001 EDX: 00000000
[  204.076137] ESI: 6d6c3c49 EDI: 12b8ef40 EBP: f30b9f40 ESP: f30b9f1c
[  204.082430]  DS: 007b ES: 007b FS: 00d8 GS: 00e0 SS: 0068
[  204.087854] CR0: 8005003b CR2: b7702000 CR3: 01917000 CR4: 000407f0
[  204.094147] DR0: 00000000 DR1: 00000000 DR2: 00000000 DR3: 00000000
[  204.100441] DR6: ffff0ff0 DR7: 00000400
[  204.104295] Process swapper/2 (pid: 0, ti=f30b8000 task=f307e500 task.ti=f30b8000)
[  204.111897] Stack:
[  204.113914]  f7ba115c 00000001 fffffffc 00000003 00000008 00000002 c181e920 000000e4
[  204.121787]  f7ba115c f30b9f50 c1491ec5 fffffff0 00000000 f30b9f7c c149245c ffffa194
[  204.129656]  f30b9f7c c181e920 00000002 f7ba115c 00000003 c18524ec 00000000 00000000
[  204.137532] Call Trace:
[  204.139990]  [<c1491ec5>] cpuidle_enter+0x15/0x20
[  204.144715]  [<c149245c>] cpuidle_idle_call+0x9c/0x260
[  204.149878]  [<c101912a>] cpu_idle+0xaa/0xe0
[  204.154170]  [<c158f097>] start_secondary+0x1e5/0x1eb
[  204.159242] Code: 50 08 83 e2 08 75 24 31 d2 83 c0 08 89 d1 0f 01 c8 0f ae f0 66 90 89 e0 25 00 e0 ff ff 8b 40 08 a8 08 75 07 b1 01 89 d8 0f 01 c9 <e8> d3 47 d8 ff bb 40 42 0f 00 29 f0 19 fa e8 a5 0a d4 ff 89 d1
[  204.178978] NMI backtrace for cpu 3
[  204.182484] Modules linked in: nls_utf8 isofs snd_hda_codec_hdmi snd_hda_codec_realtek bnep rfcomm bluetooth parport_pc ppdev snd_hda_intel snd_hda_codec snd_hwdep snd_pcm snd_seq_midi snd_rawmidi snd_seq_midi_event i915 snd_seq drm_kms_helper drm snd_timer snd_seq_device snd coretemp dcdbas hid_generic microcode soundcore i2c_algo_bit snd_page_alloc psmouse mac_hid serio_raw mei video lp parport usbhid hid e1000e
[  204.219792]
[  204.221290] Pid: 0, comm: swapper/3 Tainted: G      D      3.5.4-opinsys #2 Dell Inc. OptiPlex 790/0D28YY
[  204.230936] EIP: 0060:[<c130a9e8>] EFLAGS: 00000046 CPU: 3
[  204.236450] EIP is at intel_idle+0x98/0x120
[  204.240652] EAX: 00000020 EBX: 00000020 ECX: 00000001 EDX: 00000000
[  204.246946] ESI: 68cc1910 EDI: 12b8ef40 EBP: f30bbf40 ESP: f30bbf1c
[  204.253242]  DS: 007b ES: 007b FS: 00d8 GS: 00e0 SS: 0068
[  204.258666] CR0: 8005003b CR2: b76ff070 CR3: 01917000 CR4: 000407f0
[  204.264961] DR0: 00000000 DR1: 00000000 DR2: 00000000 DR3: 00000000
[  204.271256] DR6: ffff0ff0 DR7: 00000400
[  204.275110] Process swapper/3 (pid: 0, ti=f30ba000 task=f307f1a0 task.ti=f30ba000)
[  204.282712] Stack:
[  204.284732]  f7baf15c 00000001 fffffffc 00000003 00000008 00000003 c181e920 000000e4
[  204.292605]  f7baf15c f30bbf50 c1491ec5 fffffff0 00000000 f30bbf7c c149245c ffffa180
[  204.300475]  f30bbf7c c181e920 00000003 f7baf15c 00000003 c18524ec 00000000 00000000
[  204.308348] Call Trace:
[  204.310808]  [<c1491ec5>] cpuidle_enter+0x15/0x20
[  204.315537]  [<c149245c>] cpuidle_idle_call+0x9c/0x260
[  204.320702]  [<c101912a>] cpu_idle+0xaa/0xe0
[  204.324993]  [<c158f097>] start_secondary+0x1e5/0x1eb
[  204.330067] Code: 50 08 83 e2 08 75 24 31 d2 83 c0 08 89 d1 0f 01 c8 0f ae f0 66 90 89 e0 25 00 e0 ff ff 8b 40 08 a8 08 75 07 b1 01 89 d8 0f 01 c9 <e8> d3 47 d8 ff bb 40 42 0f 00 29 f0 19 fa e8 a5 0a d4 ff 89 d1
[  204.349771] NMI backtrace for cpu 1
[  204.353274] Modules linked in: nls_utf8 isofs snd_hda_codec_hdmi snd_hda_codec_realtek bnep rfcomm bluetooth parport_pc ppdev snd_hda_intel snd_hda_codec snd_hwdep snd_pcm snd_seq_midi snd_rawmidi snd_seq_midi_event i915 snd_seq drm_kms_helper drm snd_timer snd_seq_device snd coretemp dcdbas hid_generic microcode soundcore i2c_algo_bit snd_page_alloc psmouse mac_hid serio_raw mei video lp parport usbhid hid e1000e
[  204.390574]
[  204.392069] Pid: 0, comm: swapper/1 Tainted: G      D      3.5.4-opinsys #2 Dell Inc. OptiPlex 790/0D28YY
[  204.401713] EIP: 0060:[<c130a9e8>] EFLAGS: 00000046 CPU: 1
[  204.407223] EIP is at intel_idle+0x98/0x120
[  204.411422] EAX: 00000020 EBX: 00000020 ECX: 00000001 EDX: 00000000
[  204.417715] ESI: 6ac5029d EDI: 12b8ef40 EBP: f30b7f40 ESP: f30b7f1c
[  204.424009]  DS: 007b ES: 007b FS: 00d8 GS: 00e0 SS: 0068
[  204.429431] CR0: 8005003b CR2: 080cd8a0 CR3: 01917000 CR4: 000407f0
[  204.435723] DR0: 00000000 DR1: 00000000 DR2: 00000000 DR3: 00000000
[  204.442016] DR6: ffff0ff0 DR7: 00000400
[  204.445867] Process swapper/1 (pid: 0, ti=f30b6000 task=f307d860 task.ti=f30b6000)
[  204.453467] Stack:
[  204.455485]  f7b9315c 00000001 fffffffc 00000003 00000008 00000001 c181e920 000000e4
[  204.463347]  f7b9315c f30b7f50 c1491ec5 fffffff0 00000000 f30b7f7c c149245c ffffa189
[  204.471217]  f30b7f7c c181e920 00000001 f7b9315c 00000003 c18524ec 00000000 00000000
[  204.479078] Call Trace:
[  204.481537]  [<c1491ec5>] cpuidle_enter+0x15/0x20
[  204.486263]  [<c149245c>] cpuidle_idle_call+0x9c/0x260
[  204.491425]  [<c101912a>] cpu_idle+0xaa/0xe0
[  204.495713]  [<c158f097>] start_secondary+0x1e5/0x1eb
[  204.500787] Code: 50 08 83 e2 08 75 24 31 d2 83 c0 08 89 d1 0f 01 c8 0f ae f0 66 90 89 e0 25 00 e0 ff ff 8b 40 08 a8 08 75 07 b1 01 89 d8 0f 01 c9 <e8> d3 47 d8 ff bb 40 42 0f 00 29 f0 19 fa e8 a5 0a d4 ff 89 d1
[  207.591637] SysRq : Show Memory
[  207.594806] Mem-Info:
[  207.597089] DMA per-cpu:
[  207.599634] CPU    0: hi:    0, btch:   1 usd:   0
[  207.604442] CPU    1: hi:    0, btch:   1 usd:   0
[  207.609252] CPU    2: hi:    0, btch:   1 usd:   0
[  207.614062] CPU    3: hi:    0, btch:   1 usd:   0
[  207.618872] Normal per-cpu:
[  207.621676] CPU    0: hi:  186, btch:  31 usd: 175
[  207.626485] CPU    1: hi:  186, btch:  31 usd:  27
[  207.631295] CPU    2: hi:  186, btch:  31 usd:  49
[  207.636105] CPU    3: hi:  186, btch:  31 usd:  40
[  207.640917] HighMem per-cpu:
[  207.643808] CPU    0: hi:  186, btch:  31 usd: 185
[  207.648618] CPU    1: hi:  186, btch:  31 usd:  45
[  207.653428] CPU    2: hi:  186, btch:  31 usd:  78
[  207.658238] CPU    3: hi:  186, btch:  31 usd:  38
[  207.663051] active_anon:40271 inactive_anon:23896 isolated_anon:0
[  207.663051]  active_file:25277 inactive_file:66692 isolated_file:0
[  207.663051]  unevictable:0 dirty:635 writeback:0 unstable:0
[  207.663051]  free:832885 slab_reclaimable:4361 slab_unreclaimable:3504
[  207.663051]  mapped:22260 shmem:24149 pagetables:1350 bounce:0
[  207.693340] DMA free:15880kB min:784kB low:980kB high:1176kB active_anon:0kB inactive_anon:0kB active_file:0kB inactive_file:0kB unevictable:0kB isolated(anon):0kB isolated(file):0kB present:15784kB mlocked:0kB dirty:0kB writeback:0kB mapped:0kB shmem:0kB slab_reclaimable:0kB slab_unreclaimable:16kB kernel_stack:0kB pagetables:0kB unstable:0kB bounce:0kB writeback_tmp:0kB pages_scanned:0 all_unreclaimable? no
[  207.729724] lowmem_reserve[]: 0 867 3923 3923
[  207.734160] Normal free:745704kB min:44112kB low:55140kB high:66168kB active_anon:0kB inactive_anon:0kB active_file:21632kB inactive_file:22040kB unevictable:0kB isolated(anon):0kB isolated(file):0kB present:887960kB mlocked:0kB dirty:0kB writeback:0kB mapped:4kB shmem:0kB slab_reclaimable:17444kB slab_unreclaimable:14000kB kernel_stack:2616kB pagetables:0kB unstable:0kB bounce:0kB writeback_tmp:0kB pages_scanned:0 all_unreclaimable? no
[  207.772986] lowmem_reserve[]: 0 0 24453 24453
[  207.777419] HighMem free:2569956kB min:512kB low:39388kB high:78264kB active_anon:161084kB inactive_anon:95584kB active_file:79476kB inactive_file:244728kB unevictable:0kB isolated(anon):0kB isolated(file):0kB present:3130036kB mlocked:0kB dirty:2540kB writeback:0kB mapped:89036kB shmem:96596kB slab_reclaimable:0kB slab_unreclaimable:0kB kernel_stack:0kB pagetables:5400kB unstable:0kB bounce:0kB writeback_tmp:0kB pages_scanned:0 all_unreclaimable? no
[  207.817467] lowmem_reserve[]: 0 0 0 0
[  207.821197] DMA: 0*4kB 1*8kB 2*16kB 1*32kB 3*64kB 2*128kB 2*256kB 1*512kB 2*1024kB 2*2048kB 2*4096kB = 15880kB
[  207.831371] Normal: 2*4kB 30*8kB 3*16kB 2*32kB 4*64kB 1*128kB 4*256kB 9*512kB 4*1024kB 7*2048kB 176*4096kB = 745704kB
[  207.842156] HighMem: 87*4kB 73*8kB 30*16kB 7*32kB 10*64kB 12*128kB 8*256kB 6*512kB 5*1024kB 2*2048kB 623*4096kB = 2569956kB
[  207.853466] 116124 total pagecache pages
[  207.857404] 0 pages in swap cache
[  207.860731] Swap cache stats: add 0, delete 0, find 0/0
[  207.865976] Free swap  = 4070396kB
[  207.869391] Total swap = 4070396kB
[  207.882890] 1236976 pages RAM
[  207.885872] 1008642 pages HighMem
[  207.889197] 233651 pages reserved
[  207.892523] 141542 pages shared
[  207.895677] 106173 pages non-shared
[  210.742922] SysRq : Show Regs
[  210.745917] Modules linked in: nls_utf8 isofs snd_hda_codec_hdmi snd_hda_codec_realtek bnep rfcomm bluetooth parport_pc ppdev snd_hda_intel snd_hda_codec snd_hwdep snd_pcm snd_seq_midi snd_rawmidi snd_seq_midi_event i915 snd_seq drm_kms_helper drm snd_timer snd_seq_device snd coretemp dcdbas hid_generic microcode soundcore i2c_algo_bit snd_page_alloc psmouse mac_hid serio_raw mei video lp parport usbhid hid e1000e
[  210.783203]
[  210.784702] Pid: 0, comm: swapper/0 Tainted: G      D      3.5.4-opinsys #2 Dell Inc. OptiPlex 790/0D28YY
[  210.794342] EIP: 0060:[<c130aa14>] EFLAGS: 00000246 CPU: 0
[  210.799855] EIP is at intel_idle+0xc4/0x120
[  210.804055] EAX: 00000000 EBX: 00000000 ECX: 0000ad44 EDX: 00000000
[  210.810348] ESI: 1495c3ff EDI: 12b8ef42 EBP: c17dbf5c ESP: c17dbf38
[  210.816641]  DS: 007b ES: 007b FS: 00d8 GS: 00e0 SS: 0068
[  210.822063] CR0: 8005003b CR2: 00efe000 CR3: 01917000 CR4: 000407f0
[  210.828357] DR0: 00000000 DR1: 00000000 DR2: 00000000 DR3: 00000000
[  210.834650] DR6: ffff0ff0 DR7: 00000400
[  210.838500] Process swapper/0 (pid: 0, ti=f300a000 task=c17e7220 task.ti=c17da000)
[  210.846099] Stack:
[  210.848118]  f7b8515c 0000ad44 00000000 00000003 00000008 00000000 c181e920 000000e4
[  210.855986]  f7b8515c c17dbf6c c1491ec5 fffffff0 36d1c000 c17dbf98 c149245c ffffa883
[  210.863855]  c17dbf98 c181e920 00000000 f7b8515c 00000003 c18524ec 36d1c000 c17de800
[  210.871717] Call Trace:
[  210.874178]  [<c1491ec5>] cpuidle_enter+0x15/0x20
[  210.878902]  [<c149245c>] cpuidle_idle_call+0x9c/0x260
[  210.884065]  [<c101912a>] cpu_idle+0xaa/0xe0
[  210.888356]  [<c1576c05>] rest_init+0x5d/0x68
[  210.892733]  [<c18569f8>] start_kernel+0x35d/0x363
[  210.897545]  [<c18564d6>] ? repair_env_string+0x51/0x51
[  210.902794]  [<c18562f8>] i386_start_kernel+0x9b/0xa2
[  210.907864] Code: d3 47 d8 ff bb 40 42 0f 00 29 f0 19 fa e8 a5 0a d4 ff 89 d1 f7 eb 89 cb c1 fb 1f 89 45 e0 01 4d e0 89 55 e4 11 5d e4 fb 66 66 90 <66> 90 8b 55 ec 85 15 94 eb 81 c1 75 0d 8d 55 f0 b8 05 00 00 00
[  210.927571]
[  210.929068] CPU#0: ctrl:       000000070000000f
[  210.933618] CPU#0: status:     0000000000000000
[  210.938168] CPU#0: overflow:   0000000000000000
[  210.942715] CPU#0: fixed:      00000000000000b0
[  210.947263] CPU#0: pebs:       0000000000000000
[  210.951812] CPU#0: active:     0000000200000000
[  210.956360] CPU#0:   gen-PMC0 ctrl:  0000000000000000
[  210.961432] CPU#0:   gen-PMC0 count: 000000000000abcd
[  210.966504] CPU#0:   gen-PMC0 left:  0000000000000000
[  210.971575] CPU#0:   gen-PMC1 ctrl:  0000000000000000
[  210.976647] CPU#0:   gen-PMC1 count: 0000000000000000
[  210.981719] CPU#0:   gen-PMC1 left:  0000000000000000
[  210.986792] CPU#0:   gen-PMC2 ctrl:  0000000000000000
[  210.991864] CPU#0:   gen-PMC2 count: 0000000000000000
[  210.996937] CPU#0:   gen-PMC2 left:  0000000000000000
[  211.002009] CPU#0:   gen-PMC3 ctrl:  0000000000000000
[  211.007082] CPU#0:   gen-PMC3 count: 0000000000000000
[  211.012156] CPU#0:   gen-PMC3 left:  0000000000000000
[  211.017227] CPU#0: fixed-PMC0 count: 0000000000000000
[  211.022299] CPU#0: fixed-PMC1 count: 0000ffffe7a63217
[  211.027369] CPU#0: fixed-PMC2 count: 0000000000000000
[  214.062168] SysRq : Emergency Sync
[  214.066192] Emergency Sync complete
[  216.621586] SysRq : Emergency Remount R/O
[  216.681540] EXT4-fs (sda1): re-mounted. Opts: (null)
[  216.694951] Emergency Remount complete
[  230.857129] hub 2-1:1.0: state 7 ports 8 chg 0000 evt 0100
[  230.862945] hub 2-1:1.0: port 8, status 0100, change 0001, 12 Mb/s
[  230.869169] usb 2-1.8: USB disconnect, device number 5
[  235.617737] BUG: unable to handle kernel paging request at 00efe000
[  235.625900] IP: [<c1137e13>] kmem_cache_alloc_trace+0x53/0x140
[  235.633626] *pdpt = 000000002f7cc001 *pde = 0000000000000000
[  235.641288] Oops: 0000 [#2] SMP
[  235.646420] Modules linked in: nls_utf8 isofs snd_hda_codec_hdmi snd_hda_codec_realtek bnep rfcomm bluetooth parport_pc ppdev snd_hda_intel snd_hda_codec snd_hwdep snd_pcm snd_seq_midi snd_rawmidi snd_seq_midi_event i915 snd_seq drm_kms_helper drm snd_timer snd_seq_device snd coretemp dcdbas hid_generic microcode soundcore i2c_algo_bit snd_page_alloc psmouse mac_hid serio_raw mei video lp parport usbhid hid e1000e
[  235.691834]
[  235.695336] Pid: 4511, comm: deja-dup-monito Tainted: G      D      3.5.4-opinsys #2 Dell Inc. OptiPlex 790/0D28YY
[  235.707861] EIP: 0060:[<c1137e13>] EFLAGS: 00210206 CPU: 0
[  235.715427] EIP is at kmem_cache_alloc_trace+0x53/0x140
[  235.722698] EAX: 00000000 EBX: 00efe000 ECX: 0001e8d5 EDX: 0001e8d4
[  235.730969] ESI: f3002200 EDI: 00efe000 EBP: f69d9e54 ESP: f69d9e20
[  235.739192]  DS: 007b ES: 007b FS: 00d8 GS: 00e0 SS: 0068
[  235.746550] CR0: 8005003b CR2: 00efe000 CR3: 2ecd3000 CR4: 000407f0
[  235.754773] DR0: 00000000 DR1: 00000000 DR2: 00000000 DR3: 00000000
[  235.762976] DR6: ffff0ff0 DR7: 00000400
[  235.768717] Process deja-dup-monito (pid: 4511, ti=f69d8000 task=efa1f1a0 task.ti=f69d8000)
[  235.779063] Stack:
[  235.783028]  f4de2ec0 00000000 ef492a80 00efe000 0001e8d4 c1137d91 00000002 c127ec13
[  235.792878]  000080d0 0001e8d5 ef4929c0 00000000 ef7bb200 f69d9e60 c127ec13 ef4929c0
[  235.802736]  f69d9e68 c124c4c4 f69d9e90 c114921e 00000020 f4de2ec0 ef3a00b0 000015a0
[  235.812606] Call Trace:
[  235.817040]  [<c1137d91>] ? kmem_cache_alloc+0x111/0x140
[  235.824344]  [<c127ec13>] ? apparmor_file_alloc_security+0x23/0x50
[  235.832514]  [<c127ec13>] apparmor_file_alloc_security+0x23/0x50
[  235.840487]  [<c124c4c4>] security_file_alloc+0x14/0x20
[  235.847656]  [<c114921e>] get_empty_filp+0x8e/0x1c0
[  235.854458]  [<c1155604>] path_openat+0x24/0x380
[  235.860983]  [<c10fdce0>] ? __lock_page_or_retry+0xb0/0xb0
[  235.868380]  [<c111d914>] ? handle_pte_fault+0x94/0xb10
[  235.875518]  [<c11517eb>] ? putname+0x2b/0x40
[  235.881779]  [<c1155a71>] do_filp_open+0x31/0x80
[  235.888301]  [<c111f072>] ? handle_mm_fault+0x1e2/0x280
[  235.895431]  [<c1137cf7>] ? kmem_cache_alloc+0x77/0x140
[  235.902575]  [<c11516fa>] ? getname_flags+0x2a/0xd0
[  235.909366]  [<c1160c33>] ? alloc_fd+0xa3/0xe0
[  235.915721]  [<c1147520>] do_sys_open+0xf0/0x1d0
[  235.922238]  [<c10ca24c>] ? call_rcu_sched+0x1c/0x20
[  235.929099]  [<c106b064>] ? __put_cred+0x34/0x40
[  235.935609]  [<c1147632>] sys_open+0x32/0x40
[  235.941758]  [<c159f584>] syscall_call+0x7/0xb
[  235.948072] Code: 00 00 00 8b 06 64 03 05 e4 7f 90 c1 8b 50 04 8b 18 85 db 89 5d d8 0f 84 e1 00 00 00 8b 7d d8 8d 4a 01 8b 46 14 89 4d f0 89 55 dc <8b> 04 07 89 45 e0 89 c3 89 f8 8b 3e 64 0f c7 0f 0f 94 c0 84 c0
[  235.971671] EIP: [<c1137e13>] kmem_cache_alloc_trace+0x53/0x140 SS:ESP 0068:f69d9e20
[  235.981362] CR2: 0000000000efe000
[  235.986673] ---[ end trace 8c5bb233276a5432 ]---
[  255.904821] BUG: unable to handle kernel paging request at 00efe000
[  255.913036] IP: [<c1137e13>] kmem_cache_alloc_trace+0x53/0x140
[  255.920794] *pdpt = 0000000032704001 *pde = 0000000000000000
[  255.928463] Oops: 0000 [#3] SMP
[  255.933592] Modules linked in: nls_utf8 isofs snd_hda_codec_hdmi snd_hda_codec_realtek bnep rfcomm bluetooth parport_pc ppdev snd_hda_intel snd_hda_codec snd_hwdep snd_pcm snd_seq_midi snd_rawmidi snd_seq_midi_event i915 snd_seq drm_kms_helper drm snd_timer snd_seq_device snd coretemp dcdbas hid_generic microcode soundcore i2c_algo_bit snd_page_alloc psmouse mac_hid serio_raw mei video lp parport usbhid hid e1000e
[  255.978633]
[  255.981993] Pid: 943, comm: Xorg Tainted: G      D      3.5.4-opinsys #2 Dell Inc. OptiPlex 790/0D28YY
[  255.993294] EIP: 0060:[<c1137e13>] EFLAGS: 00013206 CPU: 0
[  256.000673] EIP is at kmem_cache_alloc_trace+0x53/0x140
[  256.007840] EAX: 00000000 EBX: 00efe000 ECX: 0001e8f9 EDX: 0001e8f8
[  256.016008] ESI: f3002200 EDI: 00efe000 EBP: f2113d34 ESP: f2113d00
[  256.024184]  DS: 007b ES: 007b FS: 00d8 GS: 00e0 SS: 0068
[  256.031476] CR0: 80050033 CR2: 00efe000 CR3: 327ee000 CR4: 000407f0
[  256.039646] DR0: 00000000 DR1: 00000000 DR2: 00000000 DR3: 00000000
[  256.047819] DR6: ffff0ff0 DR7: 00000400
[  256.053531] Process Xorg (pid: 943, ti=f2112000 task=f24f25e0 task.ti=f2112000)
[  256.062754] Stack:
[  256.066611]  f24bcfbc f2113d3c ef492000 00efe000 0001e8f8 c1137d91 00000002 c127ec13
[  256.076368]  000080d0 0001e8f9 ef4920c0 00000000 f31ef280 f2113d40 c127ec13 ef4920c0
[  256.086131]  f2113d48 c124c4c4 f2113d70 c114921e 00000020 f2113d5c c159f1ad 000015c0
[  256.095920] Call Trace:
[  256.100226]  [<c1137d91>] ? kmem_cache_alloc+0x111/0x140
[  256.107428]  [<c127ec13>] ? apparmor_file_alloc_security+0x23/0x50
[  256.115501]  [<c127ec13>] apparmor_file_alloc_security+0x23/0x50
[  256.123404]  [<c124c4c4>] security_file_alloc+0x14/0x20
[  256.130517]  [<c114921e>] get_empty_filp+0x8e/0x1c0
[  256.137279]  [<c159f1ad>] ? _raw_spin_lock+0xd/0x10
[  256.144033]  [<c115ae64>] ? __d_instantiate+0xa4/0xe0
[  256.150961]  [<c1149370>] alloc_file+0x20/0xb0
[  256.157272]  [<c110f330>] shmem_file_setup+0xe0/0x1c0
[  256.164197]  [<c159f3dd>] ? _raw_spin_lock_irqsave+0x2d/0x40
[  256.171751]  [<f890f4a1>] drm_gem_object_init+0x31/0x60 [drm]
[  256.179399]  [<f91b893b>] i915_gem_alloc_object+0x4b/0x160 [i915]
[  256.187411]  [<f91b8a92>] i915_gem_create+0x42/0x110 [i915]
[  256.194892]  [<f91b8b92>] i915_gem_create_ioctl+0x32/0x40 [i915]
[  256.202814]  [<f890dee8>] drm_ioctl+0x408/0x470 [drm]
[  256.209784]  [<f91b8b60>] ? i915_gem_create+0x110/0x110 [i915]
[  256.217546]  [<c11479b4>] ? do_sync_read+0xb4/0xf0
[  256.224261]  [<c1068c83>] ? __hrtimer_start_range_ns+0x163/0x450
[  256.232220]  [<f890dae0>] ? drm_copy_field+0x80/0x80 [drm]
[  256.239656]  [<c1157aa2>] do_vfs_ioctl+0x82/0x5b0
[  256.246252]  [<c108ef6b>] ? ktime_get_ts+0xeb/0x120
[  256.252956]  [<c115803f>] sys_ioctl+0x6f/0x80
[  256.259104]  [<c15a619f>] sysenter_do_call+0x12/0x28
[  256.265839] Code: 00 00 00 8b 06 64 03 05 e4 7f 90 c1 8b 50 04 8b 18 85 db 89 5d d8 0f 84 e1 00 00 00 8b 7d d8 8d 4a 01 8b 46 14 89 4d f0 89 55 dc <8b> 04 07 89 45 e0 89 c3 89 f8 8b 3e 64 0f c7 0f 0f 94 c0 84 c0
[  256.289307] EIP: [<c1137e13>] kmem_cache_alloc_trace+0x53/0x140 SS:ESP 0068:f2113d00
[  256.298975] CR2: 0000000000efe000
[  256.304284] ---[ end trace 8c5bb233276a5433 ]---
[  256.322769] BUG: unable to handle kernel [  256.324746] init: Failed to write to log file /var/log/upstart/lightdm.log
paging request at 00efe000
[  256.338804] IP:[  256.339947] audit_printk_skb: 48 callbacks suppressed
[  256.339949] type=1400 audit(1349091201.116:27): apparmor="DENIED" operation="capable" parent=1 profile="/usr/sbin/cupsd" pid=930 comm="cupsd" pid=930 comm="cupsd" capability=36  capname="block_suspend"
[  256.350467] [drm:drm_release] *ERROR* Device busy: 1
 [<c1137e13>] kmem_cache_alloc_trace+0x53/0x140
[  256.377866] *pdpt = 0000000032404001 *pde = 0000000000000000
[  256.384713] Oops: 0000 [#4] SMP
[  256.388958] Modules linked in: nls_utf8 isofs snd_hda_codec_hdmi snd_hda_codec_realtek bnep rfcomm bluetooth parport_pc ppdev snd_hda_intel snd_hda_codec snd_hwdep snd_pcm snd_seq_midi snd_rawmidi snd_seq_midi_event i915 snd_seq drm_kms_helper drm snd_timer snd_seq_device snd coretemp dcdbas hid_generic microcode soundcore i2c_algo_bit snd_page_alloc psmouse mac_hid serio_raw mei video lp parport usbhid hid e1000e
[  256.430614]
[  256.433166] Pid: 4177, comm: gdbus Tainted: G      D      3.5.4-opinsys #2 Dell Inc. OptiPlex 790/0D28YY
[  256.444130] EIP: 0060:[<c1137e13>] EFLAGS: 00210206 CPU: 0
[  256.450735] EIP is at kmem_cache_alloc_trace+0x53/0x140
[  256.457058] EAX: 00000000 EBX: 00efe000 ECX: 0001e903 EDX: 0001e902
[  256.464426] ESI: f3002200 EDI: 00efe000 EBP: eedbbefc ESP: eedbbec8
[  256.471790]  DS: 007b ES: 007b FS: 00d8 GS: 00e0 SS: 0068
[  256.478262] CR0: 80050033 CR2: 00efe000 CR3: 319b4000 CR4: 000407f0
[  256.485789] DR0: 00000000 DR1: 00000000 DR2: 00000000 DR3: 00000000
[  256.493279] DR6: ffff0ff0 DR7: 00000400
[  256.498377] Process gdbus (pid: 4177, ti=eedba000 task=ef395860 task.ti=eedba000)
[  256.507085] Stack:
[  256.510188]  00000001 00000000 f1894840 00efe000 0001e902 c1137d91 00000002 c127ec13
[  256.519145]  000080d0 0001e903 f1894d80 00000000 f2139e00 eedbbf08 c127ec13 f1894d80
[  256.528101]  eedbbf10 c124c4c4 eedbbf38 c114921e 00000020 eedbbf24 c159f1ad 000014e0
[  256.537067] Call Trace:
[  256.540622]  [<c1137d91>] ? kmem_cache_alloc+0x111/0x140
[  256.547060]  [<c127ec13>] ? apparmor_file_alloc_security+0x23/0x50
[  256.554374]  [<c127ec13>] apparmor_file_alloc_security+0x23/0x50
[  256.561510]  [<c124c4c4>] security_file_alloc+0x14/0x20
[  256.567858]  [<c114921e>] get_empty_filp+0x8e/0x1c0
[  256.573862]  [<c159f1ad>] ? _raw_spin_lock+0xd/0x10
[  256.579859]  [<c115ae64>] ? __d_instantiate+0xa4/0xe0
[  256.586028]  [<c1149370>] alloc_file+0x20/0xb0
[  256.591579]  [<c1184ead>] anon_inode_getfile+0xad/0x130
[  256.597919]  [<c11868ca>] eventfd_file_create+0x8a/0xc0
[  256.604253]  [<c1186933>] sys_eventfd2+0x33/0x60
[  256.609975]  [<c15a619f>] sysenter_do_call+0x12/0x28
[  256.616046] Code: 00 00 00 8b 06 64 03 05 e4 7f 90 c1 8b 50 04 8b 18 85 db 89 5d d8 0f 84 e1 00 00 00 8b 7d d8 8d 4a 01 8b 46 14 89 4d f0 89 55 dc <8b> 04 07 89 45 e0 89 c3 89 f8 8b 3e 64 0f c7 0f 0f 94 c0 84 c0
[  256.637994] EIP: [<c1137e13>] kmem_cache_alloc_trace+0x53/0x140 SS:ESP 0068:eedbbec8
[  256.646937] CR2: 0000000000efe000
[  256.651468] ---[ end trace 8c5bb233276a5434 ]---
[  256.656472] BUG: unable to handle kernel paging request at 00efe000
[  256.663907] IP: [<c1137e13>] kmem_cache_alloc_trace+0x53/0x140
[  256.670884] *pdpt = 000000003227e001 *pde = 0000000000000000
[  256.677767] Oops: 0000 [#5] SMP
[  256.682087] Modules linked in: nls_utf8 isofs snd_hda_codec_hdmi snd_hda_codec_realtek bnep rfcomm bluetooth parport_pc ppdev snd_hda_intel snd_hda_codec snd_hwdep snd_pcm snd_seq_midi snd_rawmidi snd_seq_midi_event i915 snd_seq drm_kms_helper drm snd_timer snd_seq_device snd coretemp dcdbas hid_generic microcode soundcore i2c_algo_bit snd_page_alloc psmouse mac_hid serio_raw mei video lp parport usbhid hid e1000e
[  256.723763]
[  256.726334] Pid: 4346, comm: gdbus Tainted: G      D      3.5.4-opinsys #2 Dell Inc. OptiPlex 790/0D28YY
[  256.737003] EIP: 0060:[<c1137e13>] EFLAGS: 00210206 CPU: 0
[  256.743624] EIP is at kmem_cache_alloc_trace+0x53/0x140
[  256.749974] EAX: 00000000 EBX: 00efe000 ECX: 0001e903 EDX: 0001e902
[  256.757340] ESI: f3002200 EDI: 00efe000 EBP: ef443e54 ESP: ef443e20
[  256.764682]  DS: 007b ES: 007b FS: 00d8 GS: 00e0 SS: 0068
[  256.771127] CR0: 80050033 CR2: 00efe000 CR3: 31b4e000 CR4: 000407f0
[  256.778458] DR0: 00000000 DR1: 00000000 DR2: 00000000 DR3: 00000000
[  256.785777] DR6: ffff0ff0 DR7: 00000400
[  256.790636] Process gdbus (pid: 4346, ti=ef442000 task=f6a24bc0 task.ti=ef442000)
[  256.799179] Stack:
[  256.802218]  00000001 f3488000 f1894900 00efe000 0001e902 c1137d91 00000002 c127ec13
[  256.811120]  000080d0 0001e903 f1894840 00000000 f1940e80 ef443e60 c127ec13 f1894840
[  256.820022]  ef443e68 c124c4c4 ef443e90 c114921e 00000020 00000000 f6a24bc0 00000680
[  256.828938] Call Trace:
[  256.832439]  [<c1137d91>] ? kmem_cache_alloc+0x111/0x140
[  256.838823]  [<c127ec13>] ? apparmor_file_alloc_security+0x23/0x50
[  256.846073]  [<c127ec13>] apparmor_file_alloc_security+0x23/0x50
[  256.853136]  [<c124c4c4>] security_file_alloc+0x14/0x20
[  256.859405]  [<c114921e>] get_empty_filp+0x8e/0x1c0
[  256.865309]  [<c1155604>] path_openat+0x24/0x380
[  256.870945]  [<c111db7c>] ? handle_pte_fault+0x2fc/0xb10
[  256.877272]  [<c1137ed1>] ? kmem_cache_alloc_trace+0x111/0x140
[  256.884130]  [<c1155a71>] do_filp_open+0x31/0x80
[  256.889750]  [<c113007b>] ? nr_overcommit_hugepages_show+0x3b/0x40
[  256.896950]  [<c12cd917>] ? strncpy_from_user+0x37/0x100
[  256.903277]  [<c1160c33>] ? alloc_fd+0xa3/0xe0
[  256.908730]  [<c1147520>] do_sys_open+0xf0/0x1d0
[  256.914358]  [<c14b249b>] ? sys_socketcall+0x29b/0x2e0
[  256.920509]  [<c1147632>] sys_open+0x32/0x40
[  256.925787]  [<c15a619f>] sysenter_do_call+0x12/0x28
[  256.931764] Code: 00 00 00 8b 06 64 03 05 e4 7f 90 c1 8b 50 04 8b 18 85 db 89 5d d8 0f 84 e1 00 00 00 8b 7d d8 8d 4a 01 8b 46 14 89 4d f0 89 55 dc <8b> 04 07 89 45 e0 89 c3 89 f8 8b 3e 64 0f c7 0f 0f 94 c0 84 c0
[  256.953547] EIP: [<c1137e13>] kmem_cache_alloc_trace+0x53/0x140 SS:ESP 0068:ef443e20
[  256.962432] CR2: 0000000000efe000
[  256.966903] ---[ end trace 8c5bb233276a5435 ]---
[  256.971740] BUG: unable to handle kernel paging request at 00efe000
[  256.979092] IP: [<c1137e13>] kmem_cache_alloc_trace+0x53/0x140
[  256.985989] *pdpt = 00000000318ff001 *pde = 0000000000000000
[  256.992798] Oops: 0000 [#6] SMP
[  256.997066] Modules linked in: nls_utf8 isofs snd_hda_codec_hdmi snd_hda_codec_realtek bnep rfcomm bluetooth parport_pc ppdev snd_hda_intel snd_hda_codec snd_hwdep snd_pcm snd_seq_midi snd_rawmidi snd_seq_midi_event i915 snd_seq drm_kms_helper drm snd_timer snd_seq_device snd coretemp dcdbas hid_generic microcode soundcore i2c_algo_bit snd_page_alloc psmouse mac_hid serio_raw mei video lp parport usbhid hid e1000e
[  257.038621]
[  257.041146] Pid: 3942, comm: udevd Tainted: G      D      3.5.4-opinsys #2 Dell Inc. OptiPlex 790/0D28YY
[  257.051746] EIP: 0060:[<c1137e13>] EFLAGS: 00010206 CPU: 0
[  257.058283] EIP is at kmem_cache_alloc_trace+0x53/0x140
[  257.064577] EAX: 00000000 EBX: 00efe000 ECX: 0001e903 EDX: 0001e902
[  257.071897] ESI: f3002200 EDI: 00efe000 EBP: eedd5e54 ESP: eedd5e20
[  257.079195]  DS: 007b ES: 007b FS: 00d8 GS: 00e0 SS: 0068
[  257.085625] CR0: 80050033 CR2: 00efe000 CR3: 36b25000 CR4: 000407f0
[  257.092926] DR0: 00000000 DR1: 00000000 DR2: 00000000 DR3: 00000000
[  257.100237] DR6: ffff0ff0 DR7: 00000400
[  257.105095] Process udevd (pid: 3942, ti=eedd4000 task=f19d4bc0 task.ti=eedd4000)
[  257.113642] Stack:
[  257.116682]  bfd3bdf0 00000000 00000000 00efe000 0001e902 c1137d91 00000002 c127ec13
[  257.125579]  000080d0 0001e903 f1894900 00000000 f2b55f80 eedd5e60 c127ec13 f1894900
[  257.134475]  eedd5e68 c124c4c4 eedd5e90 c114921e 00000020 f2eb9200 00000008 000005a0
[  257.143372] Call Trace:
[  257.146852]  [<c1137d91>] ? kmem_cache_alloc+0x111/0x140
[  257.153206]  [<c127ec13>] ? apparmor_file_alloc_security+0x23/0x50
[  257.160429]  [<c127ec13>] apparmor_file_alloc_security+0x23/0x50
[  257.167468]  [<c124c4c4>] security_file_alloc+0x14/0x20
[  257.173717]  [<c114921e>] get_empty_filp+0x8e/0x1c0
[  257.179615]  [<c1155604>] path_openat+0x24/0x380
[  257.185247]  [<c1155a71>] do_filp_open+0x31/0x80
[  257.190879]  [<c1037fc8>] ? default_spin_lock_flags+0x8/0x10
[  257.197563]  [<c159f3dd>] ? _raw_spin_lock_irqsave+0x2d/0x40
[  257.204246]  [<c1137cf7>] ? kmem_cache_alloc+0x77/0x140
[  257.210493]  [<c1183dfa>] ? ep_scan_ready_list.isra.9+0x15a/0x170
[  257.217617]  [<c11516fa>] ? getname_flags+0x2a/0xd0
[  257.223583]  [<c1160c33>] ? alloc_fd+0xa3/0xe0
[  257.229037]  [<c1147520>] do_sys_open+0xf0/0x1d0
[  257.234660]  [<c108ef6b>] ? ktime_get_ts+0xeb/0x120
[  257.240547]  [<c1147632>] sys_open+0x32/0x40
[  257.245825]  [<c15a619f>] sysenter_do_call+0x12/0x28
[  257.251798]  [<c1590000>] ? generic_processor_info+0xf9/0x19e
[  257.258559] Code: 00 00 00 8b 06 64 03 05 e4 7f 90 c1 8b 50 04 8b 18 85 db 89 5d d8 0f 84 e1 00 00 00 8b 7d d8 8d 4a 01 8b 46 14 89 4d f0 89 55 dc <8b> 04 07 89 45 e0 89 c3 89 f8 8b 3e 64 0f c7 0f 0f 94 c0 84 c0
[  257.280308] EIP: [<c1137e13>] kmem_cache_alloc_trace+0x53/0x140 SS:ESP 0068:eedd5e20
[  257.289127] CR2: 0000000000efe000
[  257.293517] ---[ end trace 8c5bb233276a5436 ]---
[  257.298194] BUG: unable to handle kernel paging request at 00efe000
[  257.305829] IP: [<c11381d1>] __kmalloc+0xb1/0x1f0
[  257.311873] *pdpt = 00000000318ff001 *pde = 0000000000000000
[  257.318969] Oops: 0000 [#7] SMP
[  257.323525] Modules linked in: nls_utf8 isofs snd_hda_codec_hdmi snd_hda_codec_realtek bnep rfcomm bluetooth parport_pc ppdev snd_hda_intel snd_hda_codec snd_hwdep snd_pcm snd_seq_midi snd_rawmidi snd_seq_midi_event i915 snd_seq drm_kms_helper drm snd_timer snd_seq_device snd coretemp dcdbas hid_generic microcode soundcore i2c_algo_bit snd_page_alloc psmouse mac_hid serio_raw mei video lp parport usbhid hid e1000e
[  257.366223]
[  257.368998] Pid: 31, comm: kworker/0:1 Tainted: G      D      3.5.4-opinsys #2 Dell Inc. OptiPlex 790/0D28YY
[  257.380241] EIP: 0060:[<c11381d1>] EFLAGS: 00010206 CPU: 0
[  257.387075] EIP is at __kmalloc+0xb1/0x1f0
[  257.392489] EAX: 00000000 EBX: 00efe000 ECX: 0001e903 EDX: 0001e902
[  257.400093] ESI: f3002200 EDI: 00efe000 EBP: f332fdb8 ESP: f332fd84
[  257.407692]  DS: 007b ES: 007b FS: 00d8 GS: 00e0 SS: 0068
[  257.414430] CR0: 8005003b CR2: 00efe000 CR3: 36b25000 CR4: 000407f0
[  257.422039] DR0: 00000000 DR1: 00000000 DR2: 00000000 DR3: 00000000
[  257.429647] DR6: ffff0ff0 DR7: 00000400
[  257.434805] Process kworker/0:1 (pid: 31, ti=f332e000 task=f32e0ca0 task.ti=f332e000)
[  257.444000] Stack:
[  257.447323]  00011200 f332fd90 00000000 00efe000 0001e902 c1176c4f c1176c6f 00000010
[  257.456527]  00000008 0001e903 00000001 00000001 000f332f f332fe08 c1176c6f f2a24ea0
[  257.465724]  f6ad22c0 f332fe00 c129661d 00000010 00000008 f18990b0 f332fe1c 00000000
[  257.474921] Call Trace:
[  257.478681]  [<c1176c4f>] ? bio_copy_user_iov+0xff/0x400
[  257.485322]  [<c1176c6f>] ? bio_copy_user_iov+0x11f/0x400
[  257.492038]  [<c1176c6f>] bio_copy_user_iov+0x11f/0x400
[  257.498573]  [<c129661d>] ? get_request+0x27d/0x530
[  257.504759]  [<c1176f81>] bio_copy_user+0x31/0x40
[  257.510765]  [<c1176fbb>] bio_copy_kern+0x2b/0xa0
[  257.516768]  [<c129ad1e>] blk_rq_map_kern+0x7e/0x130
[  257.523030]  [<c13bb27b>] scsi_execute+0x10b/0x130
[  257.529118]  [<c13bc219>] scsi_execute_req+0x89/0x110
[  257.535463]  [<c13d75e5>] sr_check_events+0xb5/0x2c0
[  257.541716]  [<c1411bdd>] cdrom_check_events+0x1d/0x40
[  257.548140]  [<c13d7a46>] sr_block_check_events+0x16/0x20
[  257.554826]  [<c129ebcb>] disk_events_workfn+0x3b/0xe0
[  257.561250]  [<c1305b50>] ? update_attr.isra.2+0xa0/0xa0
[  257.567850]  [<c105f6b1>] process_one_work+0x101/0x3a0
[  257.574279]  [<c10549f8>] ? mod_timer+0x118/0x280
[  257.580269]  [<c105d5b0>] ? do_work_for_cpu+0x20/0x20
[  257.586605]  [<c129eb90>] ? diskstats_show+0x3c0/0x3c0
[  257.593029]  [<c1060374>] worker_thread+0x124/0x2d0
[  257.599190]  [<c1060250>] ? manage_workers.isra.27+0x1e0/0x1e0
[  257.606282]  [<c10644d2>] kthread+0x72/0x80
[  257.611672]  [<c1064460>] ? kthread_freezable_should_stop+0x60/0x60
[  257.619150]  [<c15a673e>] kernel_thread_helper+0x6/0x10
[  257.625563] Code: 01 00 00 8b 06 64 03 05 e4 7f 90 c1 8b 50 04 8b 18 85 db 89 5d d8 0f 84 28 01 00 00 8b 7d d8 8d 4a 01 8b 46 14 89 4d f0 89 55 dc <8b> 04 07 89 45 e0 89 c3 89 f8 8b 3e 64 0f c7 0f 0f 94 c0 84 c0
[  257.647746] EIP: [<c11381d1>] __kmalloc+0xb1/0x1f0 SS:ESP 0068:f332fd84
[  257.655655] CR2: 0000000000efe000
[  257.660300] ---[ end trace 8c5bb233276a5437 ]---
[  257.664973] BUG: unable to handle kernel paging request at fffffffc
[  257.672241] IP: [<c106487f>] kthread_data+0xf/0x20
[  257.677992] *pdpt = 0000000001914001 *pde = 0000000001919067 *pte = 0000000000000000
[  257.686804] Oops: 0000 [#8] SMP
[  257.690960] Modules linked in: nls_utf8 isofs snd_hda_codec_hdmi snd_hda_codec_realtek bnep rfcomm bluetooth parport_pc ppdev snd_hda_intel snd_hda_codec snd_hwdep snd_pcm snd_seq_midi snd_rawmidi snd_seq_midi_event i915 snd_seq drm_kms_helper drm snd_timer snd_seq_device snd coretemp dcdbas hid_generic microcode soundcore i2c_algo_bit snd_page_alloc psmouse mac_hid serio_raw mei video lp parport usbhid hid e1000e
[  257.732091]
[  257.734534] Pid: 31, comm: kworker/0:1 Tainted: G      D      3.5.4-opinsys #2 Dell Inc. OptiPlex 790/0D28YY
[  257.745429] EIP: 0060:[<c106487f>] EFLAGS: 00010002 CPU: 0
[  257.751929] EIP is at kthread_data+0xf/0x20
[  257.757133] EAX: 00000000 EBX: 00000000 ECX: f3008000 EDX: 00000000
[  257.764417] ESI: 00000000 EDI: 00000001 EBP: f332fb64 ESP: f332fb58
[  257.771691]  DS: 007b ES: 007b FS: 00d8 GS: 00e0 SS: 0068
[  257.778086] CR0: 8005003b CR2: fffffffc CR3: 01917000 CR4: 000407f0
[  257.785353] DR0: 00000000 DR1: 00000000 DR2: 00000000 DR3: 00000000
[  257.792610] DR6: ffff0ff0 DR7: 00000400
[  257.797419] Process kworker/0:1 (pid: 31, ti=f332e000 task=f32e0ca0 task.ti=f332e000)
[  257.806252] Stack:
[  257.809222]  c1060971 f32e0f30 00000000 f332fbe8 c159e157 80180017 0000000d 0032fb7c
[  257.818065]  f31b8f40 c190cd00 c190cd00 f3aebb00 c8892def f7b82d00 f32e0ca0 f6c9fe8c
[  257.826925]  f332fbb4 c12b0f9c 001db9c0 f32e0ca0 f332fbb0 f6c9fe40 f326a000 f332fbc4
[  257.835792] Call Trace:
[  257.839247]  [<c1060971>] ? wq_worker_sleeping+0x11/0x80
[  257.845615]  [<c159e157>] __schedule+0x5b7/0x770
[  257.851288]  [<c12b0f9c>] ? cfq_exit_cfqq+0x4c/0xa0
[  257.857225]  [<c129a6b1>] ? put_io_context_active+0xa1/0xd0
[  257.863862]  [<c159e5a3>] schedule+0x23/0x60
[  257.869192]  [<c1049e5b>] do_exit+0x53b/0x840
[  257.874608]  [<c159603f>] ? printk+0x4d/0x4f
[  257.879935]  [<c15a0435>] oops_end+0x95/0xd0
[  257.885253]  [<c15959d8>] no_context+0x1c8/0x1d0
[  257.890919]  [<c101091d>] ? __switch_to+0xcd/0x2a0
[  257.896756]  [<c1595b10>] __bad_area_nosemaphore+0x130/0x138
[  257.903471]  [<c159def7>] ? __schedule+0x357/0x770
[  257.909313]  [<c13f8ad1>] ? ahci_qc_prep+0x151/0x1b0
[  257.915334]  [<c1595b2f>] bad_area_nosemaphore+0x17/0x19
[  257.921706]  [<c15a2ada>] do_page_fault+0x3da/0x490
[  257.927640]  [<c1037fc8>] ? default_spin_lock_flags+0x8/0x10
[  257.934366]  [<c159f3dd>] ? _raw_spin_lock_irqsave+0x2d/0x40
[  257.941087]  [<c1054216>] ? try_to_del_timer_sync+0x66/0xd0
[  257.947722]  [<c15a2700>] ? vmalloc_fault+0x190/0x190
[  257.953828]  [<c159fc73>] error_code+0x67/0x6c
[  257.959289]  [<c10f007b>] ? traceprobe_update_arg+0xab/0x160
[  257.965946]  [<c11381d1>] ? __kmalloc+0xb1/0x1f0
[  257.971540]  [<c1176c4f>] ? bio_copy_user_iov+0xff/0x400
[  257.977829]  [<c1176c6f>] ? bio_copy_user_iov+0x11f/0x400
[  257.984189]  [<c1176c6f>] bio_copy_user_iov+0x11f/0x400
[  257.990370]  [<c129661d>] ? get_request+0x27d/0x530
[  257.996195]  [<c1176f81>] bio_copy_user+0x31/0x40
[  258.001827]  [<c1176fbb>] bio_copy_kern+0x2b/0xa0
[  258.007429]  [<c129ad1e>] blk_rq_map_kern+0x7e/0x130
[  258.013269]  [<c13bb27b>] scsi_execute+0x10b/0x130
[  258.018908]  [<c13bc219>] scsi_execute_req+0x89/0x110
[  258.024781]  [<c13d75e5>] sr_check_events+0xb5/0x2c0
[  258.030569]  [<c1411bdd>] cdrom_check_events+0x1d/0x40
[  258.036511]  [<c13d7a46>] sr_block_check_events+0x16/0x20
[  258.042702]  [<c129ebcb>] disk_events_workfn+0x3b/0xe0
[  258.048632]  [<c1305b50>] ? update_attr.isra.2+0xa0/0xa0
[  258.054733]  [<c105f6b1>] process_one_work+0x101/0x3a0
[  258.060659]  [<c10549f8>] ? mod_timer+0x118/0x280
[  258.066143]  [<c105d5b0>] ? do_work_for_cpu+0x20/0x20
[  258.071970]  [<c129eb90>] ? diskstats_show+0x3c0/0x3c0
[  258.077873]  [<c1060374>] worker_thread+0x124/0x2d0
[  258.083516]  [<c1060250>] ? manage_workers.isra.27+0x1e0/0x1e0
[  258.090109]  [<c10644d2>] kthread+0x72/0x80
[  258.095031]  [<c1064460>] ? kthread_freezable_should_stop+0x60/0x60
[  258.102227]  [<c15a673e>] kernel_thread_helper+0x6/0x10
[  258.108362] Code: ff ff eb 9a ba 57 01 00 00 b8 84 ee 71 c1 e8 a9 f8 fd ff e9 af fe ff ff 8d 74 26 00 55 89 e5 66 66 66 66 90 8b 80 64 02 00 00 5d <8b> 40 fc c3 8d b6 00 00 00 00 8d bc 27 00 00 00 00 55 89 e5 66
[  258.129513] EIP: [<c106487f>] kthread_data+0xf/0x20 SS:ESP 0068:f332fb58
[  258.137015] CR2: 00000000fffffffc
[  258.141077] ---[ end trace 8c5bb233276a5438 ]---
[  258.145710] Fixing recursive fault but reboot is needed!
[  284.568329] ------------[ cut here ]------------
[  284.572966] WARNING: at kernel/watchdog.c:242 watchdog_overflow_callback+0xac/0xd0()
[  284.580737] Hardware name: OptiPlex 790
[  284.584586] Watchdog detected hard LOCKUP on cpu 0
[  284.589219] Modules linked in:[  284.592295]  nls_utf8 isofs snd_hda_codec_hdmi snd_hda_codec_realtek bnep rfcomm bluetooth parport_pc ppdev snd_hda_intel snd_hda_codec snd_hwdep snd_pcm snd_seq_midi snd_rawmidi snd_seq_midi_event i915 snd_seq drm_kms_helper drm snd_timer snd_seq_device snd coretemp dcdbas hid_generic microcode soundcore i2c_algo_bit snd_page_alloc psmouse mac_hid serio_raw mei video lp parport usbhid hid e1000e
Pid: 31, comm: kworker/0:1 Tainted: G      D      3.5.4-opinsys #2
[  284.633906] Call Trace:
[  284.636363]  [<c10440e2>] warn_slowpath_common+0x72/0xa0
[  284.641695]  [<c10c2cac>] ? watchdog_overflow_callback+0xac/0xd0
[  284.647724]  [<c10c2cac>] ? watchdog_overflow_callback+0xac/0xd0
[  284.653754]  [<c10c2c00>] ? touch_nmi_watchdog+0x70/0x70
[  284.659087]  [<c10441b3>] warn_slowpath_fmt+0x33/0x40
[  284.664157]  [<c10c2cac>] watchdog_overflow_callback+0xac/0xd0
[  284.670013]  [<c10f712a>] __perf_event_overflow+0xaa/0x260
[  284.675521]  [<c101f0d0>] ? x86_perf_event_set_period+0x120/0x220
[  284.681639]  [<c10f7b65>] perf_event_overflow+0x15/0x20
[  284.686885]  [<c1023d34>] intel_pmu_handle_irq+0x154/0x2c0
[  284.692392]  [<c15a0e40>] perf_event_nmi_handler+0x20/0x30
[  284.697898]  [<c15a05c0>] nmi_handle.isra.0+0x40/0x60
[  284.702967]  [<c15a06ba>] do_nmi+0xda/0x400
[  284.707165]  [<c136a570>] ? vt_console_print+0x280/0x360
[  284.712499]  [<c1376120>] ? wait_for_xmitr+0x90/0x90
[  284.717482]  [<c159fd30>] nmi_stack_correct+0x2f/0x34
[  284.722554]  [<c1037f3d>] ? __ticket_spin_lock+0x1d/0x30
[  284.727887]  [<c159f438>] _raw_spin_lock_irq+0x18/0x20
[  284.733045]  [<c159dc24>] __schedule+0x84/0x770
[  284.737592]  [<c159603f>] ? printk+0x4d/0x4f
[  284.741878]  [<c159e5a3>] schedule+0x23/0x60
[  284.746164]  [<c104a156>] do_exit+0x836/0x840
[  284.750538]  [<c159603f>] ? printk+0x4d/0x4f
[  284.754825]  [<c15a0435>] oops_end+0x95/0xd0
[  284.759112]  [<c15959d8>] no_context+0x1c8/0x1d0
[  284.763747]  [<c1595b10>] __bad_area_nosemaphore+0x130/0x138
[  284.769428]  [<c15954d2>] ? pte_offset_kernel+0x19/0x28
[  284.774675]  [<c15a2517>] ? spurious_fault+0x87/0xe0
[  284.779657]  [<c15a2700>] ? vmalloc_fault+0x190/0x190
[  284.784727]  [<c1595b2f>] bad_area_nosemaphore+0x17/0x19
[  284.790060]  [<c15a2ada>] do_page_fault+0x3da/0x490
[  284.794957]  [<c107a45c>] ? dequeue_entity+0x12c/0x380
[  284.800116]  [<c1017438>] ? sched_clock+0x8/0x10
[  284.804750]  [<c1077505>] ? sched_clock_cpu+0xe5/0x150
[  284.809908]  [<c115ea61>] ? destroy_inode+0x31/0x50
[  284.814804]  [<c15a2700>] ? vmalloc_fault+0x190/0x190
[  284.819875]  [<c159fc73>] error_code+0x67/0x6c
[  284.824336]  [<c106487f>] ? kthread_data+0xf/0x20
[  284.829057]  [<c1060971>] ? wq_worker_sleeping+0x11/0x80
[  284.834388]  [<c159e157>] __schedule+0x5b7/0x770
[  284.839024]  [<c12b0f9c>] ? cfq_exit_cfqq+0x4c/0xa0
[  284.843922]  [<c129a6b1>] ? put_io_context_active+0xa1/0xd0
[  284.849516]  [<c159e5a3>] schedule+0x23/0x60
[  284.853803]  [<c1049e5b>] do_exit+0x53b/0x840
[  284.858177]  [<c159603f>] ? printk+0x4d/0x4f
[  284.862463]  [<c15a0435>] oops_end+0x95/0xd0
[  284.866750]  [<c15959d8>] no_context+0x1c8/0x1d0
[  284.871385]  [<c101091d>] ? __switch_to+0xcd/0x2a0
[  284.876194]  [<c1595b10>] __bad_area_nosemaphore+0x130/0x138
[  284.881875]  [<c159def7>] ? __schedule+0x357/0x770
[  284.886684]  [<c13f8ad1>] ? ahci_qc_prep+0x151/0x1b0
[  284.891667]  [<c1595b2f>] bad_area_nosemaphore+0x17/0x19
[  284.896998]  [<c15a2ada>] do_page_fault+0x3da/0x490
[  284.901896]  [<c1037fc8>] ? default_spin_lock_flags+0x8/0x10
[  284.907578]  [<c159f3dd>] ? _raw_spin_lock_irqsave+0x2d/0x40
[  284.913259]  [<c1054216>] ? try_to_del_timer_sync+0x66/0xd0
[  284.918853]  [<c15a2700>] ? vmalloc_fault+0x190/0x190
[  284.923922]  [<c159fc73>] error_code+0x67/0x6c
[  284.928384]  [<c10f007b>] ? traceprobe_update_arg+0xab/0x160
[  284.934066]  [<c11381d1>] ? __kmalloc+0xb1/0x1f0
[  284.938700]  [<c1176c4f>] ? bio_copy_user_iov+0xff/0x400
[  284.944033]  [<c1176c6f>] ? bio_copy_user_iov+0x11f/0x400
[  284.949454]  [<c1176c6f>] bio_copy_user_iov+0x11f/0x400
[  284.954701]  [<c129661d>] ? get_request+0x27d/0x530
[  284.959600]  [<c1176f81>] bio_copy_user+0x31/0x40
[  284.964321]  [<c1176fbb>] bio_copy_kern+0x2b/0xa0
[  284.969043]  [<c129ad1e>] blk_rq_map_kern+0x7e/0x130
[  284.974026]  [<c13bb27b>] scsi_execute+0x10b/0x130
[  284.978837]  [<c13bc219>] scsi_execute_req+0x89/0x110
[  284.983910]  [<c13d75e5>] sr_check_events+0xb5/0x2c0
[  284.988895]  [<c1411bdd>] cdrom_check_events+0x1d/0x40
[  284.994055]  [<c13d7a46>] sr_block_check_events+0x16/0x20
[  284.999474]  [<c129ebcb>] disk_events_workfn+0x3b/0xe0
[  285.004632]  [<c1305b50>] ? update_attr.isra.2+0xa0/0xa0
[  285.009966]  [<c105f6b1>] process_one_work+0x101/0x3a0
[  285.015125]  [<c10549f8>] ? mod_timer+0x118/0x280
[  285.019847]  [<c105d5b0>] ? do_work_for_cpu+0x20/0x20
[  285.024919]  [<c129eb90>] ? diskstats_show+0x3c0/0x3c0
[  285.030076]  [<c1060374>] worker_thread+0x124/0x2d0
[  285.034972]  [<c1060250>] ? manage_workers.isra.27+0x1e0/0x1e0
[  285.040827]  [<c10644d2>] kthread+0x72/0x80
[  285.045028]  [<c1064460>] ? kthread_freezable_should_stop+0x60/0x60
[  285.051321]  [<c15a673e>] kernel_thread_helper+0x6/0x10
[  285.056566] ---[ end trace 8c5bb233276a5439 ]---
 
