acpid: exinit: ssh main process (414) terminated with status 255
init: idmapd main process (1249) killed by TERM signal
initinit: criniinit: ttyS0 main process (2716) killed by TERM signal
init: Disconnected from system bus
Checking for running unattended-upgrades:  * Asking all remaining processes to terminate...       [80G init: udisks_poll_workaround main process (2579) terminated with status 143
[74G[ OK ]
killall5: omit pid buffer size 16 exceeded!

 * All processes ended within 1 seconds....       [80G [74G[ OK ]
[  157.229890] hub 2-1.1:1.0: hub_port_status failed (err = -110)
[  157.238281] hub 2-1.1:1.0: connect-debounce failed, port 1 disabled
[  167.493613] Restarting system.
!! Entry Point PMM
!! PMM Func00 Alloc
! PMM extended
!! PMM Allocate Req
!! PMM anonymous req
esi = 00060800
!! PMM records available
!! PMM Exit
!! Entry Point PMM
!! PMM Func00 Alloc
! PMM extended
!! PMM Allocate Req
!! PMM anonymous req
esi = 00060800
!! PMM records available
!! PMM Exit
[    0.000000] Initializing cgroup subsys cpuset
[    0.000000] Initializing cgroup subsys cpu
[    0.000000] Linux version 3.0.0-23-generic (buildd@panlong) (gcc version 4.4.3 (Ubuntu 4.4.3-4ubuntu5.1) ) #39~lucid1-Ubuntu SMP Fri Jul 20 18:21:12 UTC 2012 (Ubuntu 3.0.0-23.39~lucid1-generic 3.0.36)
[    0.000000] KERNEL supported cpus:
[    0.000000]   Intel GenuineIntel
[    0.000000]   AMD AuthenticAMD
[    0.000000]   NSC Geode by NSC
[    0.000000]   Cyrix CyrixInstead
[    0.000000]   Centaur CentaurHauls
[    0.000000]   Transmeta GenuineTMx86
[    0.000000]   Transmeta TransmetaCPU
[    0.000000]   UMC UMC UMC UMC
[    0.000000] BIOS-provided physical RAM map:
[    0.000000]  BIOS-e820: 0000000000000000 - 000000000009ac00 (usable)
[    0.000000]  BIOS-e820: 000000000009ac00 - 00000000000a0000 (reserved)
[    0.000000]  BIOS-e820: 00000000000e0000 - 0000000000100000 (reserved)
[    0.000000]  BIOS-e820: 0000000000100000 - 0000000020000000 (usable)
[    0.000000]  BIOS-e820: 0000000020000000 - 0000000020200000 (reserved)
[    0.000000]  BIOS-e820: 0000000020200000 - 0000000040000000 (usable)
[    0.000000]  BIOS-e820: 0000000040000000 - 0000000040200000 (reserved)
[    0.000000]  BIOS-e820: 0000000040200000 - 00000000ca9fd000 (usable)
[    0.000000]  BIOS-e820: 00000000ca9fd000 - 00000000caa41000 (reserved)
[    0.000000]  BIOS-e820: 00000000caa41000 - 00000000cadb7000 (usable)
[    0.000000]  BIOS-e820: 00000000cadb7000 - 00000000cade7000 (reserved)
[    0.000000]  BIOS-e820: 00000000cade7000 - 00000000cafe7000 (ACPI NVS)
[    0.000000]  BIOS-e820: 00000000cafe7000 - 00000000cafff000 (ACPI data)
[    0.000000]  BIOS-e820: 00000000cafff000 - 00000000cb000000 (usable)
[    0.000000]  BIOS-e820: 00000000fed1c000 - 00000000fed20000 (reserved)
[    0.000000]  BIOS-e820: 00000000ffc00000 - 00000000ffc20000 (reserved)
[    0.000000]  BIOS-e820: 0000000100000000 - 000000012e000000 (usable)
[    0.000000] Notice: NX (Execute Disable) protection cannot be enabled in hardware: non-PAE kernel!
[    0.000000] NX (Execute Disable) protection: approximated by x86 segment limits
[    0.000000] DMI 2.6 present.
[    0.000000] last_pfn = 0xcb000 max_arch_pfn = 0x100000
[    0.000000] x86 PAT enabled: cpu 0, old 0x7040600070406, new 0x7010600070106
[    0.000000] total RAM covered: 3984M
[    0.000000] Found optimal setting for mtrr clean up
[    0.000000]  gran_size: 64K 	chunk_size: 64M 	num_reg: 8  	lose cover RAM: 0G
[    0.000000] found SMP MP-table at [c00f2100] f2100
[    0.000000] init_memory_mapping: 0000000000000000-00000000377fe000
[    0.000000] RAMDISK: 1f682000 - 1ffd0000
[    0.000000] ACPI: RSDP 000fe300 00024 (v02 DELL  )
[    0.000000] ACPI: XSDT caffde18 00064 (v01 DELL    CBX3    06222004 MSFT 00010013)
[    0.000000] ACPI: FACP caf87d98 000F4 (v04 DELL    CBX3    06222004 MSFT 00010013)
[    0.000000] ACPI Warning: 32/64 FACS address mismatch in FADT - two FACS tables! (20110413/tbfadt-365)
[    0.000000] ACPI Warning: 32/64X FACS address mismatch in FADT - 0xCAFE4E40/0x00000000CAFE4D40, using 32 (20110413/tbfadt-489)
[    0.000000] ACPI: DSDT caf72018 07485 (v02 INT430 SYSFexxx 00001001 INTL 20090903)
[    0.000000] ACPI: FACS cafe4e40 00040
[    0.000000] ACPI: APIC caffcf18 000CC (v02 DELL    CBX3    06222004 MSFT 00010013)
[    0.000000] ACPI: TCPA cafe5d18 00032 (v02                 00000000      00000000)
[    0.000000] ACPI: MCFG cafe5c98 0003C (v01 DELL   SNDYBRDG 06222004 MSFT 00000097)
[    0.000000] ACPI: HPET cafe5c18 00038 (v01 A M I   PCHHPET 06222004 AMI. 00000003)
[    0.000000] ACPI: BOOT cafe5b98 00028 (v01 DELL   CBX3     06222004 AMI  00010013)
[    0.000000] ACPI: SSDT cafe6898 0073E (v01  PmRef  Cpu0Ist 00003000 INTL 20090903)
[    0.000000] ACPI: SSDT caf7e018 00996 (v01  PmRef    CpuPm 00003000 INTL 20090903)
[    0.000000] 2360MB HIGHMEM available.
[    0.000000] 887MB LOWMEM available.
[    0.000000]   mapped low ram: 0 - 377fe000
[    0.000000]   low ram: 0 - 377fe000
[    0.000000] Zone PFN ranges:
[    0.000000]   DMA      0x00000010 -> 0x00001000
[    0.000000]   Normal   0x00001000 -> 0x000377fe
[    0.000000]   HighMem  0x000377fe -> 0x000cb000
[    0.000000] Movable zone start PFN for each node
[    0.000000] early_node_map[6] active PFN ranges
[    0.000000]     0: 0x00000010 -> 0x0000009a
[    0.000000]     0: 0x00000100 -> 0x00020000
[    0.000000]     0: 0x00020200 -> 0x00040000
[    0.000000]     0: 0x00040200 -> 0x000ca9fd
[    0.000000]     0: 0x000caa41 -> 0x000cadb7
[    0.000000]     0: 0x000cafff -> 0x000cb000
[    0.000000] Using APIC driver default
[    0.000000] ACPI: PM-Timer IO Port: 0x408
[    0.000000] ACPI: LAPIC (acpi_id[0x01] lapic_id[0x00] enabled)
[    0.000000] ACPI: LAPIC (acpi_id[0x02] lapic_id[0x02] enabled)
[    0.000000] ACPI: LAPIC (acpi_id[0x03] lapic_id[0x01] enabled)
[    0.000000] ACPI: LAPIC (acpi_id[0x04] lapic_id[0x03] enabled)
[    0.000000] ACPI: LAPIC (acpi_id[0x05] lapic_id[0x04] disabled)
[    0.000000] ACPI: LAPIC (acpi_id[0x06] lapic_id[0x05] disabled)
[    0.000000] ACPI: LAPIC (acpi_id[0x07] lapic_id[0x06] disabled)
[    0.000000] ACPI: LAPIC (acpi_id[0x08] lapic_id[0x07] disabled)
[    0.000000] ACPI: LAPIC (acpi_id[0x09] lapic_id[0x08] disabled)
[    0.000000] ACPI: LAPIC (acpi_id[0x0a] lapic_id[0x09] disabled)
[    0.000000] ACPI: LAPIC (acpi_id[0x0b] lapic_id[0x0a] disabled)
[    0.000000] ACPI: LAPIC (acpi_id[0x0c] lapic_id[0x0b] disabled)
[    0.000000] ACPI: LAPIC (acpi_id[0x0d] lapic_id[0x0c] disabled)
[    0.000000] ACPI: LAPIC (acpi_id[0x0e] lapic_id[0x0d] disabled)
[    0.000000] ACPI: LAPIC (acpi_id[0x0f] lapic_id[0x0e] disabled)
[    0.000000] ACPI: LAPIC (acpi_id[0x10] lapic_id[0x0f] disabled)
[    0.000000] ACPI: IOAPIC (id[0x02] address[0xfec00000] gsi_base[0])
[    0.000000] IOAPIC[0]: apic_id 2, version 32, address 0xfec00000, GSI 0-23
[    0.000000] ACPI: INT_SRC_OVR (bus 0 bus_irq 0 global_irq 2 dfl dfl)
[    0.000000] ACPI: INT_SRC_OVR (bus 0 bus_irq 9 global_irq 9 high level)
[    0.000000] Using ACPI (MADT) for SMP configuration information
[    0.000000] ACPI: HPET id: 0x8086a701 base: 0xfed00000
[    0.000000] 16 Processors exceeds NR_CPUS limit of 8
[    0.000000] SMP: Allowing 8 CPUs, 4 hotplug CPUs
[    0.000000] PM: Registered nosave memory: 000000000009a000 - 000000000009b000
[    0.000000] PM: Registered nosave memory: 000000000009b000 - 00000000000a0000
[    0.000000] PM: Registered nosave memory: 00000000000a0000 - 00000000000e0000
[    0.000000] PM: Registered nosave memory: 00000000000e0000 - 0000000000100000
[    0.000000] PM: Registered nosave memory: 0000000020000000 - 0000000020200000
[    0.000000] Allocating PCI resources starting at cb000000 (gap: cb000000:33d1c000)
[    0.000000] Booting paravirtualized kernel on bare hardware
[    0.000000] setup_percpu: NR_CPUS:8 nr_cpumask_bits:8 nr_cpu_ids:8 nr_node_ids:1
[    0.000000] PERCPU: Embedded 12 pages/cpu @f5e2b000 s26176 r0 d22976 u49152
[    0.000000] Built 1 zonelists in Zone order, mobility grouping on.  Total pages: 823197
[    0.000000] Kernel command line: ro initrd=ltsp/i386/initrd.img-generic-lts-backport-oneiric reboot=pci console=tty0 console=ttyS0,115200n81 BOOT_IMAGE=ltsp/i386/vmlinuz-generic-lts-backport-oneiric
[    0.000000] PID hash table entries: 4096 (order: 2, 16384 bytes)
[    0.000000] Dentry cache hash table entries: 131072 (order: 7, 524288 bytes)
[    0.000000] Inode-cache hash table entries: 65536 (order: 6, 262144 bytes)
[    0.000000] Initializing CPU#0
[    0.000000] xsave/xrstor: enabled xstate_bv 0x7, cntxt size 0x340
[    0.000000] allocated 13303552 bytes of page_cgroup
[    0.000000] please try 'cgroup_disable=memory' option if you don't want memory cgroups
[    0.000000] Initializing HighMem for node 0 (000377fe:000cb000)
[    0.000000] Memory: 3259504k/3325952k available (5310k kernel code, 59272k reserved, 2578k data, 700k init, 2411992k highmem)
[    0.000000] virtual kernel memory layout:
[    0.000000]     fixmap  : 0xfff16000 - 0xfffff000   ( 932 kB)
[    0.000000]     pkmap   : 0xff800000 - 0xffc00000   (4096 kB)
[    0.000000]     vmalloc : 0xf7ffe000 - 0xff7fe000   ( 120 MB)
[    0.000000]     lowmem  : 0xc0000000 - 0xf77fe000   ( 887 MB)
[    0.000000]       .init : 0xc17b5000 - 0xc1864000   ( 700 kB)
[    0.000000]       .data : 0xc152fb6d - 0xc17b4700   (2578 kB)
[    0.000000]       .text : 0xc1000000 - 0xc152fb6d   (5310 kB)
[    0.000000] Checking if this processor honours the WP bit even in supervisor mode...Ok.
[    0.000000] SLUB: Genslabs=15, HWalign=64, Order=0-3, MinObjects=0, CPUs=8, Nodes=1
[    0.000000] Hierarchical RCU implementation.
[    0.000000] 	RCU dyntick-idle grace-period acceleration is enabled.
[    0.000000] NR_IRQS:2304 nr_irqs:744 16
[    0.000000] Extended CMOS year: 2000
[    0.000000] Console: colour VGA+ 80x25
[    0.000000] console [tty0] enabled
[    0.000000] console [ttyS0] enabled
[    0.000000] Fast TSC calibration using PIT
[    0.004000] Detected 3093.011 MHz processor.
[    0.000001] Calibrating delay loop (skipped), value calculated using timer frequency.. 6186.02 BogoMIPS (lpj=12372044)
[    0.010834] pid_max: default: 32768 minimum: 301
[    0.015522] Security Framework initialized
[    0.019679] AppArmor: AppArmor initialized
[    0.023830] Yama: becoming mindful.
[    0.027398] Mount-cache hash table entries: 512
[    0.032062] Initializing cgroup subsys cpuacct
[    0.036565] Initializing cgroup subsys memory
[    0.040981] Initializing cgroup subsys devices
[    0.045479] Initializing cgroup subsys freezer
[    0.049979] Initializing cgroup subsys net_cls
[    0.054479] Initializing cgroup subsys blkio
[    0.058806] Initializing cgroup subsys perf_event
[    0.063585] CPU: Physical Processor ID: 0
[    0.067647] CPU: Processor Core ID: 0
[    0.071364] ENERGY_PERF_BIAS: Set to 'normal', was 'performance'
[    0.071365] ENERGY_PERF_BIAS: View and update with x86_energy_perf_policy(8)
[    0.084546] mce: CPU supports 7 MCE banks
[    0.089121] CPU0: Thermal monitoring enabled (TM1)
[    0.093973] using mwait in idle threads.
[    0.099726] ACPI: Core revision 20110413
[    0.106923] ftrace: allocating 23593 entries in 47 pages
[    0.119156] Enabling APIC mode:  Flat.  Using 1 I/O APICs
[    0.125015] ..TIMER: vector=0x30 apic1=0 pin1=2 apic2=-1 pin2=-1
[    0.170754] CPU0: Intel(R) Core(TM) i3-2100 CPU @ 3.10GHz stepping 07
[    0.284480] Performance Events: PEBS fmt1+, SandyBridge events, Intel PMU driver.
[    0.292126] ... version:                3
[    0.296182] ... bit width:              48
[    0.300326] ... generic registers:      4
[    0.304380] ... value mask:             0000ffffffffffff
[    0.309743] ... max period:             000000007fffffff
[    0.315108] ... fixed-purpose events:   3
[    0.319163] ... event mask:             000000070000000f
[    0.324638] Booting Node   0, Processors  #1
[    0.339212] Initializing CPU#1
[    0.440581]  #2
[    0.452612] Initializing CPU#2
[    0.552552]  #3
[    0.564565] Initializing CPU#3
[    0.664492] Brought up 4 CPUs
[    0.667500] Total of 4 processors activated (24742.97 BogoMIPS).
[    0.675582] devtmpfs: initialized
[    0.679035] PM: Registering ACPI NVS region at cade7000 (2097152 bytes)
[    0.686848] print_constraints: dummy:
[    0.690667] Time: 14:31:37  Date: 09/18/12
[    0.694833] NET: Registered protocol family 16
[    0.699391] Trying to unpack rootfs image as initramfs...
[    0.699397] EISA bus registered
[    0.699401] ACPI FADT declares the system doesn't support PCIe ASPM, so disable it
[    0.699402] ACPI: bus type pci registered
[    0.699449] PCI: MMCONFIG for domain 0000 [bus 00-3f] at [mem 0xf8000000-0xfbffffff] (base 0xf8000000)
[    0.699451] PCI: not using MMCONFIG
[    0.699493] PCI: PCI BIOS revision 2.10 entry at 0xfce72, last bus=3
[    0.699494] PCI: Using configuration type 1 for base access
[    0.699499] dmi type 0xB1 record - unknown flag
[    0.700036] bio: create slab <bio-0> at 0
[    0.772383] [Firmware Bug]: ACPI: BIOS _OSI(Linux) query ignored
[    0.778516] [Firmware Bug]: ACPI: BIOS _OSI(Linux) query ignored
[    0.856598] ACPI: SSDT cadd7718 0067C (v01  PmRef  Cpu0Cst 00003001 INTL 20090903)
[    0.864586] ACPI: Dynamic OEM Table Load:
[    0.868703] ACPI: SSDT   (null) 0067C (v01  PmRef  Cpu0Cst 00003001 INTL 20090903)
[    0.888510] ACPI: SSDT cadd8a98 00303 (v01  PmRef    ApIst 00003000 INTL 20090903)
[    0.896518] ACPI: Dynamic OEM Table Load:
[    0.898389] Freeing initrd memory: 9528k freed
[    0.905127]
[    0.906652] ACPI: SSDT   (null) 00303 (v01  PmRef    ApIst 00003000 INTL 20090903)
[    0.924416] ACPI: SSDT cadd6d98 00119 (v01  PmRef    ApCst 00003000 INTL 20090903)
[    0.932383] ACPI: Dynamic OEM Table Load:
[    0.936497] ACPI: SSDT   (null) 00119 (v01  PmRef    ApCst 00003000 INTL 20090903)
[    0.952698] ACPI: Interpreter enabled
[    0.956408] ACPI: (supports S0 S3 S4 S5)
[    0.960511] ACPI: Using IOAPIC for interrupt routing
[    0.965543] PCI: MMCONFIG for domain 0000 [bus 00-3f] at [mem 0xf8000000-0xfbffffff] (base 0xf8000000)
[    0.975207] PCI: MMCONFIG at [mem 0xf8000000-0xfbffffff] reserved in ACPI motherboard resources
[    0.983991] PCI: Using MMCONFIG for extended config space
[    1.013954] ACPI: No dock devices found.
[    1.017924] HEST: Table not found.
[    1.021372] PCI: Using host bridge windows from ACPI; if necessary, use "pci=nocrs" and report a bug
[    1.030831] ACPI: PCI Root Bridge [PCI0] (domain 0000 [bus 00-3e])
[    1.037492] pci_root PNP0A08:00: host bridge window [io  0x0000-0x0cf7]
[    1.044170] pci_root PNP0A08:00: host bridge window [io  0x0d00-0xffff]
[    1.050846] pci_root PNP0A08:00: host bridge window [mem 0x000a0000-0x000bffff]
[    1.058232] pci_root PNP0A08:00: host bridge window [mem 0xcfa00000-0xfeafffff]
[    1.065617] pci_root PNP0A08:00: host bridge window [mem 0xfed40000-0xfed44fff]
[    1.074574] pci 0000:00:1c.0: PCI bridge to [bus 01-01]
[    1.079942] pci 0000:00:1c.2: PCI bridge to [bus 02-02]
[    1.085295] pci 0000:00:1e.0: PCI bridge to [bus 03-03] (subtractive decode)
[    1.092746]  pci0000:00: Requesting ACPI _OSC control (0x1d)
[    1.098487]  pci0000:00: ACPI _OSC request failed (AE_ERROR), returned control mask: 0x1d
[    1.106744] ACPI _OSC control for PCIe not granted, disabling ASPM
[    1.115204] ACPI: PCI Interrupt Link [LNKA] (IRQs 1 3 4 5 6 7 10 12 14 15) *11
[    1.122910] ACPI: PCI Interrupt Link [LNKB] (IRQs 1 3 4 5 6 7 11 12 14 15) *10
[    1.130612] ACPI: PCI Interrupt Link [LNKC] (IRQs 1 3 4 5 6 7 10 12 14 15) *11
[    1.138312] ACPI: PCI Interrupt Link [LNKD] (IRQs 1 3 4 5 6 7 11 12 14 15) *0, disabled.
[    1.146914] ACPI: PCI Interrupt Link [LNKE] (IRQs 1 3 4 *5 6 7 10 12 14 15)
[    1.154314] ACPI: PCI Interrupt Link [LNKF] (IRQs 1 3 4 5 6 7 11 12 14 15) *0, disabled.
[    1.162915] ACPI: PCI Interrupt Link [LNKG] (IRQs 1 *3 4 5 6 7 10 12 14 15)
[    1.170314] ACPI: PCI Interrupt Link [LNKH] (IRQs 1 3 4 5 6 7 11 12 14 15) *0, disabled.
[    1.178941] vgaarb: device added: PCI:0000:00:02.0,decodes=io+mem,owns=io+mem,locks=none
[    1.187117] vgaarb: loaded
[    1.189864] vgaarb: bridge control possible 0000:00:02.0
[    1.195358] SCSI subsystem initialized
[    1.199215] usbcore: registered new interface driver usbfs
[    1.204763] usbcore: registered new interface driver hub
[    1.210145] usbcore: registered new device driver usb
[    1.215300] PCI: Using ACPI for IRQ routing
[    1.219655] NetLabel: Initializing
[    1.223101] NetLabel:  domain hash size = 128
[    1.227506] NetLabel:  protocols = UNLABELED CIPSOv4
[    1.232527] NetLabel:  unlabeled traffic allowed by default
[    1.238181] hpet0: at MMIO 0xfed00000, IRQs 2, 8, 0, 0, 0, 0, 0, 0
[    1.244681] hpet0: 8 comparators, 64-bit 14.318180 MHz counter
[    1.252581] Switching to clocksource hpet
[    1.260223] Switched to NOHz mode on CPU #0
[    1.260316] Switched to NOHz mode on CPU #2
[    1.260319] Switched to NOHz mode on CPU #1
[    1.260335] Switched to NOHz mode on CPU #3
[    1.277796] AppArmor: AppArmor Filesystem Enabled
[    1.282570] pnp: PnP ACPI init
[    1.285676] ACPI: bus type pnp registered
[    1.290259] system 00:05: [io  0x0680-0x069f] has been reserved
[    1.296243] system 00:05: [io  0xffff] has been reserved
[    1.301614] system 00:05: [io  0xffff] has been reserved
[    1.306984] system 00:05: [io  0xffff] has been reserved
[    1.312355] system 00:05: [io  0x0400-0x0453] has been reserved
[    1.318336] system 00:05: [io  0x0458-0x047f] has been reserved
[    1.324317] system 00:05: [io  0x0500-0x057f] has been reserved
[    1.330299] system 00:05: [io  0x164e-0x164f] has been reserved
[    1.336346] system 00:07: [io  0x0454-0x0457] has been reserved
[    1.342754] system 00:0a: [mem 0xfed1c000-0xfed1ffff] has been reserved
[    1.349434] system 00:0a: [mem 0xfed10000-0xfed17fff] has been reserved
[    1.356114] system 00:0a: [mem 0xfed18000-0xfed18fff] has been reserved
[    1.362792] system 00:0a: [mem 0xfed19000-0xfed19fff] has been reserved
[    1.369471] system 00:0a: [mem 0xf8000000-0xfbffffff] has been reserved
[    1.376149] system 00:0a: [mem 0xfed20000-0xfed3ffff] has been reserved
[    1.382828] system 00:0a: [mem 0xfed90000-0xfed93fff] has been reserved
[    1.389507] system 00:0a: [mem 0xfed45000-0xfed8ffff] has been reserved
[    1.396186] system 00:0a: [mem 0xff000000-0xffffffff] could not be reserved
[    1.403216] system 00:0a: [mem 0xfee00000-0xfeefffff] has been reserved
[    1.409948] system 00:0b: [mem 0x20000000-0x201fffff] has been reserved
[    1.416630] system 00:0b: [mem 0x40000000-0x401fffff] has been reserved
[    1.423392] pnp: PnP ACPI: found 12 devices
[    1.427628] ACPI: ACPI bus type pnp unregistered
[    1.432301] PnPBIOS: Disabled by ACPI PNP
[    1.471712] pci 0000:00:1c.0: PCI bridge to [bus 01-01]
[    1.476992] pci 0000:00:1c.0:   bridge window [io  disabled]
[    1.482717] pci 0000:00:1c.0:   bridge window [mem disabled]
[    1.488440] pci 0000:00:1c.0:   bridge window [mem pref disabled]
[    1.494601] pci 0000:00:1c.2: PCI bridge to [bus 02-02]
[    1.499885] pci 0000:00:1c.2:   bridge window [io  0x2000-0x2fff]
[    1.506046] pci 0000:00:1c.2:   bridge window [mem 0xe1000000-0xe19fffff]
[    1.512905] pci 0000:00:1c.2:   bridge window [mem 0xe0000000-0xe09fffff 64bit pref]
[    1.520735] pci 0000:00:1e.0: PCI bridge to [bus 03-03]
[    1.526016] pci 0000:00:1e.0:   bridge window [io  disabled]
[    1.531739] pci 0000:00:1e.0:   bridge window [mem disabled]
[    1.537460] pci 0000:00:1e.0:   bridge window [mem pref disabled]
[    1.543630] pci 0000:00:1c.0: PCI INT A -> GSI 16 (level, low) -> IRQ 16
[    1.550411] pci 0000:00:1c.2: PCI INT C -> GSI 18 (level, low) -> IRQ 18
[    1.557230] NET: Registered protocol family 2
[    1.561673] IP route cache hash table entries: 32768 (order: 5, 131072 bytes)
[    1.568970] TCP established hash table entries: 131072 (order: 8, 1048576 bytes)
[    1.576610] TCP bind hash table entries: 65536 (order: 7, 524288 bytes)
[    1.583359] TCP: Hash tables configured (established 131072 bind 65536)
[    1.590041] TCP reno registered
[    1.593229] UDP hash table entries: 512 (order: 2, 16384 bytes)
[    1.599212] UDP-Lite hash table entries: 512 (order: 2, 16384 bytes)
[    1.605683] NET: Registered protocol family 1
[    1.610612] pci 0000:00:1a.0: PCI INT A -> GSI 16 (level, low) -> IRQ 16
[    1.617392] pci 0000:00:1a.0: PCI INT A disabled
[    1.622079] pci 0000:00:1d.0: PCI INT A -> GSI 17 (level, low) -> IRQ 17
[    1.628857] pci 0000:00:1d.0: PCI INT A disabled
[    1.633541] Simple Boot Flag at 0xf3 set to 0x1
[    1.638423] audit: initializing netlink socket (disabled)
[    1.643884] type=2000 audit(1347978697.376:1): initialized
[    1.665781] highmem bounce pool size: 64 pages
[    1.670282] HugeTLB registered 4 MB page size, pre-allocated 0 pages
[    1.681612] VFS: Disk quotas dquot_6.5.2
[    1.685628] Dquot-cache hash table entries: 1024 (order 0, 4096 bytes)
[    1.692613] fuse init (API version 7.16)
[    1.696640] msgmni has been set to 1673
[    1.700819] Block layer SCSI generic (bsg) driver version 0.4 loaded (major 253)
[    1.708319] io scheduler noop registered
[    1.712290] io scheduler deadline registered
[    1.716617] io scheduler cfq registered (default)
[    1.721573] pci_hotplug: PCI Hot Plug PCI Core version: 0.5
[    1.727216] pciehp: PCI Express Hot Plug Controller Driver version: 0.4
[    1.733990] input: Power Button as /devices/LNXSYSTM:00/device:00/PNP0C0C:00/input/input0
[    1.742253] ACPI: Power Button [PWRB]
[    1.745987] input: Power Button as /devices/LNXSYSTM:00/LNXPWRBN:00/input/input1
[    1.753462] ACPI: Power Button [PWRF]
[    1.758167] ERST: Table is not found!
[    1.761904] isapnp: Scanning for PnP cards...
[    1.761936] Serial: 8250/16550 driver, 32 ports, IRQ sharing enabled
[    1.786708] serial8250: ttyS0 at I/O 0x3f8 (irq = 4) is a 16550A
[    2.153007] isapnp: No Plug & Play device found
[    2.221072] 00:09: ttyS0 at I/O 0x3f8 (irq = 4) is a 16550A
[    2.226772] serial 0000:00:16.3: PCI INT B -> GSI 17 (level, low) -> IRQ 17
[    2.253915] 0000:00:16.3: ttyS4 at I/O 0x30e0 (irq = 17) is a 16550A
[    2.260485] Linux agpgart interface v0.103
[    2.264686] agpgart-intel 0000:00:00.0: Intel Sandybridge Chipset
[    2.270885] agpgart-intel 0000:00:00.0: detected gtt size: 2097152K total, 262144K mappable
[    2.280013] agpgart-intel 0000:00:00.0: detected 65536K stolen memory
[    2.286606] agpgart-intel 0000:00:00.0: AGP aperture is 256M @ 0xd0000000
[    2.294172] brd: module loaded
[    2.297612] loop: module loaded
[    2.301060] Fixed MDIO Bus: probed
[    2.304522] PPP generic driver version 2.4.2
[    2.308865] tun: Universal TUN/TAP device driver, 1.6
[    2.313972] tun: (C) 1999-2004 Max Krasnyansky <maxk@qualcomm.com>
[    2.320253] ehci_hcd: USB 2.0 'Enhanced' Host Controller (EHCI) Driver
[    2.326861] ehci_hcd 0000:00:1a.0: PCI INT A -> GSI 16 (level, low) -> IRQ 16
[    2.334078] ehci_hcd 0000:00:1a.0: EHCI Host Controller
[    2.339383] ehci_hcd 0000:00:1a.0: new USB bus registered, assigned bus number 1
[    2.346877] ehci_hcd 0000:00:1a.0: debug port 2
[    2.355360] ehci_hcd 0000:00:1a.0: irq 16, io mem 0xe1a70000
[    2.376355] ehci_hcd 0000:00:1a.0: USB 2.0 started, EHCI 1.00
[    2.382225] hub 1-0:1.0: USB hub found
[    2.386029] hub 1-0:1.0: 3 ports detected
[    2.390127] ehci_hcd 0000:00:1d.0: PCI INT A -> GSI 17 (level, low) -> IRQ 17
[    2.397342] ehci_hcd 0000:00:1d.0: EHCI Host Controller
[    2.402642] ehci_hcd 0000:00:1d.0: new USB bus registered, assigned bus number 2
[    2.410137] ehci_hcd 0000:00:1d.0: debug port 2
[    2.418605] ehci_hcd 0000:00:1d.0: irq 17, io mem 0xe1a50000
[    2.436339] ehci_hcd 0000:00:1d.0: USB 2.0 started, EHCI 1.00
[    2.442203] hub 2-0:1.0: USB hub found
[    2.446003] hub 2-0:1.0: 3 ports detected
[    2.450098] ohci_hcd: USB 1.1 'Open' Host Controller (OHCI) Driver
[    2.456347] uhci_hcd: USB Universal Host Controller Interface driver
[    2.462812] i8042: PNP: PS/2 Controller [PNP0f13:MOU] at 0x60,0x64 irq 12
[    2.469665] i8042: PNP: PS/2 controller doesn't have KBD irq; using default 1
[    2.479518] serio: i8042 KBD port at 0x60,0x64 irq 1
[    2.484545] serio: i8042 AUX port at 0x60,0x64 irq 12
[    2.489721] mousedev: PS/2 mouse device common for all mice
[    2.495427] rtc_cmos 00:06: RTC can wake from S4
[    2.500178] rtc_cmos 00:06: rtc core: registered rtc_cmos as rtc0
[    2.506372] rtc0: alarms up to one year, y3k, 242 bytes nvram, hpet irqs
[    2.513190] device-mapper: uevent: version 1.0.3
[    2.518297] device-mapper: ioctl: 4.20.0-ioctl (2011-02-02) initialised: dm-devel@redhat.com
[    2.526844] EISA: Probing bus 0 at eisa.0
[    2.531020] EISA: Cannot allocate resource for mainboard
[    2.536391] Cannot allocate resource for EISA slot 1
[    2.541410] Cannot allocate resource for EISA slot 2
[    2.546657] Cannot allocate resource for EISA slot 3
[    2.551679] Cannot allocate resource for EISA slot 4
[    2.556699] Cannot allocate resource for EISA slot 5
[    2.561719] Cannot allocate resource for EISA slot 6
[    2.566739] Cannot allocate resource for EISA slot 7
[    2.571759] Cannot allocate resource for EISA slot 8
[    2.576779] EISA: Detected 0 cards.
[    2.580320] cpufreq-nforce2: No nForce2 chipset.
[    2.585055] cpuidle: using governor ladder
[    2.589344] cpuidle: using governor menu
[    2.593354] EFI Variables Facility v0.08 2004-May-17
[    2.598515] TCP cubic registered
[    2.601867] NET: Registered protocol family 10
[    2.606652] NET: Registered protocol family 17
[    2.611158] Registering the dns_resolver key type
[    2.615925] Using IPI No-Shortcut mode
[    2.619771] registered taskstats version 1
[    2.630348]   Magic number: 12:333:536
[    2.634160] bdi 1:14: hash matches
[    2.637614] tty ttyS16: hash matches
[    2.640296] Refined TSC clocksource calibration: 3092.971 MHz.
[    2.640299] Switching to clocksource tsc
[    2.651172] rtc_cmos 00:06: setting system clock to 2012-09-18 14:31:39 UTC (1347978699)
[    2.659937] BIOS EDD facility v0.16 2004-Jun-25, 0 devices found
[    2.666003] EDD information not available.
[    2.670361] Freeing unused kernel memory: 700k freed
[    2.675476] Write protecting the kernel text: 5312k
[    2.680452] Write protecting the kernel read-only data: 2176k
Loading, please wait...
[    2.696860] udev: starting version 151
[    2.700704] udevd (86): /proc/86/oom_adj is deprecated, please use /proc/86/oom_score_adj instead.
[    2.709766] usb 1-1: new high speed USB device number 2 using ehci_hcd
[    2.719851] e1000e: Intel(R) PRO/1000 Network Driver - 1.3.10-k2
[    2.725930] e1000e: Copyright(c) 1999 - 2011 Intel Corporation.
[    2.735968] [drm] Initialized drm 1.1.0 20060810
[    2.745050] e1000e 0000:00:19.0: PCI INT A -> GSI 20 (level, low) -> IRQ 20
[    2.848774] hub 1-1:1.0: USB hub found
[    2.852655] hub 1-1:1.0: 6 ports detected
[    2.946203] e1000e 0000:00:19.0: eth0: (PCI Express:2.5GT/s:Width x1) 78:2b:cb:a5:c9:f0
[    2.954290] e1000e 0000:00:19.0: eth0: Intel(R) PRO/1000 Network Connection
[    2.961348] e1000e 0000:00:19.0: eth0: MAC: 10, PHY: 11, PBA No: E041FF-0FF
[    2.968220] usb 2-1: new high speed USB device number 2 using ehci_hcd
[    2.975017] i915 0000:00:02.0: PCI INT A -> GSI 16 (level, low) -> IRQ 16
[    2.993836] [drm] Supports vblank timestamp caching Rev 1 (10.10.2010).
[    3.000518] [drm] Driver supports precise vblank timestamp query.
[    3.006694] vgaarb: device changed decodes: PCI:0000:00:02.0,olddecodes=io+mem,decodes=io+mem:owns=io+mem
[    3.100842] hub 2-1:1.0: USB hub found
[    3.104702] hub 2-1:1.0: 8 ports detected
[    3.143139] fbcon: inteldrmfb (fb0) is primary device
[    3.180346] usb 1-1.4: new low speed USB device number 3 using ehci_hcd
[    3.281677] input: PIXART USB OPTICAL MOUSE as /devices/pci0000:00/0000:00:1a.0/usb1/1-1/1-1.4/1-1.4:1.0/input/input2
[    3.281765] generic-usb 0003:093A:2510.0001: input,hidraw0: USB HID v1.11 Mouse [PIXART USB OPTICAL MOUSE] on usb-0000:00:1a.0-1.4/input0
[    3.281778] usbcore: registered new interface driver usbhid
[    3.281779] usbhid: USB HID core driver
[    3.320465] Console: switching to colour frame buffer device 128x48
[    3.367693] fb0: inteldrmfb frame buffer device
[    3.372259] drm: registered panic notifier
[    3.376721] acpi device:02: registered as cooling_device4
[    3.382255] usb 2-1.1: new high speed USB device number 3 using ehci_hcd
[    3.382334] input: Video Bus as /devices/LNXSYSTM:00/device:00/PNP0A08:00/LNXVIDEO:00/input/input3
[    3.382374] ACPI: Video Device [GFX0] (multi-head: yes  rom: no  post: no)
[    3.382397] [drm] Initialized i915 1.6.0 20080730 for 0000:00:02.0 on minor 0
Begin: Loading essential drivers[    3.481079] jme: JMicron JMC2XX ethernet driver version 1.0.8
... ...
[    3.488219] nbd: registered device at major 43
[    3.495022] squashfs: version 4.0 (2009/01/31) Phillip Lougher
[    3.502803] aufs 2.1-standalone.tree-3.0-rcN-20110620
[    3.504805] hub 2-1.1:1.0: USB hub found
[    3.504858] hub 2-1.1:1.0: 4 ports detected
Done.
Begin: Running /scripts/init-premount ...
[    3.576254] usb 2-1.2: new low speed USB device number 4 using ehci_hcd
[    3.705099] input:   USB Keyboard as /devices/pci0000:00/0000:00:1d.0/usb2/2-1/2-1.2/2-1.2:1.0/input/input4
[    3.714984] generic-usb 0003:04D9:1603.0002: input,hidraw1: USB HID v1.10 Keyboard [  USB Keyboard] on usb-0000:00:1d.0-1.2/input0
[    3.743043] input:   USB Keyboard as /devices/pci0000:00/0000:00:1d.0/usb2/2-1/2-1.2/2-1.2:1.1/input/input5
[    3.752927] generic-usb 0003:04D9:1603.0003: input,hidraw2: USB HID v1.10 Device [  USB Keyboard] on usb-0000:00:1d.0-1.2/input1
[    3.836197] usb 2-1.7: new high speed USB device number 5 using ehci_hcd
[    3.938783] Initializing USB Mass Storage driver...
[    3.943812] scsi0 : usb-storage 2-1.7:1.0
[    3.947915] usbcore: registered new interface driver usb-storage
[    3.953964] USB Mass Storage support registered.
[    4.008158] usb 2-1.8: new high speed USB device number 6 using ehci_hcd
[    4.672008] usb 2-1.1.1: new full speed USB device number 7 using ehci_hcd
[    4.708056] ADDRCONF(NETDEV_UP): eth0: link is not ready
[    4.792651] input: SMART Technologies Inc. SMART Interactive Whiteboard Controller (SB6) as /devices/pci0000:00/0000:00:1d.0/usb2/2-1/2-1.1/2-1.1.1/2-1.1.1:1.0/input/input6
[    4.808237] generic-usb 0003:0B8C:0001.0004: input,hidraw3: USB HID v1.11 Mouse [SMART Technologies Inc. SMART Interactive Whiteboard Controller (SB6)] on usb-0000:00:1d.0-1.1.1/input0
DHCP request for eth0...
udhcpc[258]: udhcpc (v0.9.9-pre) started
udhcpc[258]: Sending discover...
[    4.911953] usb 2-1.1.4: new full speed USB device number 8 using ehci_hcd
[    4.944530] scsi 0:0:0:0: Direct-Access     Kingston DataTraveler 2.0 PMAP PQ: 0 ANSI: 0 CCS
[    4.987984] sd 0:0:0:0: Attached scsi generic sg0 type 0
[    4.988557] sd 0:0:0:0: [sda] 977664 512-byte logical blocks: (500 MB/477 MiB)
[    4.989054] sd 0:0:0:0: [sda] Write Protect is off
[    4.989538] sd 0:0:0:0: [sda] No Caching mode page present
[    4.989539] sd 0:0:0:0: [sda] Assuming drive cache: write through
[    4.992143] sd 0:0:0:0: [sda] No Caching mode page present
[    4.992144] sd 0:0:0:0: [sda] Assuming drive cache: write through
[    4.993527]  sda: sda1
[    5.033010] sd 0:0:0:0: [sda] No Caching mode page present
[    5.038536] sd 0:0:0:0: [sda] Assuming drive cache: write through
[    5.044670] sd 0:0:0:0: [sda] Attached SCSI removable disk
[    6.305308] e1000e: eth0 NIC Link is Up 100 Mbps Full Duplex, Flow Control: None
[    6.312758] e1000e 0000:00:19.0: eth0: 10/100 speed: disabling TSO
[    6.319087] ADDRCONF(NETDEV_CHANGE): eth0: link becomes ready
udhcpc[258]: Sending discover...
udhcpc[258]: Sending discover...
udhcpc[258]: Sending select for 10.249.1.19...
udhcpc[258]: Lease of 10.249.1.19 obtained, lease time 7200
Done.
eth0 configured at 10.249.1.19:10.249.0.243:10.249.0.243:255.255.252.0:testaus-optiplex-790.toimisto.opinsys.fi
Done.
Begin: Mounting root file system... ...
Begin: Running /scripts/nfs-top ...
Done.
Negotiation: ..size[    9.183954]  nbd0: unknown partition table
 = 10415980KB
bs=1024, sz=10415980
Begin: Running /scripts/nfs-bottom ...
Done.
Done.
Begin: Running /scripts/init-bottom ...
Done.
[   12.123888] SysRq : Changing Loglevel
[   12.128371] Loglevel set to 9
Extrabootti
Extrat ohi
[   12.573292] usbcore: registered new interface driver snd-usb-audio
[   12.728241] hda_codec: ALC269: SKU not ready 0x411111f0
[   12.734833] hda_codec: ALC269VB: BIOS auto-probing.
[   12.760262] HDMI status: Pin=6 Presence_Detect=0 ELD_Valid=0
[   12.766838] input: HDA Intel PCH HDMI/DP,pcm=3 as /devices/pci0000:00/0000:00:1b.0/sound/card0/input8
[   12.776941] input: HDA Intel PCH Headphone as /devices/pci0000:00/0000:00:1b.0/sound/card0/input9
[   13.168910] set resolution quirk: cval->res = 384
[   17.297040] eth0: no IPv6 routers present
(Reading database ... (Reading database ... 5%(Reading database ... 10%(Reading database ... 15%(Reading database ... 20%(Reading database ... 25%(Reading database ... 30%(Reading database ... 35%(Reading database ... 40%(Reading database ... 45%(Reading database ... 50%(Reading database ... 55%(Reading database ... 60%(Reading database ... 65%(Reading database ... 70%(Reading database ... 75%(Reading database ... 80%(Reading database ... 85%(Reading database ... 90%(Reading database ... 95%(Reading database ... 100%(Reading database ... 513162 files and directories currently installed.)
Preparing to replace libdrm-dev 2.4.18-1ubuntu3 (using libdrm-dev_2.4.26~glasen~lucid~ppa3_i386.deb) ...
Unpacking replacement libdrm-dev ...
Preparing to replace libdrm-intel1 2.4.18-1ubuntu3 (using libdrm-intel1_2.4.26~glasen~lucid~ppa3_i386.deb) ...
Unpacking replacement libdrm-intel1 ...
Preparing to replace libdrm-nouveau1 2.4.18-1ubuntu3 (using libdrm-nouveau1_2.4.26~glasen~lucid~ppa3_i386.deb) ...
Unpacking replacement libdrm-nouveau1 ...
Preparing to replace libdrm-radeon1 2.4.18-1ubuntu3 (using libdrm-radeon1_2.4.26~glasen~lucid~ppa3_i386.deb) ...
Unpacking replacement libdrm-radeon1 ...
Preparing to replace libdrm2 2.4.18-1ubuntu3 (using libdrm2_2.4.26~glasen~lucid~ppa3_i386.deb) ...
Unpacking replacement libdrm2 ...
Preparing to replace libgl1-mesa-dev 7.7.1-1ubuntu3 (using libgl1-mesa-dev_7.8~really7.10.3~glasen~ppa1_i386.deb) ...
Unpacking replacement libgl1-mesa-dev ...
Preparing to replace libgl1-mesa-dri 7.7.1-1ubuntu3 (using libgl1-mesa-dri_7.8~really7.10.3~glasen~ppa1_i386.deb) ...
Unpacking replacement libgl1-mesa-dri ...
Preparing to replace libgl1-mesa-glx 7.7.1-1ubuntu3 (using libgl1-mesa-glx_7.8~really7.10.3~glasen~ppa1_i386.deb) ...
Unpacking replacement libgl1-mesa-glx ...
Preparing to replace libglu1-mesa-dev 7.7.1-1ubuntu3 (using libglu1-mesa-dev_7.8~really7.10.3~glasen~ppa1_i386.deb) ...
Unpacking replacement libglu1-mesa-dev ...
Preparing to replace libglu1-mesa 7.7.1-1ubuntu3 (using libglu1-mesa_7.8~really7.10.3~glasen~ppa1_i386.deb) ...
Unpacking replacement libglu1-mesa ...
Selecting previously deselected package libxext-dev.
Unpacking libxext-dev (from libxext-dev_2%3a1.1.1-2_i386.deb) ...
Preparing to replace mesa-common-dev 7.7.1-1ubuntu3 (using mesa-common-dev_7.8~really7.10.3~glasen~ppa1_i386.deb) ...
Unpacking replacement mesa-common-dev ...
Selecting previously deselected package x11proto-xext-dev.
Unpacking x11proto-xext-dev (from x11proto-xext-dev_7.1.1-2_all.deb) ...
Preparing to replace xserver-xorg-video-intel 2:2.9.1-3ubuntu5 (using xserver-xorg-video-intel_2.15.0~lucid~ppa9_i386.deb) ...
Unpacking replacement xserver-xorg-video-intel ...
Setting up libdrm2 (2.4.26~glasen~lucid~ppa3) ...

Setting up libgl1-mesa-glx (7.8~really7.10.3~glasen~ppa1) ...

Setting up libglu1-mesa (7.8~really7.10.3~glasen~ppa1) ...

Setting up mesa-common-dev (7.8~really7.10.3~glasen~ppa1) ...
Setting up x11proto-xext-dev (7.1.1-2) ...
Setting up libdrm-intel1 (2.4.26~glasen~lucid~ppa3) ...

Setting up libdrm-nouveau1 (2.4.26~glasen~lucid~ppa3) ...

Setting up libdrm-radeon1 (2.4.26~glasen~lucid~ppa3) ...

Setting up libgl1-mesa-dri (7.8~really7.10.3~glasen~ppa1) ...
Setting up libxext-dev (2:1.1.1-2) ...
Setting up xserver-xorg-video-intel (2:2.15.0~lucid~ppa9) ...

Setting up libdrm-dev (2.4.26~glasen~lucid~ppa3) ...
Processing triggers for man-db ...
Setting up libgl1-mesa-dev (7.8~really7.10.3~glasen~ppa1) ...
Setting up libglu1-mesa-dev (7.8~really7.10.3~glasen~ppa1) ...
Processing triggers for libc-bin ...
ldconfig deferred processing now taking place
Reading package lists... 0%Reading package lists... 0%Reading package lists... 4%Reading package lists... Done
Building dependency tree... 0%Building dependency tree... 0%Building dependency tree... 50%Building dependency tree... 50%Building dependency tree
Reading state information... 0%Reading state information... 0%Reading state information... Done
cue2toc is already the newest version.
The following packages were automatically installed and are no longer required:
  mobile-broadband-provider-info python-gtkspell gdb libdrm-dev
  python-egenix-mxdatetime python-egenix-mxtools intel-gpu-tools
  python-indicate
Use 'apt-get autoremove' to remove them.
0 upgraded, 0 newly installed, 0 to remove and 0 not upgraded.
Reading package lists... 0%Reading package lists... 100%Reading package lists... Done
Building dependency tree... 0%Building dependency tree... 0%Building dependency tree... 50%Building dependency tree... 50%Building dependency tree
Reading state information... 0%Reading state information... 0%Reading state information... Done
cdrdao is already the newest version.
The following packages were automatically installed and are no longer required:
  mobile-broadband-provider-info python-gtkspell gdb libdrm-dev
  python-egenix-mxdatetime python-egenix-mxtools intel-gpu-tools
  python-indicate
Use 'apt-get autoremove' to remove them.
0 upgraded, 0 newly installed, 0 to remove and 0 not upgraded.
[0;36mnotice: //netboot::service::syslog/File[/etc/rsyslog.d/ltsp.conf]/content: defined content as 'unknown checksum'[0m
[0;36mnotice: //netboot::service::syslog/File[/etc/rsyslog.d/ltsp.conf]/owner: defined 'owner' as 'root'[0m
[0;36mnotice: //netboot::service::syslog/File[/etc/rsyslog.d/ltsp.conf]/group: defined 'group' as 'root'[0m
[0;36mnotice: //netboot::service::syslog/File[/etc/rsyslog.d/ltsp.conf]/mode: defined 'mode' as '644'[0m
[0;36mnotice: //netboot::service::syslog/Service[rsyslog]: Triggering 'refresh' from 4 dependencies[0m
[0;36mnotice: //netboot::send_bootinfo/Exec[send lspci]/returns: executed successfully[0m
[0;36mnotice: //netboot::send_bootinfo/Exec[send lsusb]/returns: executed successfully[0m
[0;36mnotice: //whiteboard::smartboard::enable/File[/etc/X11/Xsession.d/98smart_1-_Tools]/content: content changed '{md5}1c474dc8b96c43c29e2e075f323b70bb' to 'unknown checksum'[0m
[0;36mnotice: //netboot::service/File[/etc/opinsys/service]/ensure: created[0m
[0;36mnotice: //netboot::service::homedirlookupdb/Exec[fetch homedirlookupdb]/returns: executed successfully[0m
[0;36mnotice: //desktop/File[/etc/opinsys/desktop/puavodomain]/content: content changed '{md5}68b329da9893e34099c7d8ad5cb9c940' to 'unknown checksum'[0m
[0;36mnotice: //netboot::desktop::fatclient/Exec[fetch nautilus_bookmarks.yaml]/returns: executed successfully[0m
[0;36mnotice: //desktop::language/File[/etc/opinsys/desktop/language]/content: content changed '{md5}68b329da9893e34099c7d8ad5cb9c940' to 'unknown checksum'[0m
[0;36mnotice: //whiteboard::smartboard::enable/File[/etc/X11/Xsession.d/98smart_1-_Service]/content: content changed '{md5}7dc25759a56f3428cc6cd326f9e1e277' to 'unknown checksum'[0m
[0;36mnotice: //puavo/File[/etc/opinsys/puavo/eduorglegalname]/content: content changed '{md5}68b329da9893e34099c7d8ad5cb9c940' to 'unknown checksum'[0m
[0;36mnotice: //puavo/File[/etc/opinsys/puavo/serverhost]/content: content changed '{md5}68b329da9893e34099c7d8ad5cb9c940' to 'unknown checksum'[0m
[0;36mnotice: //webapps::prism::puavo_password/Webapps::Prism::App[puavo_password]/File[/usr/local/share/webapps/prism/puavo_password/webapp.ini]/content: content changed '{md5}901d390d506d2bc4452cc75826fbeb6e' to 'unknown checksum'[0m
[0;36mnotice: //netboot::service::nfs/File[/etc/idmapd.conf]/content: content changed '{md5}3e94f238294cc61b047e7ae50115dffc' to 'unknown checksum'[0m
[0;36mnotice: //netboot::service::kerberos/File[/etc/krb5.conf]/content: content changed '{md5}5c7a78f8058b00724adc5bce70b77921' to 'unknown checksum'[0m
[0;36mnotice: //netboot::service::nfs/File[/etc/auto.home]/content: defined content as 'unknown checksum'[0m
[0;36mnotice: //netboot::service::nfs/File[/etc/auto.home]/owner: defined 'owner' as 'root'[0m
[0;36mnotice: //netboot::service::nfs/File[/etc/auto.home]/group: defined 'group' as 'root'[0m
[0;36mnotice: //netboot::service::nfs/File[/etc/auto.home]/mode: defined 'mode' as '644'[0m
[0;36mnotice: //netboot::service::ldap/File[/etc/ldap/ldap.conf]/content: content changed '{md5}b2d7a7d9193b6ebe79e049f4b590f44d' to 'unknown checksum'[0m
[0;36mnotice: //netboot::service::nfs/File[/etc/auto.other]/ensure: created[0m
[0;36mnotice: //netboot::service::nfs/File[/etc/auto.master]/content: content changed '{md5}912fb7064ec0d6b2c180293537dd5ff9' to 'unknown checksum'[0m
[0;36mnotice: //netboot::service::ldap/File[/etc/nslcd.conf]/content: content changed '{md5}20362d754d5f802a75bbcfcc1c4ea784' to 'unknown checksum'[0m
[0;36mnotice: //whiteboard::promethean::license/Exec[get promethean/.inspire_license.xml]/returns: executed successfully[0m
[0;36mnotice: //whiteboard::mimio::license/Exec[get mimio/global.reg]/returns: executed successfully[0m
[0;36mnotice: //whiteboard::mimio::license/Exec[get mimio/shared.reg]/returns: executed successfully[0m
[0;36mnotice: //netboot/Exec[/usr/bin/rdate ntp]/returns: executed successfully[0m
[0;36mnotice: //whiteboard::smartboard::license/Exec[get smartboard/.mp.1.1.dat]/returns: executed successfully[0m
 * Setting up LTSP client...       [80G [74G[ OK ]
 * Starting LTSP client......       [80G [74G[ OK ]

Ubuntu 10.04.4 LTS testaus-optiplex-790 ttyS0

testaus-optiplex-790 login: acpid: exiting

ininit: idmapd main process (1135) killed by TERM signal
init: gssd main process (1137) terminated with status 1
init: cron main process (2483) killed by TERM signal
init: tty1 main process (2581) killed by TERM signal
init: ttyS0 main process (2609) killed by TERM signal
init: Disconnected from system bus
 * Will now halt
[159584.676044] Power down.
  !! Entry Point PMM
!! PMM Func00 Alloc
! PMM extended
!! PMM Allocate Req
!! PMM anonymous req
esi = 00060800
!! PMM records available
!! PMM Exit
!! Entry Point PMM
!! PMM Func00 Alloc
! PMM extended
!! PMM Allocate Req
!! PMM anonymous req
esi = 00060800
!! PMM records available
!! PMM Exit
[    0.000000] Initializing cgroup subsys cpuset
[    0.000000] Initializing cgroup subsys cpu
[    0.000000] Linux version 3.0.0-23-generic (buildd@panlong) (gcc version 4.4.3 (Ubuntu 4.4.3-4ubuntu5.1) ) #39~lucid1-Ubuntu SMP Fri Jul 20 18:21:12 UTC 2012 (Ubuntu 3.0.0-23.39~lucid1-generic 3.0.36)
[    0.000000] KERNEL supported cpus:
[    0.000000]   Intel GenuineIntel
[    0.000000]   AMD AuthenticAMD
[    0.000000]   NSC Geode by NSC
[    0.000000]   Cyrix CyrixInstead
[    0.000000]   Centaur CentaurHauls
[    0.000000]   Transmeta GenuineTMx86
[    0.000000]   Transmeta TransmetaCPU
[    0.000000]   UMC UMC UMC UMC
[    0.000000] BIOS-provided physical RAM map:
[    0.000000]  BIOS-e820: 0000000000000000 - 000000000009ac00 (usable)
[    0.000000]  BIOS-e820: 000000000009ac00 - 00000000000a0000 (reserved)
[    0.000000]  BIOS-e820: 00000000000e0000 - 0000000000100000 (reserved)
[    0.000000]  BIOS-e820: 0000000000100000 - 0000000020000000 (usable)
[    0.000000]  BIOS-e820: 0000000020000000 - 0000000020200000 (reserved)
[    0.000000]  BIOS-e820: 0000000020200000 - 0000000040000000 (usable)
[    0.000000]  BIOS-e820: 0000000040000000 - 0000000040200000 (reserved)
[    0.000000]  BIOS-e820: 0000000040200000 - 00000000ca9fd000 (usable)
[    0.000000]  BIOS-e820: 00000000ca9fd000 - 00000000caa41000 (reserved)
[    0.000000]  BIOS-e820: 00000000caa41000 - 00000000cadb7000 (usable)
[    0.000000]  BIOS-e820: 00000000cadb7000 - 00000000cade7000 (reserved)
[    0.000000]  BIOS-e820: 00000000cade7000 - 00000000cafe7000 (ACPI NVS)
[    0.000000]  BIOS-e820: 00000000cafe7000 - 00000000cafff000 (ACPI data)
[    0.000000]  BIOS-e820: 00000000cafff000 - 00000000cb000000 (usable)
[    0.000000]  BIOS-e820: 00000000fed1c000 - 00000000fed20000 (reserved)
[    0.000000]  BIOS-e820: 00000000ffc00000 - 00000000ffc20000 (reserved)
[    0.000000]  BIOS-e820: 0000000100000000 - 000000012e000000 (usable)
[    0.000000] Notice: NX (Execute Disable) protection cannot be enabled in hardware: non-PAE kernel!
[    0.000000] NX (Execute Disable) protection: approximated by x86 segment limits
[    0.000000] DMI 2.6 present.
[    0.000000] last_pfn = 0xcb000 max_arch_pfn = 0x100000
[    0.000000] x86 PAT enabled: cpu 0, old 0x7040600070406, new 0x7010600070106
[    0.000000] total RAM covered: 3984M
[    0.000000] Found optimal setting for mtrr clean up
[    0.000000]  gran_size: 64K 	chunk_size: 64M 	num_reg: 8  	lose cover RAM: 0G
[    0.000000] found SMP MP-table at [c00f2100] f2100
[    0.000000] init_memory_mapping: 0000000000000000-00000000377fe000
[    0.000000] RAMDISK: 1f682000 - 1ffd0000
[    0.000000] ACPI: RSDP 000fe300 00024 (v02 DELL  )
[    0.000000] ACPI: XSDT caffde18 00064 (v01 DELL    CBX3    06222004 MSFT 00010013)
[    0.000000] ACPI: FACP caf87d98 000F4 (v04 DELL    CBX3    06222004 MSFT 00010013)
[    0.000000] ACPI Warning: 32/64 FACS address mismatch in FADT - two FACS tables! (20110413/tbfadt-365)
[    0.000000] ACPI Warning: 32/64X FACS address mismatch in FADT - 0xCAFE4E40/0x00000000CAFE4D40, using 32 (20110413/tbfadt-489)
[    0.000000] ACPI: DSDT caf72018 07485 (v02 INT430 SYSFexxx 00001001 INTL 20090903)
[    0.000000] ACPI: FACS cafe4e40 00040
[    0.000000] ACPI: APIC caffcf18 000CC (v02 DELL    CBX3    06222004 MSFT 00010013)
[    0.000000] ACPI: TCPA cafe5d18 00032 (v02                 00000000      00000000)
[    0.000000] ACPI: MCFG cafe5c98 0003C (v01 DELL   SNDYBRDG 06222004 MSFT 00000097)
[    0.000000] ACPI: HPET cafe5c18 00038 (v01 A M I   PCHHPET 06222004 AMI. 00000003)
[    0.000000] ACPI: BOOT cafe5b98 00028 (v01 DELL   CBX3     06222004 AMI  00010013)
[    0.000000] ACPI: SSDT cafe6898 0073E (v01  PmRef  Cpu0Ist 00003000 INTL 20090903)
[    0.000000] ACPI: SSDT caf7e018 00996 (v01  PmRef    CpuPm 00003000 INTL 20090903)
[    0.000000] 2360MB HIGHMEM available.
[    0.000000] 887MB LOWMEM available.
[    0.000000]   mapped low ram: 0 - 377fe000
[    0.000000]   low ram: 0 - 377fe000
[    0.000000] Zone PFN ranges:
[    0.000000]   DMA      0x00000010 -> 0x00001000
[    0.000000]   Normal   0x00001000 -> 0x000377fe
[    0.000000]   HighMem  0x000377fe -> 0x000cb000
[    0.000000] Movable zone start PFN for each node
[    0.000000] early_node_map[6] active PFN ranges
[    0.000000]     0: 0x00000010 -> 0x0000009a
[    0.000000]     0: 0x00000100 -> 0x00020000
[    0.000000]     0: 0x00020200 -> 0x00040000
[    0.000000]     0: 0x00040200 -> 0x000ca9fd
[    0.000000]     0: 0x000caa41 -> 0x000cadb7
[    0.000000]     0: 0x000cafff -> 0x000cb000
[    0.000000] Using APIC driver default
[    0.000000] ACPI: PM-Timer IO Port: 0x408
[    0.000000] ACPI: LAPIC (acpi_id[0x01] lapic_id[0x00] enabled)
[    0.000000] ACPI: LAPIC (acpi_id[0x02] lapic_id[0x02] enabled)
[    0.000000] ACPI: LAPIC (acpi_id[0x03] lapic_id[0x01] enabled)
[    0.000000] ACPI: LAPIC (acpi_id[0x04] lapic_id[0x03] enabled)
[    0.000000] ACPI: LAPIC (acpi_id[0x05] lapic_id[0x04] disabled)
[    0.000000] ACPI: LAPIC (acpi_id[0x06] lapic_id[0x05] disabled)
[    0.000000] ACPI: LAPIC (acpi_id[0x07] lapic_id[0x06] disabled)
[    0.000000] ACPI: LAPIC (acpi_id[0x08] lapic_id[0x07] disabled)
[    0.000000] ACPI: LAPIC (acpi_id[0x09] lapic_id[0x08] disabled)
[    0.000000] ACPI: LAPIC (acpi_id[0x0a] lapic_id[0x09] disabled)
[    0.000000] ACPI: LAPIC (acpi_id[0x0b] lapic_id[0x0a] disabled)
[    0.000000] ACPI: LAPIC (acpi_id[0x0c] lapic_id[0x0b] disabled)
[    0.000000] ACPI: LAPIC (acpi_id[0x0d] lapic_id[0x0c] disabled)
[    0.000000] ACPI: LAPIC (acpi_id[0x0e] lapic_id[0x0d] disabled)
[    0.000000] ACPI: LAPIC (acpi_id[0x0f] lapic_id[0x0e] disabled)
[    0.000000] ACPI: LAPIC (acpi_id[0x10] lapic_id[0x0f] disabled)
[    0.000000] ACPI: IOAPIC (id[0x02] address[0xfec00000] gsi_base[0])
[    0.000000] IOAPIC[0]: apic_id 2, version 32, address 0xfec00000, GSI 0-23
[    0.000000] ACPI: INT_SRC_OVR (bus 0 bus_irq 0 global_irq 2 dfl dfl)
[    0.000000] ACPI: INT_SRC_OVR (bus 0 bus_irq 9 global_irq 9 high level)
[    0.000000] Using ACPI (MADT) for SMP configuration information
[    0.000000] ACPI: HPET id: 0x8086a701 base: 0xfed00000
[    0.000000] 16 Processors exceeds NR_CPUS limit of 8
[    0.000000] SMP: Allowing 8 CPUs, 4 hotplug CPUs
[    0.000000] PM: Registered nosave memory: 000000000009a000 - 000000000009b000
[    0.000000] PM: Registered nosave memory: 000000000009b000 - 00000000000a0000
[    0.000000] PM: Registered nosave memory: 00000000000a0000 - 00000000000e0000
[    0.000000] PM: Registered nosave memory: 00000000000e0000 - 0000000000100000
[    0.000000] PM: Registered nosave memory: 0000000020000000 - 0000000020200000
[    0.000000] Allocating PCI resources starting at cb000000 (gap: cb000000:33d1c000)
[    0.000000] Booting paravirtualized kernel on bare hardware
[    0.000000] setup_percpu: NR_CPUS:8 nr_cpumask_bits:8 nr_cpu_ids:8 nr_node_ids:1
[    0.000000] PERCPU: Embedded 12 pages/cpu @f5e2b000 s26176 r0 d22976 u49152
[    0.000000] Built 1 zonelists in Zone order, mobility grouping on.  Total pages: 823197
[    0.000000] Kernel command line: ro initrd=ltsp/i386/initrd.img-generic-lts-backport-oneiric reboot=pci console=tty0 console=ttyS0,115200n81 BOOT_IMAGE=ltsp/i386/vmlinuz-generic-lts-backport-oneiric
[    0.000000] PID hash table entries: 4096 (order: 2, 16384 bytes)
[    0.000000] Dentry cache hash table entries: 131072 (order: 7, 524288 bytes)
[    0.000000] Inode-cache hash table entries: 65536 (order: 6, 262144 bytes)
[    0.000000] Initializing CPU#0
[    0.000000] xsave/xrstor: enabled xstate_bv 0x7, cntxt size 0x340
[    0.000000] allocated 13303552 bytes of page_cgroup
[    0.000000] please try 'cgroup_disable=memory' option if you don't want memory cgroups
[    0.000000] Initializing HighMem for node 0 (000377fe:000cb000)
[    0.000000] Memory: 3259504k/3325952k available (5310k kernel code, 59272k reserved, 2578k data, 700k init, 2411992k highmem)
[    0.000000] virtual kernel memory layout:
[    0.000000]     fixmap  : 0xfff16000 - 0xfffff000   ( 932 kB)
[    0.000000]     pkmap   : 0xff800000 - 0xffc00000   (4096 kB)
[    0.000000]     vmalloc : 0xf7ffe000 - 0xff7fe000   ( 120 MB)
[    0.000000]     lowmem  : 0xc0000000 - 0xf77fe000   ( 887 MB)
[    0.000000]       .init : 0xc17b5000 - 0xc1864000   ( 700 kB)
[    0.000000]       .data : 0xc152fb6d - 0xc17b4700   (2578 kB)
[    0.000000]       .text : 0xc1000000 - 0xc152fb6d   (5310 kB)
[    0.000000] Checking if this processor honours the WP bit even in supervisor mode...Ok.
[    0.000000] SLUB: Genslabs=15, HWalign=64, Order=0-3, MinObjects=0, CPUs=8, Nodes=1
[    0.000000] Hierarchical RCU implementation.
[    0.000000] 	RCU dyntick-idle grace-period acceleration is enabled.
[    0.000000] NR_IRQS:2304 nr_irqs:744 16
[    0.000000] Extended CMOS year: 2000
[    0.000000] Console: colour VGA+ 80x25
[    0.000000] console [tty0] enabled
[    0.000000] console [ttyS0] enabled
[    0.000000] Fast TSC calibration using PIT
[    0.004000] Detected 3093.077 MHz processor.
[    0.000001] Calibrating delay loop (skipped), value calculated using timer frequency.. 6186.15 BogoMIPS (lpj=12372308)
[    0.010810] pid_max: default: 32768 minimum: 301
[    0.015489] Security Framework initialized
[    0.019637] AppArmor: AppArmor initialized
[    0.023779] Yama: becoming mindful.
[    0.027342] Mount-cache hash table entries: 512
[    0.031994] Initializing cgroup subsys cpuacct
[    0.036487] Initializing cgroup subsys memory
[    0.040893] Initializing cgroup subsys devices
[    0.045384] Initializing cgroup subsys freezer
[    0.049874] Initializing cgroup subsys net_cls
[    0.054362] Initializing cgroup subsys blkio
[    0.058680] Initializing cgroup subsys perf_event
[    0.063449] CPU: Physical Processor ID: 0
[    0.067503] CPU: Processor Core ID: 0
[    0.071211] ENERGY_PERF_BIAS: Set to 'normal', was 'performance'
[    0.071212] ENERGY_PERF_BIAS: View and update with x86_energy_perf_policy(8)
[    0.084365] mce: CPU supports 7 MCE banks
[    0.088929] CPU0: Thermal monitoring enabled (TM1)
[    0.093772] using mwait in idle threads.
[    0.099514] ACPI: Core revision 20110413
[    0.106703] ftrace: allocating 23593 entries in 47 pages
[    0.118939] Enabling APIC mode:  Flat.  Using 1 I/O APICs
[    0.124777] ..TIMER: vector=0x30 apic1=0 pin1=2 apic2=-1 pin2=-1
[    0.170505] CPU0: Intel(R) Core(TM) i3-2100 CPU @ 3.10GHz stepping 07
[    0.284498] Performance Events: PEBS fmt1+, SandyBridge events, Intel PMU driver.
[    0.292129] ... version:                3
[    0.296176] ... bit width:              48
[    0.300310] ... generic registers:      4
[    0.304358] ... value mask:             0000ffffffffffff
[    0.309712] ... max period:             000000007fffffff
[    0.315064] ... fixed-purpose events:   3
[    0.319110] ... event mask:             000000070000000f
[    0.324576] Booting Node   0, Processors  #1
[    0.339143] Initializing CPU#1
[    0.440612]  #2
[    0.452640] Initializing CPU#2
[    0.552581]  #3
[    0.564590] Initializing CPU#3
[    0.664517] Brought up 4 CPUs
[    0.667518] Total of 4 processors activated (24743.12 BogoMIPS).
[    0.675588] devtmpfs: initialized
[    0.679035] PM: Registering ACPI NVS region at cade7000 (2097152 bytes)
[    0.686835] print_constraints: dummy:
[    0.690645] Time: 10:52:49  Date: 09/20/12
[    0.694804] NET: Registered protocol family 16
[    0.699354] Trying to unpack rootfs image as initramfs...
[    0.699359] EISA bus registered
[    0.699364] ACPI FADT declares the system doesn't support PCIe ASPM, so disable it
[    0.699365] ACPI: bus type pci registered
[    0.699410] PCI: MMCONFIG for domain 0000 [bus 00-3f] at [mem 0xf8000000-0xfbffffff] (base 0xf8000000)
[    0.699412] PCI: not using MMCONFIG
[    0.699455] PCI: PCI BIOS revision 2.10 entry at 0xfce72, last bus=3
[    0.699456] PCI: Using configuration type 1 for base access
[    0.699461] dmi type 0xB1 record - unknown flag
[    0.699998] bio: create slab <bio-0> at 0
[    0.772401] [Firmware Bug]: ACPI: BIOS _OSI(Linux) query ignored
[    0.778518] [Firmware Bug]: ACPI: BIOS _OSI(Linux) query ignored
[    0.856616] ACPI: SSDT cadd7718 0067C (v01  PmRef  Cpu0Cst 00003001 INTL 20090903)
[    0.864584] ACPI: Dynamic OEM Table Load:
[    0.868690] ACPI: SSDT   (null) 0067C (v01  PmRef  Cpu0Cst 00003001 INTL 20090903)
[    0.888531] ACPI: SSDT cadd8a98 00303 (v01  PmRef    ApIst 00003000 INTL 20090903)
[    0.896528] ACPI: Dynamic OEM Table Load:
[    0.898397] Freeing initrd memory: 9528k freed
[    0.905126]
[    0.906648] ACPI: SSDT   (null) 00303 (v01  PmRef    ApIst 00003000 INTL 20090903)
[    0.924433] ACPI: SSDT cadd6d98 00119 (v01  PmRef    ApCst 00003000 INTL 20090903)
[    0.932388] ACPI: Dynamic OEM Table Load:
[    0.936493] ACPI: SSDT   (null) 00119 (v01  PmRef    ApCst 00003000 INTL 20090903)
[    0.952716] ACPI: Interpreter enabled
[    0.956420] ACPI: (supports S0 S3 S4 S5)
[    0.960514] ACPI: Using IOAPIC for interrupt routing
[    0.965535] PCI: MMCONFIG for domain 0000 [bus 00-3f] at [mem 0xf8000000-0xfbffffff] (base 0xf8000000)
[    0.975178] PCI: MMCONFIG at [mem 0xf8000000-0xfbffffff] reserved in ACPI motherboard resources
[    0.983941] PCI: Using MMCONFIG for extended config space
[    1.013969] ACPI: No dock devices found.
[    1.017933] HEST: Table not found.
[    1.021375] PCI: Using host bridge windows from ACPI; if necessary, use "pci=nocrs" and report a bug
[    1.030815] ACPI: PCI Root Bridge [PCI0] (domain 0000 [bus 00-3e])
[    1.037463] pci_root PNP0A08:00: host bridge window [io  0x0000-0x0cf7]
[    1.044126] pci_root PNP0A08:00: host bridge window [io  0x0d00-0xffff]
[    1.050789] pci_root PNP0A08:00: host bridge window [mem 0x000a0000-0x000bffff]
[    1.058157] pci_root PNP0A08:00: host bridge window [mem 0xcfa00000-0xfeafffff]
[    1.065524] pci_root PNP0A08:00: host bridge window [mem 0xfed40000-0xfed44fff]
[    1.074489] pci 0000:00:1c.0: PCI bridge to [bus 01-01]
[    1.079845] pci 0000:00:1c.2: PCI bridge to [bus 02-02]
[    1.085186] pci 0000:00:1e.0: PCI bridge to [bus 03-03] (subtractive decode)
[    1.092624]  pci0000:00: Requesting ACPI _OSC control (0x1d)
[    1.098353]  pci0000:00: ACPI _OSC request failed (AE_ERROR), returned control mask: 0x1d
[    1.106594] ACPI _OSC control for PCIe not granted, disabling ASPM
[    1.115044] ACPI: PCI Interrupt Link [LNKA] (IRQs 1 3 4 5 6 7 10 12 14 15) *11
[    1.122735] ACPI: PCI Interrupt Link [LNKB] (IRQs 1 3 4 5 6 7 11 12 14 15) *10
[    1.130421] ACPI: PCI Interrupt Link [LNKC] (IRQs 1 3 4 5 6 7 10 12 14 15) *11
[    1.138107] ACPI: PCI Interrupt Link [LNKD] (IRQs 1 3 4 5 6 7 11 12 14 15) *0, disabled.
[    1.146697] ACPI: PCI Interrupt Link [LNKE] (IRQs 1 3 4 *5 6 7 10 12 14 15)
[    1.154079] ACPI: PCI Interrupt Link [LNKF] (IRQs 1 3 4 5 6 7 11 12 14 15) *0, disabled.
[    1.162669] ACPI: PCI Interrupt Link [LNKG] (IRQs 1 *3 4 5 6 7 10 12 14 15)
[    1.170059] ACPI: PCI Interrupt Link [LNKH] (IRQs 1 3 4 5 6 7 11 12 14 15) *0, disabled.
[    1.178676] vgaarb: device added: PCI:0000:00:02.0,decodes=io+mem,owns=io+mem,locks=none
[    1.186836] vgaarb: loaded
[    1.189578] vgaarb: bridge control possible 0000:00:02.0
[    1.195063] SCSI subsystem initialized
[    1.198910] usbcore: registered new interface driver usbfs
[    1.204446] usbcore: registered new interface driver hub
[    1.209815] usbcore: registered new device driver usb
[    1.214961] PCI: Using ACPI for IRQ routing
[    1.219305] NetLabel: Initializing
[    1.222743] NetLabel:  domain hash size = 128
[    1.227139] NetLabel:  protocols = UNLABELED CIPSOv4
[    1.232152] NetLabel:  unlabeled traffic allowed by default
[    1.237795] hpet0: at MMIO 0xfed00000, IRQs 2, 8, 0, 0, 0, 0, 0, 0
[    1.244286] hpet0: 8 comparators, 64-bit 14.318180 MHz counter
[    1.252174] Switching to clocksource hpet
[    1.256237] Switched to NOHz mode on CPU #0
[    1.256347] Switched to NOHz mode on CPU #2
[    1.256349] Switched to NOHz mode on CPU #1
[    1.256361] Switched to NOHz mode on CPU #3
[    1.277349] AppArmor: AppArmor Filesystem Enabled
[    1.282114] pnp: PnP ACPI init
[    1.285216] ACPI: bus type pnp registered
[    1.289792] system 00:05: [io  0x0680-0x069f] has been reserved
[    1.295764] system 00:05: [io  0xffff] has been reserved
[    1.301123] system 00:05: [io  0xffff] has been reserved
[    1.306481] system 00:05: [io  0xffff] has been reserved
[    1.311839] system 00:05: [io  0x0400-0x0453] has been reserved
[    1.317807] system 00:05: [io  0x0458-0x047f] has been reserved
[    1.323775] system 00:05: [io  0x0500-0x057f] has been reserved
[    1.329744] system 00:05: [io  0x164e-0x164f] has been reserved
[    1.335780] system 00:07: [io  0x0454-0x0457] has been reserved
[    1.342176] system 00:0a: [mem 0xfed1c000-0xfed1ffff] has been reserved
[    1.348843] system 00:0a: [mem 0xfed10000-0xfed17fff] has been reserved
[    1.355507] system 00:0a: [mem 0xfed18000-0xfed18fff] has been reserved
[    1.362173] system 00:0a: [mem 0xfed19000-0xfed19fff] has been reserved
[    1.368840] system 00:0a: [mem 0xf8000000-0xfbffffff] has been reserved
[    1.375506] system 00:0a: [mem 0xfed20000-0xfed3ffff] has been reserved
[    1.382169] system 00:0a: [mem 0xfed90000-0xfed93fff] has been reserved
[    1.388835] system 00:0a: [mem 0xfed45000-0xfed8ffff] has been reserved
[    1.395502] system 00:0a: [mem 0xff000000-0xffffffff] could not be reserved
[    1.402516] system 00:0a: [mem 0xfee00000-0xfeefffff] has been reserved
[    1.409233] system 00:0b: [mem 0x20000000-0x201fffff] has been reserved
[    1.415899] system 00:0b: [mem 0x40000000-0x401fffff] has been reserved
[    1.422645] pnp: PnP ACPI: found 12 devices
[    1.426872] ACPI: ACPI bus type pnp unregistered
[    1.431532] PnPBIOS: Disabled by ACPI PNP
[    1.470936] pci 0000:00:1c.0: PCI bridge to [bus 01-01]
[    1.476209] pci 0000:00:1c.0:   bridge window [io  disabled]
[    1.481921] pci 0000:00:1c.0:   bridge window [mem disabled]
[    1.487632] pci 0000:00:1c.0:   bridge window [mem pref disabled]
[    1.493780] pci 0000:00:1c.2: PCI bridge to [bus 02-02]
[    1.499055] pci 0000:00:1c.2:   bridge window [io  0x2000-0x2fff]
[    1.505204] pci 0000:00:1c.2:   bridge window [mem 0xe1000000-0xe19fffff]
[    1.512047] pci 0000:00:1c.2:   bridge window [mem 0xe0000000-0xe09fffff 64bit pref]
[    1.519862] pci 0000:00:1e.0: PCI bridge to [bus 03-03]
[    1.525133] pci 0000:00:1e.0:   bridge window [io  disabled]
[    1.530843] pci 0000:00:1e.0:   bridge window [mem disabled]
[    1.536552] pci 0000:00:1e.0:   bridge window [mem pref disabled]
[    1.542711] pci 0000:00:1c.0: PCI INT A -> GSI 16 (level, low) -> IRQ 16
[    1.549478] pci 0000:00:1c.2: PCI INT C -> GSI 18 (level, low) -> IRQ 18
[    1.556285] NET: Registered protocol family 2
[    1.560719] IP route cache hash table entries: 32768 (order: 5, 131072 bytes)
[    1.568006] TCP established hash table entries: 131072 (order: 8, 1048576 bytes)
[    1.575626] TCP bind hash table entries: 65536 (order: 7, 524288 bytes)
[    1.582363] TCP: Hash tables configured (established 131072 bind 65536)
[    1.589030] TCP reno registered
[    1.592210] UDP hash table entries: 512 (order: 2, 16384 bytes)
[    1.598180] UDP-Lite hash table entries: 512 (order: 2, 16384 bytes)
[    1.604634] NET: Registered protocol family 1
[    1.609553] pci 0000:00:1a.0: PCI INT A -> GSI 16 (level, low) -> IRQ 16
[    1.616322] pci 0000:00:1a.0: PCI INT A disabled
[    1.621000] pci 0000:00:1d.0: PCI INT A -> GSI 17 (level, low) -> IRQ 17
[    1.627763] pci 0000:00:1d.0: PCI INT A disabled
[    1.632441] Simple Boot Flag at 0xf3 set to 0x1
[    1.637311] audit: initializing netlink socket (disabled)
[    1.642762] type=2000 audit(1348138369.380:1): initialized
[    1.664717] highmem bounce pool size: 64 pages
[    1.669209] HugeTLB registered 4 MB page size, pre-allocated 0 pages
[    1.680532] VFS: Disk quotas dquot_6.5.2
[    1.684540] Dquot-cache hash table entries: 1024 (order 0, 4096 bytes)
[    1.691502] fuse init (API version 7.16)
[    1.695520] msgmni has been set to 1673
[    1.699691] Block layer SCSI generic (bsg) driver version 0.4 loaded (major 253)
[    1.707175] io scheduler noop registered
[    1.711140] io scheduler deadline registered
[    1.715459] io scheduler cfq registered (default)
[    1.720409] pci_hotplug: PCI Hot Plug PCI Core version: 0.5
[    1.726042] pciehp: PCI Express Hot Plug Controller Driver version: 0.4
[    1.732803] input: Power Button as /devices/LNXSYSTM:00/device:00/PNP0C0C:00/input/input0
[    1.741049] ACPI: Power Button [PWRB]
[    1.744775] input: Power Button as /devices/LNXSYSTM:00/LNXPWRBN:00/input/input1
[    1.752233] ACPI: Power Button [PWRF]
[    1.756936] ERST: Table is not found!
[    1.760666] isapnp: Scanning for PnP cards...
[    1.760696] Serial: 8250/16550 driver, 32 ports, IRQ sharing enabled
[    1.785465] serial8250: ttyS0 at I/O 0x3f8 (irq = 4) is a 16550A
[    2.151744] isapnp: No Plug & Play device found
[    2.228562] 00:09: ttyS0 at I/O 0x3f8 (irq = 4) is a 16550A
[    2.234252] serial 0000:00:16.3: PCI INT B -> GSI 17 (level, low) -> IRQ 17
[    2.261383] 0000:00:16.3: ttyS4 at I/O 0x30e0 (irq = 17) is a 16550A
[    2.267939] Linux agpgart interface v0.103
[    2.272132] agpgart-intel 0000:00:00.0: Intel Sandybridge Chipset
[    2.278319] agpgart-intel 0000:00:00.0: detected gtt size: 2097152K total, 262144K mappable
[    2.287427] agpgart-intel 0000:00:00.0: detected 65536K stolen memory
[    2.294003] agpgart-intel 0000:00:00.0: AGP aperture is 256M @ 0xd0000000
[    2.301559] brd: module loaded
[    2.304989] loop: module loaded
[    2.308434] Fixed MDIO Bus: probed
[    2.311883] PPP generic driver version 2.4.2
[    2.316216] tun: Universal TUN/TAP device driver, 1.6
[    2.321312] tun: (C) 1999-2004 Max Krasnyansky <maxk@qualcomm.com>
[    2.327579] ehci_hcd: USB 2.0 'Enhanced' Host Controller (EHCI) Driver
[    2.334169] ehci_hcd 0000:00:1a.0: PCI INT A -> GSI 16 (level, low) -> IRQ 16
[    2.341373] ehci_hcd 0000:00:1a.0: EHCI Host Controller
[    2.346662] ehci_hcd 0000:00:1a.0: new USB bus registered, assigned bus number 1
[    2.354141] ehci_hcd 0000:00:1a.0: debug port 2
[    2.362612] ehci_hcd 0000:00:1a.0: irq 16, io mem 0xe1a70000
[    2.383936] ehci_hcd 0000:00:1a.0: USB 2.0 started, EHCI 1.00
[    2.389796] hub 1-0:1.0: USB hub found
[    2.393589] hub 1-0:1.0: 3 ports detected
[    2.397678] ehci_hcd 0000:00:1d.0: PCI INT A -> GSI 17 (level, low) -> IRQ 17
[    2.404877] ehci_hcd 0000:00:1d.0: EHCI Host Controller
[    2.410165] ehci_hcd 0000:00:1d.0: new USB bus registered, assigned bus number 2
[    2.417639] ehci_hcd 0000:00:1d.0: debug port 2
[    2.426100] ehci_hcd 0000:00:1d.0: irq 17, io mem 0xe1a50000
[    2.443920] ehci_hcd 0000:00:1d.0: USB 2.0 started, EHCI 1.00
[    2.449769] hub 2-0:1.0: USB hub found
[    2.453563] hub 2-0:1.0: 3 ports detected
[    2.457649] ohci_hcd: USB 1.1 'Open' Host Controller (OHCI) Driver
[    2.463885] uhci_hcd: USB Universal Host Controller Interface driver
[    2.470337] i8042: PNP: PS/2 Controller [PNP0f13:MOU] at 0x60,0x64 irq 12
[    2.477176] i8042: PNP: PS/2 controller doesn't have KBD irq; using default 1
[    2.487015] serio: i8042 KBD port at 0x60,0x64 irq 1
[    2.492031] serio: i8042 AUX port at 0x60,0x64 irq 12
[    2.497191] mousedev: PS/2 mouse device common for all mice
[    2.502885] rtc_cmos 00:06: RTC can wake from S4
[    2.507625] rtc_cmos 00:06: rtc core: registered rtc_cmos as rtc0
[    2.513804] rtc0: alarms up to one year, y3k, 242 bytes nvram, hpet irqs
[    2.520608] device-mapper: uevent: version 1.0.3
[    2.525702] device-mapper: ioctl: 4.20.0-ioctl (2011-02-02) initialised: dm-devel@redhat.com
[    2.534226] EISA: Probing bus 0 at eisa.0
[    2.538397] EISA: Cannot allocate resource for mainboard
[    2.543756] Cannot allocate resource for EISA slot 1
[    2.548765] Cannot allocate resource for EISA slot 2
[    2.554003] Cannot allocate resource for EISA slot 3
[    2.559012] Cannot allocate resource for EISA slot 4
[    2.564020] Cannot allocate resource for EISA slot 5
[    2.569031] Cannot allocate resource for EISA slot 6
[    2.574041] Cannot allocate resource for EISA slot 7
[    2.579052] Cannot allocate resource for EISA slot 8
[    2.584059] EISA: Detected 0 cards.
[    2.587591] cpufreq-nforce2: No nForce2 chipset.
[    2.592315] cpuidle: using governor ladder
[    2.596591] cpuidle: using governor menu
[    2.600593] EFI Variables Facility v0.08 2004-May-17
[    2.605743] TCP cubic registered
[    2.609088] NET: Registered protocol family 10
[    2.613863] NET: Registered protocol family 17
[    2.618359] Registering the dns_resolver key type
[    2.623116] Using IPI No-Shortcut mode
[    2.626955] registered taskstats version 1
[    2.635881] Refined TSC clocksource calibration: 3092.977 MHz.
[    2.641773] Switching to clocksource tsc
[    2.646045]   Magic number: 12:918:881
[    2.649939] rtc_cmos 00:06: setting system clock to 2012-09-20 10:52:51 UTC (1348138371)
[    2.658671] BIOS EDD facility v0.16 2004-Jun-25, 0 devices found
[    2.664726] EDD information not available.
[    2.669072] Freeing unused kernel memory: 700k freed
[    2.674177] Write protecting the kernel text: 5312k
[    2.679140] Write protecting the kernel read-only data: 2176k
Loading, please wait...
[    2.695668] udev: starting version 151
[    2.699504] udevd (86): /proc/86/oom_adj is deprecated, please use /proc/86/oom_score_adj instead.
[    2.707867] usb 1-1: new high speed USB device number 2 using ehci_hcd
[    2.723305] e1000e: Intel(R) PRO/1000 Network Driver - 1.3.10-k2
[    2.729382] e1000e: Copyright(c) 1999 - 2011 Intel Corporation.
[    2.738071] e1000e 0000:00:19.0: PCI INT A -> GSI 20 (level, low) -> IRQ 20
[    2.837992] [drm] Initialized drm 1.1.0 20060810
[    2.840292] hub 1-1:1.0: USB hub found
[    2.840381] hub 1-1:1.0: 6 ports detected
[    2.950810] e1000e 0000:00:19.0: eth0: (PCI Express:2.5GT/s:Width x1) 78:2b:cb:a5:c9:f0
[    2.951811] usb 2-1: new high speed USB device number 2 using ehci_hcd
[    2.965460] e1000e 0000:00:19.0: eth0: Intel(R) PRO/1000 Network Connection
[    2.972502] e1000e 0000:00:19.0: eth0: MAC: 10, PHY: 11, PBA No: E041FF-0FF
[    2.979588] i915 0000:00:02.0: PCI INT A -> GSI 16 (level, low) -> IRQ 16
[    2.998481] [drm] Supports vblank timestamp caching Rev 1 (10.10.2010).
[    3.005145] [drm] Driver supports precise vblank timestamp query.
[    3.011310] vgaarb: device changed decodes: PCI:0000:00:02.0,olddecodes=io+mem,decodes=io+mem:owns=io+mem
[    3.096509] hub 2-1:1.0: USB hub found
[    3.100473] hub 2-1:1.0: 8 ports detected
[    3.146695] fbcon: inteldrmfb (fb0) is primary device
[    3.175843] usb 1-1.4: new low speed USB device number 3 using ehci_hcd
[    3.276933] input: PIXART USB OPTICAL MOUSE as /devices/pci0000:00/0000:00:1a.0/usb1/1-1/1-1.4/1-1.4:1.0/input/input2
[    3.276995] generic-usb 0003:093A:2510.0001: input,hidraw0: USB HID v1.11 Mouse [PIXART USB OPTICAL MOUSE] on usb-0000:00:1a.0-1.4/input0
[    3.277003] usbcore: registered new interface driver usbhid
[    3.277004] usbhid: USB HID core driver
[    3.324042] Console: switching to colour frame buffer device 128x48
[    3.371170] fb0: inteldrmfb frame buffer device
[    3.375723] drm: registered panic notifier
[    3.379791] usb 2-1.1: new high speed USB device number 3 using ehci_hcd
[    3.386906] acpi device:02: registered as cooling_device4
[    3.392468] input: Video Bus as /devices/LNXSYSTM:00/device:00/PNP0A08:00/LNXVIDEO:00/input/input3
[    3.401503] ACPI: Video Device [GFX0] (multi-head: yes  rom: no  post: no)
[    3.408437] [drm] Initialized i915 1.6.0 20080730 for 0000:00:02.0 on minor 0
Begin: Loading essential drivers[    3.476495] hub 2-1.1:1.0: USB hub found
... ...
[    3.481615] jme: JMicron JMC2XX ethernet driver version 1.0.8
[    3.481743] hub 2-1.1:1.0: 4 ports detected
[    3.493655] nbd: registered device at major 43
[    3.500542] squashfs: version 4.0 (2009/01/31) Phillip Lougher
[    3.508304] aufs 2.1-standalone.tree-3.0-rcN-20110620
Done.
Begin: Running /scripts/init-premount ...
[    3.551758] usb 2-1.2: new low speed USB device number 4 using ehci_hcd
[    3.681362] input:   USB Keyboard as /devices/pci0000:00/0000:00:1d.0/usb2/2-1/2-1.2/2-1.2:1.0/input/input4
[    3.691223] generic-usb 0003:04D9:1603.0002: input,hidraw1: USB HID v1.10 Keyboard [  USB Keyboard] on usb-0000:00:1d.0-1.2/input0
[    3.719424] input:   USB Keyboard as /devices/pci0000:00/0000:00:1d.0/usb2/2-1/2-1.2/2-1.2:1.1/input/input5
[    3.729282] generic-usb 0003:04D9:1603.0003: input,hidraw2: USB HID v1.10 Device [  USB Keyboard] on usb-0000:00:1d.0-1.2/input1
[    3.811699] usb 2-1.7: new high speed USB device number 5 using ehci_hcd
[    3.914424] Initializing USB Mass Storage driver...
[    3.919444] scsi0 : usb-storage 2-1.7:1.0
[    3.923542] usbcore: registered new interface driver usb-storage
[    3.929578] USB Mass Storage support registered.
[    3.983789] usb 2-1.8: new high speed USB device number 6 using ehci_hcd
[    4.643646] usb 2-1.1.1: new full speed USB device number 7 using ehci_hcd
[    4.703637] ADDRCONF(NETDEV_UP): eth0: link is not ready
[    4.764030] input: SMART Technologies Inc. SMART Interactive Whiteboard Controller (SB6) as /devices/pci0000:00/0000:00:1d.0/usb2/2-1/2-1.1/2-1.1.1/2-1.1.1:1.0/input/input6
[    4.779573] generic-usb 0003:0B8C:0001.0004: input,hidraw3: USB HID v1.11 Mouse [SMART Technologies Inc. SMART Interactive Whiteboard Controller (SB6)] on usb-0000:00:1d.0-1.1.1/input0
DHCP request for eth0...
udhcpc[308]: udhcpc (v0.9.9-pre) started
[    4.883589] usb 2-1.1.4: new full speed USB device number 8 using ehci_hcd
udhcpc[308]: Sending discover...
[    4.920140] scsi 0:0:0:0: Direct-Access     Kingston DataTraveler 2.0 PMAP PQ: 0 ANSI: 0 CCS
[    5.135469] sd 0:0:0:0: Attached scsi generic sg0 type 0
[    5.136020] sd 0:0:0:0: [sda] 977664 512-byte logical blocks: (500 MB/477 MiB)
[    5.136525] sd 0:0:0:0: [sda] Write Protect is off
[    5.137013] sd 0:0:0:0: [sda] No Caching mode page present
[    5.137015] sd 0:0:0:0: [sda] Assuming drive cache: write through
[    5.139631] sd 0:0:0:0: [sda] No Caching mode page present
[    5.139633] sd 0:0:0:0: [sda] Assuming drive cache: write through
[    5.140264]  sda: sda1
[    5.180388] sd 0:0:0:0: [sda] No Caching mode page present
[    5.185903] sd 0:0:0:0: [sda] Assuming drive cache: write through
[    5.192024] sd 0:0:0:0: [sda] Attached SCSI removable disk
udhcpc[308]: Sending discover...
[    7.012739] e1000e: eth0 NIC Link is Up 100 Mbps Full Duplex, Flow Control: None
[    7.020171] e1000e 0000:00:19.0: eth0: 10/100 speed: disabling TSO
[    7.026485] ADDRCONF(NETDEV_CHANGE): eth0: link becomes ready
udhcpc[308]: Sending discover...
udhcpc[308]: Sending select for 10.249.1.19...
udhcpc[308]: Lease of 10.249.1.19 obtained, lease time 7200
Done.
eth0 configured at 10.249.1.19:10.249.0.243:10.249.0.243:255.255.252.0:testaus-optiplex-790.toimisto.opinsys.fi
Done.
Begin: Mounting root file system... ...
Begin: Running /scripts/nfs-top ...
Done.
Negotiation: ..size = 10415980KB
bs=1024, sz=10[    9.267404]  nbd0: unknown partition table
415980
Begin: Running /scripts/nfs-bottom ...
Done.
Done.
Begin: Running /scripts/init-bottom ...
Done.
[   12.406885] SysRq : Changing Loglevel
[   12.411399] Loglevel set to 9
[   12.413745] ata1: SATA link up 6.0 Gbps (SStatus 133 SControl 300)
[   12.422234] ata2: SATA link up 1.5 Gbps (SStatus 113 SControl 300)
[   12.429933] ata1.00: ATA-8: ST3250312AS, JC47, max UDMA/133
[   12.429935] ata1.00: 488397168 sectors, multi 16: LBA48 NCQ (depth 31/32)
[   12.444562] ata2.00: ATAPI: TSSTcorp DVD+/-RW TS-L633J, D500, max UDMA/100
[   12.452259] ata1.00: configured for UDMA/133
Extrabootti
[   12.457446] scsi 1:0:0:0: Direct-Access     ATA      ST3250312AS      JC47 PQ: 0 ANSI: 5
[   12.466527] ata2.00: configured for UDMA/100
[   12.466849] sd 1:0:0:0: Attached scsi generic sg1 type 0
[   12.466933] sd 1:0:0:0: [sdb] 488397168 512-byte logical blocks: (250 GB/232 GiB)
[   12.466983] sd 1:0:0:0: [sdb] Write Protect is off
[   12.466985] sd 1:0:0:0: [sdb] Mode Sense: 00 3a 00 00
[   12.467008] sd 1:0:0:0: [sdb] Write cache: enabled, read cache: enabled, doesn't support DPO or FUA
[   12.474024]  sdb: sdb1 sdb2
[   12.513234] sd 1:0:0:0: [sdb] Attached SCSI disk
[   12.519065] scsi 2:0:0:0: CD-ROM            TSSTcorp DVD+-RW TS-L633J D500 PQ: 0 ANSI: 5
[   12.529847] sr0: scsi3-mmc drive: 24x/24x writer dvd-ram cd/rw xa/form2 cdda tray
[   12.538118] cdrom: Uniform CD-ROM driver Revision: 3.20
[   12.538451] sr 2:0:0:0: Attached scsi CD-ROM sr0
[   12.538613] sr 2:0:0:0: Attached scsi generic sg2 type 5
Extrat ohi
[   12.602397] HDA Intel 0000:00:1b.0: PCI INT A -> GSI 22 (level, low) -> IRQ 22
[   12.610478] HDA Intel 0000:00:1b.0: irq 43 for MSI/MSI-X
[   12.616605] HDA Intel 0000:00:1b.0: setting latency timer to 64
[   13.104756] uvcvideo: Found UVC 1.00 device <unnamed> (046d:0809)
[   13.105925] usbcore: registered new interface driver snd-usb-audio
[   13.135055] input: UVC Camera (046d:0809) as /devices/pci0000:00/0000:00:1d.0/usb2/2-1/2-1.8/2-1.8:1.0/input/input7
[   13.146400] usbcore: registered new interface driver uvcvideo
[   13.152957] USB Video Class driver (v1.1.0)
[   13.254997] hda_codec: ALC269: SKU not ready 0x411111f0
[   13.261605] hda_codec: ALC269VB: BIOS auto-probing.
[   13.292948] HDMI status: Pin=6 Presence_Detect=0 ELD_Valid=0
[   13.299575] input: HDA Intel PCH HDMI/DP,pcm=3 as /devices/pci0000:00/0000:00:1b.0/sound/card0/input8
[   13.309754] input: HDA Intel PCH Headphone as /devices/pci0000:00/0000:00:1b.0/sound/card0/input9
[   13.761530] set resolution quirk: cval->res = 384
(Reading database ... (Reading database ... 5%(Reading database ... 10%(Reading database ... 15%(Reading database ... 20%(Reading database ... 25%(Reading database ... 30%(Reading database ... 35%(Reading database ... 40%(Reading database ... 45%(Reading database ... 50%(Reading database ... 55%(Reading database ... 60%(Reading database ... 65%(Reading database ... 70%(Reading database ... 75%(Reading database ... 80%(Reading database ... 85%(Reading database ... 90%(Reading database ... 95%(Reading database ... 100%(Reading database ... 513162 files and directories currently installed.)
Preparing to replace libdrm-dev 2.4.18-1ubuntu3 (using libdrm-dev_2.4.26~glasen~lucid~ppa3_i386.deb) ...
Unpacking replacement libdrm-dev ...
Preparing to replace libdrm-intel1 2.4.18-1ubuntu3 (using libdrm-intel1_2.4.26~glasen~lucid~ppa3_i386.deb) ...
Unpacking replacement libdrm-intel1 ...
Preparing to replace libdrm-nouveau1 2.4.18-1ubuntu3 (using libdrm-nouveau1_2.4.26~glasen~lucid~ppa3_i386.deb) ...
Unpacking replacement libdrm-nouveau1 ...
Preparing to replace libdrm-radeon1 2.4.18-1ubuntu3 (using libdrm-radeon1_2.4.26~glasen~lucid~ppa3_i386.deb) ...
Unpacking replacement libdrm-radeon1 ...
Preparing to replace libdrm2 2.4.18-1ubuntu3 (using libdrm2_2.4.26~glasen~lucid~ppa3_i386.deb) ...
Unpacking replacement libdrm2 ...
Preparing to replace libgl1-mesa-dev 7.7.1-1ubuntu3 (using libgl1-mesa-dev_7.8~really7.10.3~glasen~ppa1_i386.deb) ...
Unpacking replacement libgl1-mesa-dev ...
Preparing to replace libgl1-mesa-dri 7.7.1-1ubuntu3 (using libgl1-mesa-dri_7.8~really7.10.3~glasen~ppa1_i386.deb) ...
Unpacking replacement libgl1-mesa-dri ...
Preparing to replace libgl1-mesa-glx 7.7.1-1ubuntu3 (using libgl1-mesa-glx_7.8~really7.10.3~glasen~ppa1_i386.deb) ...
Unpacking replacement libgl1-mesa-glx ...
Preparing to replace libglu1-mesa-dev 7.7.1-1ubuntu3 (using libglu1-mesa-dev_7.8~really7.10.3~glasen~ppa1_i386.deb) ...
Unpacking replacement libglu1-mesa-dev ...
Preparing to replace libglu1-mesa 7.7.1-1ubuntu3 (using libglu1-mesa_7.8~really7.10.3~glasen~ppa1_i386.deb) ...
Unpacking replacement libglu1-mesa ...
Selecting previously deselected package libxext-dev.
Unpacking libxext-dev (from libxext-dev_2%3a1.1.1-2_i386.deb) ...
Preparing to replace mesa-common-dev 7.7.1-1ubuntu3 (using mesa-common-dev_7.8~really7.10.3~glasen~ppa1_i386.deb) ...
Unpacking replacement mesa-common-dev ...
Selecting previously deselected package x11proto-xext-dev.
Unpacking x11proto-xext-dev (from x11proto-xext-dev_7.1.1-2_all.deb) ...
Preparing to replace xserver-xorg-video-intel 2:2.9.1-3ubuntu5 (using xserver-xorg-video-intel_2.15.0~lucid~ppa9_i386.deb) ...
Unpacking replacement xserver-xorg-video-intel ...
Setting up libdrm2 (2.4.26~glasen~lucid~ppa3) ...

Setting up libgl1-mesa-glx (7.8~really7.10.3~glasen~ppa1) ...

Setting up libglu1-mesa (7.8~really7.10.3~glasen~ppa1) ...

Setting up mesa-common-dev (7.8~really7.10.3~glasen~ppa1) ...
Setting up x11proto-xext-dev (7.1.1-2) ...
Setting up libdrm-intel1 (2.4.26~glasen~lucid~ppa3) ...

Setting up libdrm-nouveau1 (2.4.26~glasen~lucid~ppa3) ...

Setting up libdrm-radeon1 (2.4.26~glasen~lucid~ppa3) ...

Setting up libgl1-mesa-dri (7.8~really7.10.3~glasen~ppa1) ...
Setting up libxext-dev (2:1.1.1-2) ...
Setting up xserver-xorg-video-intel (2:2.15.0~lucid~ppa9) ...

Setting up libdrm-dev (2.4.26~glasen~lucid~ppa3) ...
Processing triggers for man-db ...
Setting up libgl1-mesa-dev (7.8~really7.10.3~glasen~ppa1) ...
Setting up libglu1-mesa-dev (7.8~really7.10.3~glasen~ppa1) ...
Processing triggers for libc-bin ...
ldconfig deferred processing now taking place
Reading package lists... 0%Reading package lists... 0%Reading package lists... 4%Reading package lists... Done
Building dependency tree... 0%Building dependency tree... 0%Building dependency tree... 50%Building dependency tree... 50%Building dependency tree
Reading state information... 0%Reading state information... 0%Reading state information... Done
cue2toc is already the newest version.
The following packages were automatically installed and are no longer required:
  mobile-broadband-provider-info python-gtkspell gdb libdrm-dev
  python-egenix-mxdatetime python-egenix-mxtools intel-gpu-tools
  python-indicate
Use 'apt-get autoremove' to remove them.
0 upgraded, 0 newly installed, 0 to remove and 0 not upgraded.
Reading package lists... 0%Reading package lists... 100%Reading package lists... Done
Building dependency tree... 0%Building dependency tree... 0%Building dependency tree... 50%Building dependency tree... 50%Building dependency tree
Reading state information... 0%Reading state information... 0%Reading state information... Done
cdrdao is already the newest version.
The following packages were automatically installed and are no longer required:
  mobile-broadband-provider-info python-gtkspell gdb libdrm-dev
  python-egenix-mxdatetime python-egenix-mxtools intel-gpu-tools
  python-indicate
Use 'apt-get autoremove' to remove them.
0 upgraded, 0 newly installed, 0 to remove and 0 not upgraded.
[0;36mnotice: //whiteboard::mimio::license/Exec[get mimio/global.reg]/returns: executed successfully[0m
[0;36mnotice: //netboot/Exec[/usr/bin/rdate ntp]/returns: executed successfully[0m
[0;36mnotice: //netboot::service::ldap/File[/etc/nslcd.conf]/content: content changed '{md5}20362d754d5f802a75bbcfcc1c4ea784' to 'unknown checksum'[0m
[0;36mnotice: //netboot::service/File[/etc/opinsys/service]/ensure: created[0m
[0;36mnotice: //netboot::service::homedirlookupdb/Exec[fetch homedirlookupdb]/returns: executed successfully[0m
[0;36mnotice: //whiteboard::smartboard::enable/File[/etc/X11/Xsession.d/98smart_1-_Tools]/content: content changed '{md5}1c474dc8b96c43c29e2e075f323b70bb' to 'unknown checksum'[0m
[0;36mnotice: //whiteboard::smartboard::enable/File[/etc/X11/Xsession.d/98smart_1-_Service]/content: content changed '{md5}7dc25759a56f3428cc6cd326f9e1e277' to 'unknown checksum'[0m
[0;36mnotice: //puavo/File[/etc/opinsys/puavo/eduorglegalname]/content: content changed '{md5}68b329da9893e34099c7d8ad5cb9c940' to 'unknown checksum'[0m
[0;36mnotice: //puavo/File[/etc/opinsys/puavo/serverhost]/content: content changed '{md5}68b329da9893e34099c7d8ad5cb9c940' to 'unknown checksum'[0m
[0;36mnotice: //netboot::service::ldap/File[/etc/ldap/ldap.conf]/content: content changed '{md5}b2d7a7d9193b6ebe79e049f4b590f44d' to 'unknown checksum'[0m
[0;36mnotice: //netboot::service::nfs/File[/etc/auto.other]/ensure: created[0m
[0;36mnotice: //netboot::desktop::fatclient/Exec[fetch nautilus_bookmarks.yaml]/returns: executed successfully[0m
[0;36mnotice: //desktop/File[/etc/opinsys/desktop/puavodomain]/content: content changed '{md5}68b329da9893e34099c7d8ad5cb9c940' to 'unknown checksum'[0m
[0;36mnotice: //desktop::language/File[/etc/opinsys/desktop/language]/content: content changed '{md5}68b329da9893e34099c7d8ad5cb9c940' to 'unknown checksum'[0m
[0;36mnotice: //netboot::service::kerberos/File[/etc/krb5.conf]/content: content changed '{md5}5c7a78f8058b00724adc5bce70b77921' to 'unknown checksum'[0m
[0;36mnotice: //webapps::prism::puavo_password/Webapps::Prism::App[puavo_password]/File[/usr/local/share/webapps/prism/puavo_password/webapp.ini]/content: content changed '{md5}901d390d506d2bc4452cc75826fbeb6e' to 'unknown checksum'[0m
[0;36mnotice: //netboot::service::nfs/File[/etc/idmapd.conf]/content: content changed '{md5}3e94f238294cc61b047e7ae50115dffc' to 'unknown checksum'[0m
[0;36mnotice: //netboot::service::syslog/File[/etc/rsyslog.d/ltsp.conf]/content: defined content as 'unknown checksum'[0m
[0;36mnotice: //netboot::service::syslog/File[/etc/rsyslog.d/ltsp.conf]/owner: defined 'owner' as 'root'[0m
[0;36mnotice: //netboot::service::syslog/File[/etc/rsyslog.d/ltsp.conf]/group: defined 'group' as 'root'[0m
[0;36mnotice: //netboot::service::syslog/File[/etc/rsyslog.d/ltsp.conf]/mode: defined 'mode' as '644'[0m
[0;36mnotice: //netboot::service::syslog/Service[rsyslog]: Triggering 'refresh' from 4 dependencies[0m
[0;36mnotice: //netboot::send_bootinfo/Exec[send lsusb]/returns: executed successfully[0m
[0;36mnotice: //netboot::send_bootinfo/Exec[send lspci]/returns: executed successfully[0m
[0;36mnotice: //netboot::service::nfs/File[/etc/auto.home]/content: defined content as 'unknown checksum'[0m
[0;36mnotice: //netboot::service::nfs/File[/etc/auto.home]/owner: defined 'owner' as 'root'[0m
[0;36mnotice: //netboot::service::nfs/File[/etc/auto.home]/group: defined 'group' as 'root'[0m
[0;36mnotice: //netboot::service::nfs/File[/etc/auto.home]/mode: defined 'mode' as '644'[0m
[0;36mnotice: //netboot::service::nfs/File[/etc/auto.master]/content: content changed '{md5}912fb7064ec0d6b2c180293537dd5ff9' to 'unknown checksum'[0m
[0;36mnotice: //whiteboard::promethean::license/Exec[get promethean/.inspire_license.xml]/returns: executed successfully[0m
[0;36mnotice: //whiteboard::smartboard::license/Exec[get smartboard/.mp.1.1.dat]/returns: executed successfully[0m
[0;36mnotice: //whiteboard::mimio::license/Exec[get mimio/shared.reg]/returns: executed successfully[0m
 * Setting up LTSP client...       [80G [74G[ OK ]
 * Starting LTSP client......       [80G [74G[ OK ]

Ubuntu 10.04.4 LTS testaus-optiplex-790 ttyS0

testaus-optiplex-790 login: [ 8667.083059] hub 2-1.1:1.0: unable to enumerate USB device on port 1
[12556.371715] BUG: unable to handle kernel paging request at 0100d202
[12556.378051] IP: [<c111bdef>] kmem_cache_alloc_trace+0x4f/0x110
[12556.383932] *pde = 00000000
[12556.386838] Oops: 0000 [#1] SMP
[12556.390108] Modules linked in: nls_utf8 isofs bluetooth parport_pc ppdev snd_hda_codec_hdmi snd_hda_codec_realtek snd_hda_intel uvcvideo snd_usb_audio snd_hda_codec snd_hwdep snd_pcm snd_usbmidi_lib videodev dcdbas ahci libahci snd_seq_midi snd_rawmidi snd_seq_midi_event snd_seq mei(C) snd_timer snd_seq_device snd soundcore snd_page_alloc rpcsec_gss_krb5 nfsd lp psmouse parport serio_raw joydev nfs lockd fscache auth_rpcgss nfs_acl sunrpc usb_storage aufs squashfs nbd jme atl1c usbhid hid i915 drm_kms_helper drm i2c_algo_bit video e1000e
[12556.438629]
[12556.440127] Pid: 19870, comm: sh Tainted: G         C  3.0.0-23-generic #39~lucid1-Ubuntu Dell Inc. OptiPlex 790/0D28YY
[12556.451008] EIP: 0060:[<c111bdef>] EFLAGS: 00010202 CPU: 0
[12556.456527] EIP is at kmem_cache_alloc_trace+0x4f/0x110
[12556.461782] EAX: 00000000 EBX: f4c02300 ECX: 0007a763 EDX: 0007a763
[12556.468085] ESI: f4c02300 EDI: 0100d202 EBP: f1b89ef8 ESP: f1b89ecc
[12556.474387]  DS: 007b ES: 007b FS: 00d8 GS: 00e0 SS: 0068
[12556.479814] Process sh (pid: 19870, ti=f1b88000 task=d4f29980 task.ti=f1b88000)
[12556.487163] Stack:
[12556.489184]  d4cde160 00000011 002ae448 c12548ee 00000014 000080d0 0007a763 0100d202
[12556.497066]  f4c02300 dfb2cc00 f3cea100 f1b89f04 c12548ee c1782940 f1b89f18 c1259841
[12556.504947]  c1782940 dfb2cc70 f3cea170 f1b89f24 c122a8f5 f3cea100 f1b89f38 c106d0e2
[12556.512828] Call Trace:
[12556.515288]  [<c12548ee>] ? aa_alloc_task_context+0x2e/0x50
[12556.520894]  [<c12548ee>] aa_alloc_task_context+0x2e/0x50
[12556.526324]  [<c1259841>] apparmor_cred_prepare+0x21/0x50
[12556.531754]  [<c122a8f5>] security_prepare_creds+0x15/0x20
[12556.537271]  [<c106d0e2>] prepare_creds+0x82/0xb0
[12556.542002]  [<c106d2f4>] prepare_exec_creds+0x34/0xd0
[12556.547169]  [<c113263d>] prepare_bprm_creds+0x4d/0x80
[12556.552337]  [<c1133d1f>] do_execve_common+0x5f/0x290
[12556.557416]  [<c1133f67>] do_execve+0x17/0x20
[12556.561799]  [<c1009977>] sys_execve+0x37/0x70
[12556.566269]  [<c152e92e>] ptregs_execve+0x12/0x18
[12556.571000]  [<c1527d24>] ? syscall_call+0x7/0xb
[12556.575644]  [<c1520000>] ? threshold_create_bank+0x1b2/0x206
[12556.581420] Code: 89 7d e0 8b 06 64 03 05 dc f0 85 c1 8b 50 04 89 55 ec 8b 08 85 c9 89 4d f0 0f 84 ad 00 00 00 8b 7d f0 8b 46 14 8b 4d ec 8b 55 ec <8b> 1c 07 89 f8 83 c1 01 8b 3e 64 0f c7 0f 0f 94 c0 84 c0 74 c3
[12556.601124] EIP: [<c111bdef>] kmem_cache_alloc_trace+0x4f/0x110 SS:ESP 0068:f1b89ecc
[12556.608933] CR2: 000000000100d202
[12556.612278] BUG: unable to handle kernel paging request at 0100d202
[12556.618601] IP: [<c111bfe1>] __kmalloc+0xb1/0x1b0
[12556.623341] *pde = 00000000
[12556.626248] Oops: 0000 [#2] SMP
[12556.629517] Modules linked in: nls_utf8 isofs bluetooth parport_pc ppdev snd_hda_codec_hdmi snd_hda_codec_realtek snd_hda_intel uvcvideo snd_usb_audio snd_hda_codec snd_hwdep snd_pcm snd_usbmidi_lib videodev dcdbas ahci libahci snd_seq_midi snd_rawmidi snd_seq_midi_event snd_seq mei(C) snd_timer snd_seq_device snd soundcore snd_page_alloc rpcsec_gss_krb5 nfsd lp psmouse parport serio_raw joydev nfs lockd fscache auth_rpcgss nfs_acl sunrpc usb_storage aufs squashfs nbd jme atl1c usbhid hid i915 drm_kms_helper drm i2c_algo_bit video e1000e
[12556.679011]
[12556.681485] Pid: 19870, comm: sh Tainted: G         C  3.0.0-23-generic #39~lucid1-Ubuntu Dell Inc. OptiPlex 790/0D28YY
[12556.693355] EIP: 0060:[<c111bfe1>] EFLAGS: 00010002 CPU: 0
[12556.699879] EIP is at __kmalloc+0xb1/0x1b0
[12556.704990] EAX: 00000000 EBX: 0100d202 ECX: 0100d202 EDX: 0007a763
[12556.712268] ESI: f4c02300 EDI: 0007a763 EBP: f1b899cc ESP: f1b89998
[12556.719527]  DS: 007b ES: 007b FS: 00d8 GS: 00e0 SS: 0068
[12556.725898] Process sh (pid: 19870, ti=f1b88000 task=d4f29980 task.ti=f1b88000)
[12556.734174] Stack:
[12556.737133]  c16a9c2c f1b899e2 f1b899e4 00000020 00000000 00000000 0007a763 f81be2d2
[12556.745944]  000080d0 0100d202 f4d7019c 00008650 f4d70000 f1b899d4 f81be2d2 f1b89a34
[12556.754743]  f81c097a fffffffc 00310015 f1b899f0 c128e7cc f1b89a08 f1b89a24 c10835cb
[12556.763549] Call Trace:
[12556.766942]  [<f81be2d2>] ? T.1093+0x12/0x20 [i915]
[12556.772777]  [<f81be2d2>] T.1093+0x12/0x20 [i915]
[12556.778429]  [<f81c097a>] i915_wait_request+0x4ba/0x610 [i915]
[12556.785209]  [<c128e7cc>] ? sprintf+0x1c/0x20
[12556.790495]  [<c10835cb>] ? __sprint_symbol+0x9b/0xc0
[12556.796474]  [<f81c0dec>] ? i915_gem_object_set_to_display_plane+0x4c/0xb0 [i915]
[12556.804896]  [<f81c0d4d>] i915_gem_object_wait_rendering+0x2d/0x40 [i915]
[12556.812619]  [<f81c0d99>] i915_gem_object_flush_gpu+0x39/0x40 [i915]
[12556.819900]  [<f81d4c84>] intel_pipe_set_base+0xc4/0x220 [i915]
[12556.826745]  [<f80f0635>] ? drm_get_connector_name+0x45/0x50 [drm]
[12556.833835]  [<f80b0a90>] drm_crtc_helper_set_config+0x620/0x8e0 [drm_kms_helper]
[12556.842259]  [<c12d230a>] ? get_color+0x2a/0x120
[12556.847805]  [<f80ad6d3>] drm_fb_helper_pan_display+0x83/0xc0 [drm_kms_helper]
[12556.855975]  [<c12c89c3>] fb_pan_display+0x103/0x150
[12556.861882]  [<f80ad650>] ? drm_fb_helper_fill_var+0x1a0/0x1a0 [drm_kms_helper]
[12556.870159]  [<c12d7d42>] bit_update_start+0x22/0x50
[12556.876084]  [<c12d438c>] fbcon_switch+0x39c/0x540
[12556.881838]  [<c12d867a>] ? bit_cursor+0x4ea/0x560
[12556.887589]  [<c132fdeb>] redraw_screen+0x13b/0x230
[12556.893424]  [<c152b1f2>] ? atomic_notifier_call_chain+0x22/0x30
[12556.900402]  [<c12d3f25>] fbcon_blank+0x235/0x300
[12556.906074]  [<c132f798>] ? vt_console_print+0x268/0x340
[12556.912332]  [<c132f530>] ? set_mode+0x300/0x300
[12556.917862]  [<c1027208>] ? default_spin_lock_flags+0x8/0x10
[12556.924425]  [<c152792f>] ? _raw_spin_lock_irqsave+0x2f/0x50
[12556.930981]  [<c1048022>] ? console_unlock+0x172/0x1c0
[12556.937004]  [<c1027208>] ? default_spin_lock_flags+0x8/0x10
[12556.943546]  [<c152792f>] ? _raw_spin_lock_irqsave+0x2f/0x50
[12556.950089]  [<c10553cc>] ? lock_timer_base+0x2c/0x60
[12556.956025]  [<c1056985>] ? mod_timer+0x135/0x260
[12556.961580]  [<c13307dc>] do_unblank_screen+0xac/0x1a0
[12556.967560]  [<c13308df>] unblank_screen+0xf/0x20
[12556.973085]  [<c12912b5>] bust_spinlocks+0x15/0x40
[12556.978672]  [<c1528f74>] oops_end+0x34/0xd0
[12556.983715]  [<c10280d4>] no_context+0xc4/0xe0
[12556.988932]  [<c1028188>] __bad_area_nosemaphore+0x98/0x140
[12556.995269]  [<c10e4d94>] ? zone_watermark_ok+0x34/0x40
[12557.001242]  [<c1028290>] bad_area+0x40/0x50
[12557.006249]  [<c152b0ee>] do_page_fault+0x3de/0x430
[12557.011863]  [<c10e247d>] ? filemap_fault+0xcd/0x3f0
[12557.017572]  [<f82a9d41>] ? aufs_fault+0xf1/0x110 [aufs]
[12557.023620]  [<c102d1e3>] ? kmap_atomic_prot+0xe3/0x100
[12557.029574]  [<c152ad10>] ? spurious_fault+0xe0/0xe0
[12557.035253]  [<c152840f>] error_code+0x67/0x6c
[12557.040396]  [<c111bdef>] ? kmem_cache_alloc_trace+0x4f/0x110
[12557.046846]  [<c12548ee>] ? aa_alloc_task_context+0x2e/0x50
[12557.053116]  [<c12548ee>] aa_alloc_task_context+0x2e/0x50
[12557.059197]  [<c1259841>] apparmor_cred_prepare+0x21/0x50
[12557.065281]  [<c122a8f5>] security_prepare_creds+0x15/0x20
[12557.071453]  [<c106d0e2>] prepare_creds+0x82/0xb0
[12557.076837]  [<c106d2f4>] prepare_exec_creds+0x34/0xd0
[12557.082655]  [<c113263d>] prepare_bprm_creds+0x4d/0x80
[12557.088468]  [<c1133d1f>] do_execve_common+0x5f/0x290
[12557.094188]  [<c1133f67>] do_execve+0x17/0x20
[12557.099198]  [<c1009977>] sys_execve+0x37/0x70
[12557.104297]  [<c152e92e>] ptregs_execve+0x12/0x18
[12557.109654]  [<c1527d24>] ? syscall_call+0x7/0xb
[12557.114915]  [<c1520000>] ? threshold_create_bank+0x1b2/0x206
[12557.121306] Code: 89 7d d8 8b 06 64 03 05 dc f0 85 c1 8b 50 04 89 55 e4 8b 08 85 c9 89 4d f0 0f 84 81 00 00 00 8b 46 14 8b 5d f0 8b 7d e4 8b 55 e4 <8b> 04 03 83 c7 01 89 7d dc 89 f9 89 45 e0 89 c3 8b 3e 8b 45 f0
[12557.142302] EIP: [<c111bfe1>] __kmalloc+0xb1/0x1b0 SS:ESP 0068:f1b89998
[12557.149643] CR2: 000000000100d202
[12557.153639] ---[ end trace f6f648427cdef934 ]---
[12616.368013] INFO: rcu_sched_state detected stalls on CPUs/tasks: { 0} (detected by 1, t=15003 jiffies)
