Sep 18 08:41:21 testaus-optiplex-790 kernel: imklog 4.2.0, log source = /proc/kmsg started.
Sep 18 08:41:21 testaus-optiplex-790 rsyslogd: [origin software="rsyslogd" swVersion="4.2.0" x-pid="457" x-info="http://www.rsyslog.com"] (re)start
Sep 18 08:41:21 testaus-optiplex-790 rsyslogd: rsyslogd's groupid changed to 103
Sep 18 08:41:21 testaus-optiplex-790 rsyslogd: rsyslogd's userid changed to 101
Sep 18 08:41:21 testaus-optiplex-790 rsyslogd-2039: Could no open output file '/dev/xconsole' [try http://www.rsyslog.com/e/2039 ]
Sep 18 08:41:21 testaus-optiplex-790 kernel: [    0.000000] Initializing cgroup subsys cpuset
Sep 18 08:41:21 testaus-optiplex-790 kernel: [    0.000000] Initializing cgroup subsys cpu
Sep 18 08:41:21 testaus-optiplex-790 kernel: [    0.000000] Linux version 3.0.0-23-generic (buildd@panlong) (gcc version 4.4.3 (Ubuntu 4.4.3-4ubuntu5.1) ) #39~lucid1-Ubuntu SMP Fri Jul 20 18:21:12 UTC 2012 (Ubuntu 3.0.0-23.39~lucid1-generic 3.0.36)
Sep 18 08:41:21 testaus-optiplex-790 kernel: [    0.000000] KERNEL supported cpus:
Sep 18 08:41:21 testaus-optiplex-790 kernel: [    0.000000]   Intel GenuineIntel
Sep 18 08:41:21 testaus-optiplex-790 kernel: [    0.000000]   AMD AuthenticAMD
Sep 18 08:41:21 testaus-optiplex-790 kernel: [    0.000000]   NSC Geode by NSC
Sep 18 08:41:21 testaus-optiplex-790 kernel: [    0.000000]   Cyrix CyrixInstead
Sep 18 08:41:21 testaus-optiplex-790 kernel: [    0.000000]   Centaur CentaurHauls
Sep 18 08:41:21 testaus-optiplex-790 kernel: [    0.000000]   Transmeta GenuineTMx86
Sep 18 08:41:21 testaus-optiplex-790 kernel: [    0.000000]   Transmeta TransmetaCPU
Sep 18 08:41:21 testaus-optiplex-790 kernel: [    0.000000]   UMC UMC UMC UMC
Sep 18 08:41:21 testaus-optiplex-790 kernel: [    0.000000] BIOS-provided physical RAM map:
Sep 18 08:41:21 testaus-optiplex-790 kernel: [    0.000000]  BIOS-e820: 0000000000000000 - 000000000009ac00 (usable)
Sep 18 08:41:21 testaus-optiplex-790 kernel: [    0.000000]  BIOS-e820: 000000000009ac00 - 00000000000a0000 (reserved)
Sep 18 08:41:21 testaus-optiplex-790 kernel: [    0.000000]  BIOS-e820: 00000000000e0000 - 0000000000100000 (reserved)
Sep 18 08:41:21 testaus-optiplex-790 kernel: [    0.000000]  BIOS-e820: 0000000000100000 - 0000000020000000 (usable)
Sep 18 08:41:21 testaus-optiplex-790 kernel: [    0.000000]  BIOS-e820: 0000000020000000 - 0000000020200000 (reserved)
Sep 18 08:41:21 testaus-optiplex-790 kernel: [    0.000000]  BIOS-e820: 0000000020200000 - 0000000040000000 (usable)
Sep 18 08:41:21 testaus-optiplex-790 kernel: [    0.000000]  BIOS-e820: 0000000040000000 - 0000000040200000 (reserved)
Sep 18 08:41:21 testaus-optiplex-790 kernel: [    0.000000]  BIOS-e820: 0000000040200000 - 00000000ca9fd000 (usable)
Sep 18 08:41:21 testaus-optiplex-790 kernel: [    0.000000]  BIOS-e820: 00000000ca9fd000 - 00000000caa41000 (reserved)
Sep 18 08:41:21 testaus-optiplex-790 kernel: [    0.000000]  BIOS-e820: 00000000caa41000 - 00000000cadb7000 (usable)
Sep 18 08:41:21 testaus-optiplex-790 kernel: [    0.000000]  BIOS-e820: 00000000cadb7000 - 00000000cade7000 (reserved)
Sep 18 08:41:21 testaus-optiplex-790 kernel: [    0.000000]  BIOS-e820: 00000000cade7000 - 00000000cafe7000 (ACPI NVS)
Sep 18 08:41:21 testaus-optiplex-790 kernel: [    0.000000]  BIOS-e820: 00000000cafe7000 - 00000000cafff000 (ACPI data)
Sep 18 08:41:21 testaus-optiplex-790 kernel: [    0.000000]  BIOS-e820: 00000000cafff000 - 00000000cb000000 (usable)
Sep 18 08:41:21 testaus-optiplex-790 kernel: [    0.000000]  BIOS-e820: 00000000fed1c000 - 00000000fed20000 (reserved)
Sep 18 08:41:21 testaus-optiplex-790 kernel: [    0.000000]  BIOS-e820: 00000000ffc00000 - 00000000ffc20000 (reserved)
Sep 18 08:41:21 testaus-optiplex-790 kernel: [    0.000000]  BIOS-e820: 0000000100000000 - 000000012e000000 (usable)
Sep 18 08:41:21 testaus-optiplex-790 kernel: [    0.000000] Notice: NX (Execute Disable) protection cannot be enabled in hardware: non-PAE kernel!
Sep 18 08:41:21 testaus-optiplex-790 kernel: [    0.000000] NX (Execute Disable) protection: approximated by x86 segment limits
Sep 18 08:41:21 testaus-optiplex-790 kernel: [    0.000000] DMI 2.6 present.
Sep 18 08:41:21 testaus-optiplex-790 kernel: [    0.000000] DMI: Dell Inc. OptiPlex 790/0D28YY, BIOS A05 05/28/2011
Sep 18 08:41:21 testaus-optiplex-790 kernel: [    0.000000] e820 update range: 0000000000000000 - 0000000000010000 (usable) ==> (reserved)
Sep 18 08:41:21 testaus-optiplex-790 kernel: [    0.000000] e820 remove range: 00000000000a0000 - 0000000000100000 (usable)
Sep 18 08:41:21 testaus-optiplex-790 kernel: [    0.000000] last_pfn = 0xcb000 max_arch_pfn = 0x100000
Sep 18 08:41:21 testaus-optiplex-790 kernel: [    0.000000] MTRR default type: uncachable
Sep 18 08:41:21 testaus-optiplex-790 kernel: [    0.000000] MTRR fixed ranges enabled:
Sep 18 08:41:21 testaus-optiplex-790 kernel: [    0.000000]   00000-9FFFF write-back
Sep 18 08:41:21 testaus-optiplex-790 kernel: [    0.000000]   A0000-BFFFF uncachable
Sep 18 08:41:21 testaus-optiplex-790 kernel: [    0.000000]   C0000-FFFFF write-protect
Sep 18 08:41:21 testaus-optiplex-790 kernel: [    0.000000] MTRR variable ranges enabled:
Sep 18 08:41:21 testaus-optiplex-790 kernel: [    0.000000]   0 base 000000000 mask F80000000 write-back
Sep 18 08:41:21 testaus-optiplex-790 kernel: [    0.000000]   1 base 080000000 mask FC0000000 write-back
Sep 18 08:41:21 testaus-optiplex-790 kernel: [    0.000000]   2 base 0C0000000 mask FF8000000 write-back
Sep 18 08:41:21 testaus-optiplex-790 kernel: [    0.000000]   3 base 0C8000000 mask FFC000000 write-back
Sep 18 08:41:21 testaus-optiplex-790 kernel: [    0.000000]   4 base 0CB000000 mask FFF000000 uncachable
Sep 18 08:41:21 testaus-optiplex-790 kernel: [    0.000000]   5 base 100000000 mask FE0000000 write-back
Sep 18 08:41:21 testaus-optiplex-790 kernel: [    0.000000]   6 base 120000000 mask FF0000000 write-back
Sep 18 08:41:21 testaus-optiplex-790 kernel: [    0.000000]   7 base 12E000000 mask FFE000000 uncachable
Sep 18 08:41:21 testaus-optiplex-790 kernel: [    0.000000]   8 disabled
Sep 18 08:41:21 testaus-optiplex-790 kernel: [    0.000000]   9 disabled
Sep 18 08:41:21 testaus-optiplex-790 kernel: [    0.000000] x86 PAT enabled: cpu 0, old 0x7040600070406, new 0x7010600070106
Sep 18 08:41:21 testaus-optiplex-790 kernel: [    0.000000] original variable MTRRs
Sep 18 08:41:21 testaus-optiplex-790 kernel: [    0.000000] reg 0, base: 0GB, range: 2GB, type WB
Sep 18 08:41:21 testaus-optiplex-790 kernel: [    0.000000] reg 1, base: 2GB, range: 1GB, type WB
Sep 18 08:41:21 testaus-optiplex-790 kernel: [    0.000000] reg 2, base: 3GB, range: 128MB, type WB
Sep 18 08:41:21 testaus-optiplex-790 kernel: [    0.000000] reg 3, base: 3200MB, range: 64MB, type WB
Sep 18 08:41:21 testaus-optiplex-790 kernel: [    0.000000] reg 4, base: 3248MB, range: 16MB, type UC
Sep 18 08:41:21 testaus-optiplex-790 kernel: [    0.000000] reg 5, base: 4GB, range: 512MB, type WB
Sep 18 08:41:21 testaus-optiplex-790 kernel: [    0.000000] reg 6, base: 4608MB, range: 256MB, type WB
Sep 18 08:41:21 testaus-optiplex-790 kernel: [    0.000000] reg 7, base: 4832MB, range: 32MB, type UC
Sep 18 08:41:21 testaus-optiplex-790 kernel: [    0.000000] total RAM covered: 3984M
Sep 18 08:41:21 testaus-optiplex-790 kernel: [    0.000000] Found optimal setting for mtrr clean up
Sep 18 08:41:21 testaus-optiplex-790 kernel: [    0.000000]  gran_size: 64K 	chunk_size: 64M 	num_reg: 8  	lose cover RAM: 0G
Sep 18 08:41:21 testaus-optiplex-790 kernel: [    0.000000] New variable MTRRs
Sep 18 08:41:21 testaus-optiplex-790 kernel: [    0.000000] reg 0, base: 0GB, range: 2GB, type WB
Sep 18 08:41:21 testaus-optiplex-790 kernel: [    0.000000] reg 1, base: 2GB, range: 1GB, type WB
Sep 18 08:41:21 testaus-optiplex-790 kernel: [    0.000000] reg 2, base: 3GB, range: 128MB, type WB
Sep 18 08:41:21 testaus-optiplex-790 kernel: [    0.000000] reg 3, base: 3200MB, range: 64MB, type WB
Sep 18 08:41:21 testaus-optiplex-790 kernel: [    0.000000] reg 4, base: 3248MB, range: 16MB, type UC
Sep 18 08:41:21 testaus-optiplex-790 kernel: [    0.000000] reg 5, base: 4GB, range: 512MB, type WB
Sep 18 08:41:21 testaus-optiplex-790 kernel: [    0.000000] reg 6, base: 4608MB, range: 256MB, type WB
Sep 18 08:41:21 testaus-optiplex-790 kernel: [    0.000000] reg 7, base: 4832MB, range: 32MB, type UC
Sep 18 08:41:21 testaus-optiplex-790 kernel: [    0.000000] e820 update range: 00000000cb000000 - 0000000100000000 (usable) ==> (reserved)
Sep 18 08:41:21 testaus-optiplex-790 kernel: [    0.000000] found SMP MP-table at [c00f2100] f2100
Sep 18 08:41:21 testaus-optiplex-790 kernel: [    0.000000] initial memory mapped : 0 - 01c00000
Sep 18 08:41:21 testaus-optiplex-790 kernel: [    0.000000] Base memory trampoline at [c0096000] 96000 size 16384
Sep 18 08:41:21 testaus-optiplex-790 kernel: [    0.000000] init_memory_mapping: 0000000000000000-00000000377fe000
Sep 18 08:41:21 testaus-optiplex-790 kernel: [    0.000000]  0000000000 - 0000400000 page 4k
Sep 18 08:41:21 testaus-optiplex-790 kernel: [    0.000000]  0000400000 - 0037400000 page 2M
Sep 18 08:41:21 testaus-optiplex-790 kernel: [    0.000000]  0037400000 - 00377fe000 page 4k
Sep 18 08:41:21 testaus-optiplex-790 kernel: [    0.000000] kernel direct mapping tables up to 377fe000 @ 1bfb000-1c00000
Sep 18 08:41:21 testaus-optiplex-790 kernel: [    0.000000] RAMDISK: 1f682000 - 1ffd0000
Sep 18 08:41:21 testaus-optiplex-790 kernel: [    0.000000] ACPI: RSDP 000fe300 00024 (v02 DELL  )
Sep 18 08:41:21 testaus-optiplex-790 kernel: [    0.000000] ACPI: XSDT caffde18 00064 (v01 DELL    CBX3    06222004 MSFT 00010013)
Sep 18 08:41:21 testaus-optiplex-790 kernel: [    0.000000] ACPI: FACP caf87d98 000F4 (v04 DELL    CBX3    06222004 MSFT 00010013)
Sep 18 08:41:21 testaus-optiplex-790 kernel: [    0.000000] ACPI Warning: 32/64 FACS address mismatch in FADT - two FACS tables! (20110413/tbfadt-365)
Sep 18 08:41:21 testaus-optiplex-790 kernel: [    0.000000] ACPI Warning: 32/64X FACS address mismatch in FADT - 0xCAFE4E40/0x00000000CAFE4D40, using 32 (20110413/tbfadt-489)
Sep 18 08:41:21 testaus-optiplex-790 kernel: [    0.000000] ACPI: DSDT caf72018 07485 (v02 INT430 SYSFexxx 00001001 INTL 20090903)
Sep 18 08:41:21 testaus-optiplex-790 kernel: [    0.000000] ACPI: FACS cafe4e40 00040
Sep 18 08:41:21 testaus-optiplex-790 kernel: [    0.000000] ACPI: APIC caffcf18 000CC (v02 DELL    CBX3    06222004 MSFT 00010013)
Sep 18 08:41:21 testaus-optiplex-790 kernel: [    0.000000] ACPI: TCPA cafe5d18 00032 (v02                 00000000      00000000)
Sep 18 08:41:21 testaus-optiplex-790 kernel: [    0.000000] ACPI: MCFG cafe5c98 0003C (v01 DELL   SNDYBRDG 06222004 MSFT 00000097)
Sep 18 08:41:21 testaus-optiplex-790 kernel: [    0.000000] ACPI: HPET cafe5c18 00038 (v01 A M I   PCHHPET 06222004 AMI. 00000003)
Sep 18 08:41:21 testaus-optiplex-790 kernel: [    0.000000] ACPI: BOOT cafe5b98 00028 (v01 DELL   CBX3     06222004 AMI  00010013)
Sep 18 08:41:21 testaus-optiplex-790 kernel: [    0.000000] ACPI: SSDT cafe6898 0073E (v01  PmRef  Cpu0Ist 00003000 INTL 20090903)
Sep 18 08:41:21 testaus-optiplex-790 kernel: [    0.000000] ACPI: SSDT caf7e018 00996 (v01  PmRef    CpuPm 00003000 INTL 20090903)
Sep 18 08:41:21 testaus-optiplex-790 kernel: [    0.000000] ACPI: Local APIC address 0xfee00000
Sep 18 08:41:21 testaus-optiplex-790 kernel: [    0.000000] 2360MB HIGHMEM available.
Sep 18 08:41:21 testaus-optiplex-790 kernel: [    0.000000] 887MB LOWMEM available.
Sep 18 08:41:21 testaus-optiplex-790 kernel: [    0.000000]   mapped low ram: 0 - 377fe000
Sep 18 08:41:21 testaus-optiplex-790 kernel: [    0.000000]   low ram: 0 - 377fe000
Sep 18 08:41:21 testaus-optiplex-790 kernel: [    0.000000] Zone PFN ranges:
Sep 18 08:41:21 testaus-optiplex-790 kernel: [    0.000000]   DMA      0x00000010 -> 0x00001000
Sep 18 08:41:21 testaus-optiplex-790 kernel: [    0.000000]   Normal   0x00001000 -> 0x000377fe
Sep 18 08:41:21 testaus-optiplex-790 kernel: [    0.000000]   HighMem  0x000377fe -> 0x000cb000
Sep 18 08:41:21 testaus-optiplex-790 kernel: [    0.000000] Movable zone start PFN for each node
Sep 18 08:41:21 testaus-optiplex-790 kernel: [    0.000000] early_node_map[6] active PFN ranges
Sep 18 08:41:21 testaus-optiplex-790 kernel: [    0.000000]     0: 0x00000010 -> 0x0000009a
Sep 18 08:41:21 testaus-optiplex-790 kernel: [    0.000000]     0: 0x00000100 -> 0x00020000
Sep 18 08:41:21 testaus-optiplex-790 kernel: [    0.000000]     0: 0x00020200 -> 0x00040000
Sep 18 08:41:21 testaus-optiplex-790 kernel: [    0.000000]     0: 0x00040200 -> 0x000ca9fd
Sep 18 08:41:21 testaus-optiplex-790 kernel: [    0.000000]     0: 0x000caa41 -> 0x000cadb7
Sep 18 08:41:21 testaus-optiplex-790 kernel: [    0.000000]     0: 0x000cafff -> 0x000cb000
Sep 18 08:41:21 testaus-optiplex-790 kernel: [    0.000000] On node 0 totalpages: 829694
Sep 18 08:41:21 testaus-optiplex-790 kernel: [    0.000000] free_area_init_node: node 0, pgdat c17ab3c0, node_mem_map f5e9d200
Sep 18 08:41:21 testaus-optiplex-790 kernel: [    0.000000]   DMA zone: 32 pages used for memmap
Sep 18 08:41:21 testaus-optiplex-790 kernel: [    0.000000]   DMA zone: 0 pages reserved
Sep 18 08:41:21 testaus-optiplex-790 kernel: [    0.000000]   DMA zone: 3946 pages, LIFO batch:0
Sep 18 08:41:21 testaus-optiplex-790 kernel: [    0.000000]   Normal zone: 1744 pages used for memmap
Sep 18 08:41:21 testaus-optiplex-790 kernel: [    0.000000]   Normal zone: 220974 pages, LIFO batch:31
Sep 18 08:41:21 testaus-optiplex-790 kernel: [    0.000000]   HighMem zone: 4721 pages used for memmap
Sep 18 08:41:21 testaus-optiplex-790 kernel: [    0.000000]   HighMem zone: 598277 pages, LIFO batch:31
Sep 18 08:41:21 testaus-optiplex-790 kernel: [    0.000000] Using APIC driver default
Sep 18 08:41:21 testaus-optiplex-790 kernel: [    0.000000] ACPI: PM-Timer IO Port: 0x408
Sep 18 08:41:21 testaus-optiplex-790 kernel: [    0.000000] ACPI: Local APIC address 0xfee00000
Sep 18 08:41:21 testaus-optiplex-790 kernel: [    0.000000] ACPI: LAPIC (acpi_id[0x01] lapic_id[0x00] enabled)
Sep 18 08:41:21 testaus-optiplex-790 kernel: [    0.000000] ACPI: LAPIC (acpi_id[0x02] lapic_id[0x02] enabled)
Sep 18 08:41:21 testaus-optiplex-790 kernel: [    0.000000] ACPI: LAPIC (acpi_id[0x03] lapic_id[0x01] enabled)
Sep 18 08:41:21 testaus-optiplex-790 kernel: [    0.000000] ACPI: LAPIC (acpi_id[0x04] lapic_id[0x03] enabled)
Sep 18 08:41:21 testaus-optiplex-790 kernel: [    0.000000] ACPI: LAPIC (acpi_id[0x05] lapic_id[0x04] disabled)
Sep 18 08:41:21 testaus-optiplex-790 kernel: [    0.000000] ACPI: LAPIC (acpi_id[0x06] lapic_id[0x05] disabled)
Sep 18 08:41:21 testaus-optiplex-790 kernel: [    0.000000] ACPI: LAPIC (acpi_id[0x07] lapic_id[0x06] disabled)
Sep 18 08:41:21 testaus-optiplex-790 kernel: [    0.000000] ACPI: LAPIC (acpi_id[0x08] lapic_id[0x07] disabled)
Sep 18 08:41:21 testaus-optiplex-790 kernel: [    0.000000] ACPI: LAPIC (acpi_id[0x09] lapic_id[0x08] disabled)
Sep 18 08:41:21 testaus-optiplex-790 kernel: [    0.000000] ACPI: LAPIC (acpi_id[0x0a] lapic_id[0x09] disabled)
Sep 18 08:41:21 testaus-optiplex-790 kernel: [    0.000000] ACPI: LAPIC (acpi_id[0x0b] lapic_id[0x0a] disabled)
Sep 18 08:41:21 testaus-optiplex-790 kernel: [    0.000000] ACPI: LAPIC (acpi_id[0x0c] lapic_id[0x0b] disabled)
Sep 18 08:41:21 testaus-optiplex-790 kernel: [    0.000000] ACPI: LAPIC (acpi_id[0x0d] lapic_id[0x0c] disabled)
Sep 18 08:41:21 testaus-optiplex-790 kernel: [    0.000000] ACPI: LAPIC (acpi_id[0x0e] lapic_id[0x0d] disabled)
Sep 18 08:41:21 testaus-optiplex-790 kernel: [    0.000000] ACPI: LAPIC (acpi_id[0x0f] lapic_id[0x0e] disabled)
Sep 18 08:41:21 testaus-optiplex-790 kernel: [    0.000000] ACPI: LAPIC (acpi_id[0x10] lapic_id[0x0f] disabled)
Sep 18 08:41:21 testaus-optiplex-790 kernel: [    0.000000] ACPI: IOAPIC (id[0x02] address[0xfec00000] gsi_base[0])
Sep 18 08:41:21 testaus-optiplex-790 kernel: [    0.000000] IOAPIC[0]: apic_id 2, version 32, address 0xfec00000, GSI 0-23
Sep 18 08:41:21 testaus-optiplex-790 kernel: [    0.000000] ACPI: INT_SRC_OVR (bus 0 bus_irq 0 global_irq 2 dfl dfl)
Sep 18 08:41:21 testaus-optiplex-790 kernel: [    0.000000] ACPI: INT_SRC_OVR (bus 0 bus_irq 9 global_irq 9 high level)
Sep 18 08:41:21 testaus-optiplex-790 kernel: [    0.000000] ACPI: IRQ0 used by override.
Sep 18 08:41:21 testaus-optiplex-790 kernel: [    0.000000] ACPI: IRQ2 used by override.
Sep 18 08:41:21 testaus-optiplex-790 kernel: [    0.000000] ACPI: IRQ9 used by override.
Sep 18 08:41:21 testaus-optiplex-790 kernel: [    0.000000] Using ACPI (MADT) for SMP configuration information
Sep 18 08:41:21 testaus-optiplex-790 kernel: [    0.000000] ACPI: HPET id: 0x8086a701 base: 0xfed00000
Sep 18 08:41:21 testaus-optiplex-790 kernel: [    0.000000] 16 Processors exceeds NR_CPUS limit of 8
Sep 18 08:41:21 testaus-optiplex-790 kernel: [    0.000000] SMP: Allowing 8 CPUs, 4 hotplug CPUs
Sep 18 08:41:21 testaus-optiplex-790 kernel: [    0.000000] nr_irqs_gsi: 40
Sep 18 08:41:21 testaus-optiplex-790 kernel: [    0.000000] PM: Registered nosave memory: 000000000009a000 - 000000000009b000
Sep 18 08:41:21 testaus-optiplex-790 kernel: [    0.000000] PM: Registered nosave memory: 000000000009b000 - 00000000000a0000
Sep 18 08:41:21 testaus-optiplex-790 kernel: [    0.000000] PM: Registered nosave memory: 00000000000a0000 - 00000000000e0000
Sep 18 08:41:21 testaus-optiplex-790 kernel: [    0.000000] PM: Registered nosave memory: 00000000000e0000 - 0000000000100000
Sep 18 08:41:21 testaus-optiplex-790 kernel: [    0.000000] PM: Registered nosave memory: 0000000020000000 - 0000000020200000
Sep 18 08:41:21 testaus-optiplex-790 kernel: [    0.000000] Allocating PCI resources starting at cb000000 (gap: cb000000:33d1c000)
Sep 18 08:41:21 testaus-optiplex-790 kernel: [    0.000000] Booting paravirtualized kernel on bare hardware
Sep 18 08:41:21 testaus-optiplex-790 kernel: [    0.000000] setup_percpu: NR_CPUS:8 nr_cpumask_bits:8 nr_cpu_ids:8 nr_node_ids:1
Sep 18 08:41:21 testaus-optiplex-790 kernel: [    0.000000] PERCPU: Embedded 12 pages/cpu @f5e2b000 s26176 r0 d22976 u49152
Sep 18 08:41:21 testaus-optiplex-790 kernel: [    0.000000] pcpu-alloc: s26176 r0 d22976 u49152 alloc=12*4096
Sep 18 08:41:21 testaus-optiplex-790 kernel: [    0.000000] pcpu-alloc: [0] 0 [0] 1 [0] 2 [0] 3 [0] 4 [0] 5 [0] 6 [0] 7 
Sep 18 08:41:21 testaus-optiplex-790 kernel: [    0.000000] Built 1 zonelists in Zone order, mobility grouping on.  Total pages: 823197
Sep 18 08:41:21 testaus-optiplex-790 kernel: [    0.000000] Kernel command line: ro initrd=ltsp/i386/initrd.img-generic-lts-backport-oneiric reboot=pci console=tty0 console=ttyS0,115200n81 BOOT_IMAGE=ltsp/i386/vmlinuz-generic-lts-backport-oneiric 
Sep 18 08:41:21 testaus-optiplex-790 kernel: [    0.000000] PID hash table entries: 4096 (order: 2, 16384 bytes)
Sep 18 08:41:21 testaus-optiplex-790 kernel: [    0.000000] Dentry cache hash table entries: 131072 (order: 7, 524288 bytes)
Sep 18 08:41:21 testaus-optiplex-790 kernel: [    0.000000] Inode-cache hash table entries: 65536 (order: 6, 262144 bytes)
Sep 18 08:41:21 testaus-optiplex-790 kernel: [    0.000000] Initializing CPU#0
Sep 18 08:41:21 testaus-optiplex-790 kernel: [    0.000000] xsave/xrstor: enabled xstate_bv 0x7, cntxt size 0x340
Sep 18 08:41:21 testaus-optiplex-790 kernel: [    0.000000] allocated 13303552 bytes of page_cgroup
Sep 18 08:41:21 testaus-optiplex-790 kernel: [    0.000000] please try 'cgroup_disable=memory' option if you don't want memory cgroups
Sep 18 08:41:21 testaus-optiplex-790 kernel: [    0.000000] Initializing HighMem for node 0 (000377fe:000cb000)
Sep 18 08:41:21 testaus-optiplex-790 kernel: [    0.000000] Memory: 3259504k/3325952k available (5310k kernel code, 59272k reserved, 2578k data, 700k init, 2411992k highmem)
Sep 18 08:41:21 testaus-optiplex-790 kernel: [    0.000000] virtual kernel memory layout:
Sep 18 08:41:21 testaus-optiplex-790 kernel: [    0.000000]     fixmap  : 0xfff16000 - 0xfffff000   ( 932 kB)
Sep 18 08:41:21 testaus-optiplex-790 kernel: [    0.000000]     pkmap   : 0xff800000 - 0xffc00000   (4096 kB)
Sep 18 08:41:21 testaus-optiplex-790 kernel: [    0.000000]     vmalloc : 0xf7ffe000 - 0xff7fe000   ( 120 MB)
Sep 18 08:41:21 testaus-optiplex-790 kernel: [    0.000000]     lowmem  : 0xc0000000 - 0xf77fe000   ( 887 MB)
Sep 18 08:41:21 testaus-optiplex-790 kernel: [    0.000000]       .init : 0xc17b5000 - 0xc1864000   ( 700 kB)
Sep 18 08:41:21 testaus-optiplex-790 kernel: [    0.000000]       .data : 0xc152fb6d - 0xc17b4700   (2578 kB)
Sep 18 08:41:21 testaus-optiplex-790 kernel: [    0.000000]       .text : 0xc1000000 - 0xc152fb6d   (5310 kB)
Sep 18 08:41:21 testaus-optiplex-790 kernel: [    0.000000] Checking if this processor honours the WP bit even in supervisor mode...Ok.
Sep 18 08:41:21 testaus-optiplex-790 kernel: [    0.000000] SLUB: Genslabs=15, HWalign=64, Order=0-3, MinObjects=0, CPUs=8, Nodes=1
Sep 18 08:41:21 testaus-optiplex-790 kernel: [    0.000000] Hierarchical RCU implementation.
Sep 18 08:41:21 testaus-optiplex-790 kernel: [    0.000000] 	RCU dyntick-idle grace-period acceleration is enabled.
Sep 18 08:41:21 testaus-optiplex-790 kernel: [    0.000000] NR_IRQS:2304 nr_irqs:744 16
Sep 18 08:41:21 testaus-optiplex-790 kernel: [    0.000000] CPU 0 irqstacks, hard=f4c0a000 soft=f4c0c000
Sep 18 08:41:21 testaus-optiplex-790 kernel: [    0.000000] Extended CMOS year: 2000
Sep 18 08:41:21 testaus-optiplex-790 kernel: [    0.000000] Console: colour VGA+ 80x25
Sep 18 08:41:21 testaus-optiplex-790 kernel: [    0.000000] console [tty0] enabled
Sep 18 08:41:21 testaus-optiplex-790 kernel: [    0.000000] console [ttyS0] enabled
Sep 18 08:41:21 testaus-optiplex-790 kernel: [    0.000000] hpet clockevent registered
Sep 18 08:41:21 testaus-optiplex-790 kernel: [    0.000000] Fast TSC calibration using PIT
Sep 18 08:41:21 testaus-optiplex-790 kernel: [    0.004000] Detected 3093.011 MHz processor.
Sep 18 08:41:21 testaus-optiplex-790 kernel: [    0.000001] Calibrating delay loop (skipped), value calculated using timer frequency.. 6186.02 BogoMIPS (lpj=12372044)
Sep 18 08:41:21 testaus-optiplex-790 kernel: [    0.010784] pid_max: default: 32768 minimum: 301
Sep 18 08:41:21 testaus-optiplex-790 kernel: [    0.015450] Security Framework initialized
Sep 18 08:41:21 testaus-optiplex-790 kernel: [    0.019589] AppArmor: AppArmor initialized
Sep 18 08:41:21 testaus-optiplex-790 kernel: [    0.023721] Yama: becoming mindful.
Sep 18 08:41:21 testaus-optiplex-790 kernel: [    0.027276] Mount-cache hash table entries: 512
Sep 18 08:41:21 testaus-optiplex-790 kernel: [    0.031918] Initializing cgroup subsys cpuacct
Sep 18 08:41:21 testaus-optiplex-790 kernel: [    0.036401] Initializing cgroup subsys memory
Sep 18 08:41:21 testaus-optiplex-790 kernel: [    0.040797] Initializing cgroup subsys devices
Sep 18 08:41:21 testaus-optiplex-790 kernel: [    0.045277] Initializing cgroup subsys freezer
Sep 18 08:41:21 testaus-optiplex-790 kernel: [    0.049755] Initializing cgroup subsys net_cls
Sep 18 08:41:21 testaus-optiplex-790 kernel: [    0.054234] Initializing cgroup subsys blkio
Sep 18 08:41:21 testaus-optiplex-790 kernel: [    0.058544] Initializing cgroup subsys perf_event
Sep 18 08:41:21 testaus-optiplex-790 kernel: [    0.063302] CPU: Physical Processor ID: 0
Sep 18 08:41:21 testaus-optiplex-790 kernel: [    0.067348] CPU: Processor Core ID: 0
Sep 18 08:41:21 testaus-optiplex-790 kernel: [    0.071048] ENERGY_PERF_BIAS: Set to 'normal', was 'performance'
Sep 18 08:41:21 testaus-optiplex-790 kernel: [    0.071049] ENERGY_PERF_BIAS: View and update with x86_energy_perf_policy(8)
Sep 18 08:41:21 testaus-optiplex-790 kernel: [    0.084174] mce: CPU supports 7 MCE banks
Sep 18 08:41:21 testaus-optiplex-790 kernel: [    0.088730] CPU0: Thermal monitoring enabled (TM1)
Sep 18 08:41:21 testaus-optiplex-790 kernel: [    0.093562] using mwait in idle threads.
Sep 18 08:41:21 testaus-optiplex-790 kernel: [    0.099298] ACPI: Core revision 20110413
Sep 18 08:41:21 testaus-optiplex-790 kernel: [    0.106474] ftrace: allocating 23593 entries in 47 pages
Sep 18 08:41:21 testaus-optiplex-790 kernel: [    0.118691] Enabling APIC mode:  Flat.  Using 1 I/O APICs
Sep 18 08:41:21 testaus-optiplex-790 kernel: [    0.124526] ..TIMER: vector=0x30 apic1=0 pin1=2 apic2=-1 pin2=-1
Sep 18 08:41:21 testaus-optiplex-790 kernel: [    0.170239] CPU0: Intel(R) Core(TM) i3-2100 CPU @ 3.10GHz stepping 07
Sep 18 08:41:21 testaus-optiplex-790 kernel: [    0.284518] Performance Events: PEBS fmt1+, SandyBridge events, Intel PMU driver.
Sep 18 08:41:21 testaus-optiplex-790 kernel: [    0.292133] ... version:                3
Sep 18 08:41:21 testaus-optiplex-790 kernel: [    0.296171] ... bit width:              48
Sep 18 08:41:21 testaus-optiplex-790 kernel: [    0.300296] ... generic registers:      4
Sep 18 08:41:21 testaus-optiplex-790 kernel: [    0.304334] ... value mask:             0000ffffffffffff
Sep 18 08:41:21 testaus-optiplex-790 kernel: [    0.309676] ... max period:             000000007fffffff
Sep 18 08:41:21 testaus-optiplex-790 kernel: [    0.315019] ... fixed-purpose events:   3
Sep 18 08:41:21 testaus-optiplex-790 kernel: [    0.319058] ... event mask:             000000070000000f
Sep 18 08:41:21 testaus-optiplex-790 kernel: [    0.324511] CPU 1 irqstacks, hard=f4cd6000 soft=f4ce0000
Sep 18 08:41:21 testaus-optiplex-790 kernel: [    0.324513] Booting Node   0, Processors  #1
Sep 18 08:41:21 testaus-optiplex-790 kernel: [    0.328657] smpboot cpu 1: start_ip = 96000
Sep 18 08:41:21 testaus-optiplex-790 kernel: [    0.339066] Initializing CPU#1
Sep 18 08:41:21 testaus-optiplex-790 kernel: [    0.440631] CPU 2 irqstacks, hard=f4cea000 soft=f4cec000
Sep 18 08:41:21 testaus-optiplex-790 kernel: [    0.440633]  #2
Sep 18 08:41:21 testaus-optiplex-790 kernel: [    0.442227] smpboot cpu 2: start_ip = 96000
Sep 18 08:41:21 testaus-optiplex-790 kernel: [    0.452659] Initializing CPU#2
Sep 18 08:41:21 testaus-optiplex-790 kernel: [    0.552594] CPU 3 irqstacks, hard=f4cf6000 soft=f4cf8000
Sep 18 08:41:21 testaus-optiplex-790 kernel: [    0.552595]  #3
Sep 18 08:41:21 testaus-optiplex-790 kernel: [    0.554190] smpboot cpu 3: start_ip = 96000
Sep 18 08:41:21 testaus-optiplex-790 kernel: [    0.564600] Initializing CPU#3
Sep 18 08:41:21 testaus-optiplex-790 kernel: [    0.664527] Brought up 4 CPUs
Sep 18 08:41:21 testaus-optiplex-790 kernel: [    0.667523] Total of 4 processors activated (24742.98 BogoMIPS).
Sep 18 08:41:21 testaus-optiplex-790 kernel: [    0.675589] devtmpfs: initialized
Sep 18 08:41:21 testaus-optiplex-790 kernel: [    0.679028] PM: Registering ACPI NVS region at cade7000 (2097152 bytes)
Sep 18 08:41:21 testaus-optiplex-790 kernel: [    0.686814] print_constraints: dummy: 
Sep 18 08:41:21 testaus-optiplex-790 kernel: [    0.690615] Time:  5:41:11  Date: 09/18/12
Sep 18 08:41:21 testaus-optiplex-790 kernel: [    0.694764] NET: Registered protocol family 16
Sep 18 08:41:21 testaus-optiplex-790 kernel: [    0.699301] Trying to unpack rootfs image as initramfs...
Sep 18 08:41:21 testaus-optiplex-790 kernel: [    0.699307] EISA bus registered
Sep 18 08:41:21 testaus-optiplex-790 kernel: [    0.699311] ACPI FADT declares the system doesn't support PCIe ASPM, so disable it
Sep 18 08:41:21 testaus-optiplex-790 kernel: [    0.699313] ACPI: bus type pci registered
Sep 18 08:41:21 testaus-optiplex-790 kernel: [    0.699358] PCI: MMCONFIG for domain 0000 [bus 00-3f] at [mem 0xf8000000-0xfbffffff] (base 0xf8000000)
Sep 18 08:41:21 testaus-optiplex-790 kernel: [    0.699360] PCI: not using MMCONFIG
Sep 18 08:41:21 testaus-optiplex-790 kernel: [    0.699402] PCI: PCI BIOS revision 2.10 entry at 0xfce72, last bus=3
Sep 18 08:41:21 testaus-optiplex-790 kernel: [    0.699403] PCI: Using configuration type 1 for base access
Sep 18 08:41:21 testaus-optiplex-790 kernel: [    0.699408] dmi type 0xB1 record - unknown flag
Sep 18 08:41:21 testaus-optiplex-790 kernel: [    0.699945] bio: create slab <bio-0> at 0
Sep 18 08:41:21 testaus-optiplex-790 kernel: [    0.701066] ACPI: EC: Look up EC in DSDT
Sep 18 08:41:21 testaus-optiplex-790 kernel: [    0.772421] [Firmware Bug]: ACPI: BIOS _OSI(Linux) query ignored
Sep 18 08:41:21 testaus-optiplex-790 kernel: [    0.778526] [Firmware Bug]: ACPI: BIOS _OSI(Linux) query ignored
Sep 18 08:41:21 testaus-optiplex-790 kernel: [    0.856635] ACPI: SSDT cadd7718 0067C (v01  PmRef  Cpu0Cst 00003001 INTL 20090903)
Sep 18 08:41:21 testaus-optiplex-790 kernel: [    0.864586] ACPI: Dynamic OEM Table Load:
Sep 18 08:41:21 testaus-optiplex-790 kernel: [    0.868687] ACPI: SSDT   (null) 0067C (v01  PmRef  Cpu0Cst 00003001 INTL 20090903)
Sep 18 08:41:21 testaus-optiplex-790 kernel: [    0.888550] ACPI: SSDT cadd8a98 00303 (v01  PmRef    ApIst 00003000 INTL 20090903)
Sep 18 08:41:21 testaus-optiplex-790 kernel: [    0.896496] Freeing initrd memory: 9528k freed
Sep 18 08:41:21 testaus-optiplex-790 kernel: [    0.896527] ACPI: Dynamic OEM Table Load:
Sep 18 08:41:21 testaus-optiplex-790 kernel: [    0.896529] ACPI: SSDT   (null) 00303 (v01  PmRef    ApIst 00003000 INTL 20090903)
Sep 18 08:41:21 testaus-optiplex-790 kernel: [    0.928459] ACPI: SSDT cadd6d98 00119 (v01  PmRef    ApCst 00003000 INTL 20090903)
Sep 18 08:41:21 testaus-optiplex-790 kernel: [    0.936401] ACPI: Dynamic OEM Table Load:
Sep 18 08:41:21 testaus-optiplex-790 kernel: [    0.940498] ACPI: SSDT   (null) 00119 (v01  PmRef    ApCst 00003000 INTL 20090903)
Sep 18 08:41:21 testaus-optiplex-790 kernel: [    0.956734] ACPI: Interpreter enabled
Sep 18 08:41:21 testaus-optiplex-790 kernel: [    0.960428] ACPI: (supports S0 S3 S4 S5)
Sep 18 08:41:21 testaus-optiplex-790 kernel: [    0.964507] ACPI: Using IOAPIC for interrupt routing
Sep 18 08:41:21 testaus-optiplex-790 kernel: [    0.969519] PCI: MMCONFIG for domain 0000 [bus 00-3f] at [mem 0xf8000000-0xfbffffff] (base 0xf8000000)
Sep 18 08:41:21 testaus-optiplex-790 kernel: [    0.979139] PCI: MMCONFIG at [mem 0xf8000000-0xfbffffff] reserved in ACPI motherboard resources
Sep 18 08:41:21 testaus-optiplex-790 kernel: [    0.987884] PCI: Using MMCONFIG for extended config space
Sep 18 08:41:21 testaus-optiplex-790 kernel: [    1.017993] ACPI: No dock devices found.
Sep 18 08:41:21 testaus-optiplex-790 kernel: [    1.021945] HEST: Table not found.
Sep 18 08:41:21 testaus-optiplex-790 kernel: [    1.025377] PCI: Using host bridge windows from ACPI; if necessary, use "pci=nocrs" and report a bug
Sep 18 08:41:21 testaus-optiplex-790 kernel: [    1.034791] \_SB_.PCI0:_OSC invalid UUID
Sep 18 08:41:21 testaus-optiplex-790 kernel: [    1.034792] _OSC request data:1 8 1f 
Sep 18 08:41:21 testaus-optiplex-790 kernel: [    1.034794] ACPI: PCI Root Bridge [PCI0] (domain 0000 [bus 00-3e])
Sep 18 08:41:21 testaus-optiplex-790 kernel: [    1.041428] pci_root PNP0A08:00: host bridge window [io  0x0000-0x0cf7]
Sep 18 08:41:21 testaus-optiplex-790 kernel: [    1.048076] pci_root PNP0A08:00: host bridge window [io  0x0d00-0xffff]
Sep 18 08:41:21 testaus-optiplex-790 kernel: [    1.054723] pci_root PNP0A08:00: host bridge window [mem 0x000a0000-0x000bffff]
Sep 18 08:41:21 testaus-optiplex-790 kernel: [    1.062075] pci_root PNP0A08:00: host bridge window [mem 0xcfa00000-0xfeafffff]
Sep 18 08:41:21 testaus-optiplex-790 kernel: [    1.069427] pci_root PNP0A08:00: host bridge window [mem 0xfed40000-0xfed44fff]
Sep 18 08:41:21 testaus-optiplex-790 kernel: [    1.076787] pci 0000:00:00.0: [8086:0100] type 0 class 0x000600
Sep 18 08:41:21 testaus-optiplex-790 kernel: [    1.076819] pci 0000:00:02.0: [8086:0102] type 0 class 0x000300
Sep 18 08:41:21 testaus-optiplex-790 kernel: [    1.076828] pci 0000:00:02.0: reg 10: [mem 0xe0c00000-0xe0ffffff 64bit]
Sep 18 08:41:21 testaus-optiplex-790 kernel: [    1.076833] pci 0000:00:02.0: reg 18: [mem 0xd0000000-0xdfffffff 64bit pref]
Sep 18 08:41:21 testaus-optiplex-790 kernel: [    1.076837] pci 0000:00:02.0: reg 20: [io  0x3000-0x303f]
Sep 18 08:41:21 testaus-optiplex-790 kernel: [    1.076885] pci 0000:00:16.0: [8086:1c3a] type 0 class 0x000780
Sep 18 08:41:21 testaus-optiplex-790 kernel: [    1.076906] pci 0000:00:16.0: reg 10: [mem 0xe1ab0000-0xe1ab000f 64bit]
Sep 18 08:41:21 testaus-optiplex-790 kernel: [    1.076976] pci 0000:00:16.0: PME# supported from D0 D3hot D3cold
Sep 18 08:41:21 testaus-optiplex-790 kernel: [    1.076980] pci 0000:00:16.0: PME# disabled
Sep 18 08:41:21 testaus-optiplex-790 kernel: [    1.077001] pci 0000:00:16.3: [8086:1c3d] type 0 class 0x000700
Sep 18 08:41:21 testaus-optiplex-790 kernel: [    1.077019] pci 0000:00:16.3: reg 10: [io  0x30e0-0x30e7]
Sep 18 08:41:21 testaus-optiplex-790 kernel: [    1.077028] pci 0000:00:16.3: reg 14: [mem 0xe1a90000-0xe1a90fff]
Sep 18 08:41:21 testaus-optiplex-790 kernel: [    1.077122] pci 0000:00:19.0: [8086:1502] type 0 class 0x000200
Sep 18 08:41:21 testaus-optiplex-790 kernel: [    1.077139] pci 0000:00:19.0: reg 10: [mem 0xe1a00000-0xe1a1ffff]
Sep 18 08:41:21 testaus-optiplex-790 kernel: [    1.077148] pci 0000:00:19.0: reg 14: [mem 0xe1a80000-0xe1a80fff]
Sep 18 08:41:21 testaus-optiplex-790 kernel: [    1.077156] pci 0000:00:19.0: reg 18: [io  0x3080-0x309f]
Sep 18 08:41:21 testaus-optiplex-790 kernel: [    1.077216] pci 0000:00:19.0: PME# supported from D0 D3hot D3cold
Sep 18 08:41:21 testaus-optiplex-790 kernel: [    1.077220] pci 0000:00:19.0: PME# disabled
Sep 18 08:41:21 testaus-optiplex-790 kernel: [    1.077242] pci 0000:00:1a.0: [8086:1c2d] type 0 class 0x000c03
Sep 18 08:41:21 testaus-optiplex-790 kernel: [    1.077262] pci 0000:00:1a.0: reg 10: [mem 0xe1a70000-0xe1a703ff]
Sep 18 08:41:21 testaus-optiplex-790 kernel: [    1.077350] pci 0000:00:1a.0: PME# supported from D0 D3hot D3cold
Sep 18 08:41:21 testaus-optiplex-790 kernel: [    1.077353] pci 0000:00:1a.0: PME# disabled
Sep 18 08:41:21 testaus-optiplex-790 kernel: [    1.077375] pci 0000:00:1b.0: [8086:1c20] type 0 class 0x000403
Sep 18 08:41:21 testaus-optiplex-790 kernel: [    1.077389] pci 0000:00:1b.0: reg 10: [mem 0xe1a60000-0xe1a63fff 64bit]
Sep 18 08:41:21 testaus-optiplex-790 kernel: [    1.077455] pci 0000:00:1b.0: PME# supported from D0 D3hot D3cold
Sep 18 08:41:21 testaus-optiplex-790 kernel: [    1.077458] pci 0000:00:1b.0: PME# disabled
Sep 18 08:41:21 testaus-optiplex-790 kernel: [    1.077481] pci 0000:00:1c.0: [8086:1c10] type 1 class 0x000604
Sep 18 08:41:21 testaus-optiplex-790 kernel: [    1.077611] pci 0000:00:1c.0: PME# supported from D0 D3hot D3cold
Sep 18 08:41:21 testaus-optiplex-790 kernel: [    1.077615] pci 0000:00:1c.0: PME# disabled
Sep 18 08:41:21 testaus-optiplex-790 kernel: [    1.077648] pci 0000:00:1c.2: [8086:1c14] type 1 class 0x000604
Sep 18 08:41:21 testaus-optiplex-790 kernel: [    1.077777] pci 0000:00:1c.2: PME# supported from D0 D3hot D3cold
Sep 18 08:41:21 testaus-optiplex-790 kernel: [    1.077782] pci 0000:00:1c.2: PME# disabled
Sep 18 08:41:21 testaus-optiplex-790 kernel: [    1.077820] pci 0000:00:1d.0: [8086:1c26] type 0 class 0x000c03
Sep 18 08:41:21 testaus-optiplex-790 kernel: [    1.077840] pci 0000:00:1d.0: reg 10: [mem 0xe1a50000-0xe1a503ff]
Sep 18 08:41:21 testaus-optiplex-790 kernel: [    1.077927] pci 0000:00:1d.0: PME# supported from D0 D3hot D3cold
Sep 18 08:41:21 testaus-optiplex-790 kernel: [    1.077931] pci 0000:00:1d.0: PME# disabled
Sep 18 08:41:21 testaus-optiplex-790 kernel: [    1.077950] pci 0000:00:1e.0: [8086:244e] type 1 class 0x000604
Sep 18 08:41:21 testaus-optiplex-790 kernel: [    1.078010] pci 0000:00:1f.0: [8086:1c4c] type 0 class 0x000601
Sep 18 08:41:21 testaus-optiplex-790 kernel: [    1.078130] pci 0000:00:1f.2: [8086:1c02] type 0 class 0x000106
Sep 18 08:41:21 testaus-optiplex-790 kernel: [    1.078147] pci 0000:00:1f.2: reg 10: [io  0x30d0-0x30d7]
Sep 18 08:41:21 testaus-optiplex-790 kernel: [    1.078155] pci 0000:00:1f.2: reg 14: [io  0x30c0-0x30c3]
Sep 18 08:41:21 testaus-optiplex-790 kernel: [    1.078162] pci 0000:00:1f.2: reg 18: [io  0x30b0-0x30b7]
Sep 18 08:41:21 testaus-optiplex-790 kernel: [    1.078170] pci 0000:00:1f.2: reg 1c: [io  0x30a0-0x30a3]
Sep 18 08:41:21 testaus-optiplex-790 kernel: [    1.078177] pci 0000:00:1f.2: reg 20: [io  0x3060-0x307f]
Sep 18 08:41:21 testaus-optiplex-790 kernel: [    1.078185] pci 0000:00:1f.2: reg 24: [mem 0xe1a40000-0xe1a407ff]
Sep 18 08:41:21 testaus-optiplex-790 kernel: [    1.078227] pci 0000:00:1f.2: PME# supported from D3hot
Sep 18 08:41:21 testaus-optiplex-790 kernel: [    1.078231] pci 0000:00:1f.2: PME# disabled
Sep 18 08:41:21 testaus-optiplex-790 kernel: [    1.078246] pci 0000:00:1f.3: [8086:1c22] type 0 class 0x000c05
Sep 18 08:41:21 testaus-optiplex-790 kernel: [    1.078260] pci 0000:00:1f.3: reg 10: [mem 0xe1a30000-0xe1a300ff 64bit]
Sep 18 08:41:21 testaus-optiplex-790 kernel: [    1.078280] pci 0000:00:1f.3: reg 20: [io  0x3040-0x305f]
Sep 18 08:41:21 testaus-optiplex-790 kernel: [    1.078374] pci 0000:00:1c.0: PCI bridge to [bus 01-01]
Sep 18 08:41:21 testaus-optiplex-790 kernel: [    1.083636] pci 0000:00:1c.0:   bridge window [io  0xf000-0x0000] (disabled)
Sep 18 08:41:21 testaus-optiplex-790 kernel: [    1.083641] pci 0000:00:1c.0:   bridge window [mem 0xfff00000-0x000fffff] (disabled)
Sep 18 08:41:21 testaus-optiplex-790 kernel: [    1.083649] pci 0000:00:1c.0:   bridge window [mem 0xfff00000-0x000fffff pref] (disabled)
Sep 18 08:41:21 testaus-optiplex-790 kernel: [    1.083720] pci 0000:00:1c.2: PCI bridge to [bus 02-02]
Sep 18 08:41:21 testaus-optiplex-790 kernel: [    1.088981] pci 0000:00:1c.2:   bridge window [io  0x2000-0x2fff]
Sep 18 08:41:21 testaus-optiplex-790 kernel: [    1.088986] pci 0000:00:1c.2:   bridge window [mem 0xe1000000-0xe19fffff]
Sep 18 08:41:21 testaus-optiplex-790 kernel: [    1.088995] pci 0000:00:1c.2:   bridge window [mem 0xe0000000-0xe09fffff 64bit pref]
Sep 18 08:41:21 testaus-optiplex-790 kernel: [    1.089052] pci 0000:00:1e.0: PCI bridge to [bus 03-03] (subtractive decode)
Sep 18 08:41:21 testaus-optiplex-790 kernel: [    1.096137] pci 0000:00:1e.0:   bridge window [io  0xf000-0x0000] (disabled)
Sep 18 08:41:21 testaus-optiplex-790 kernel: [    1.096140] pci 0000:00:1e.0:   bridge window [mem 0xfff00000-0x000fffff] (disabled)
Sep 18 08:41:21 testaus-optiplex-790 kernel: [    1.096146] pci 0000:00:1e.0:   bridge window [mem 0xfff00000-0x000fffff pref] (disabled)
Sep 18 08:41:21 testaus-optiplex-790 kernel: [    1.096147] pci 0000:00:1e.0:   bridge window [io  0x0000-0x0cf7] (subtractive decode)
Sep 18 08:41:21 testaus-optiplex-790 kernel: [    1.096149] pci 0000:00:1e.0:   bridge window [io  0x0d00-0xffff] (subtractive decode)
Sep 18 08:41:21 testaus-optiplex-790 kernel: [    1.096151] pci 0000:00:1e.0:   bridge window [mem 0x000a0000-0x000bffff] (subtractive decode)
Sep 18 08:41:21 testaus-optiplex-790 kernel: [    1.096152] pci 0000:00:1e.0:   bridge window [mem 0xcfa00000-0xfeafffff] (subtractive decode)
Sep 18 08:41:21 testaus-optiplex-790 kernel: [    1.096154] pci 0000:00:1e.0:   bridge window [mem 0xfed40000-0xfed44fff] (subtractive decode)
Sep 18 08:41:21 testaus-optiplex-790 kernel: [    1.096174] pci_bus 0000:00: on NUMA node 0
Sep 18 08:41:21 testaus-optiplex-790 kernel: [    1.096176] ACPI: PCI Interrupt Routing Table [\_SB_.PCI0._PRT]
Sep 18 08:41:21 testaus-optiplex-790 kernel: [    1.096315] ACPI: PCI Interrupt Routing Table [\_SB_.PCI0.RP01._PRT]
Sep 18 08:41:21 testaus-optiplex-790 kernel: [    1.096342] ACPI: PCI Interrupt Routing Table [\_SB_.PCI0.RP03._PRT]
Sep 18 08:41:21 testaus-optiplex-790 kernel: [    1.096380] ACPI: PCI Interrupt Routing Table [\_SB_.PCI0.P0P1._PRT]
Sep 18 08:41:21 testaus-optiplex-790 kernel: [    1.096474] \_SB_.PCI0:_OSC invalid UUID
Sep 18 08:41:21 testaus-optiplex-790 kernel: [    1.096475] _OSC request data:1 1f 1f 
Sep 18 08:41:21 testaus-optiplex-790 kernel: [    1.096478]  pci0000:00: Requesting ACPI _OSC control (0x1d)
Sep 18 08:41:21 testaus-optiplex-790 kernel: [    1.102190] \_SB_.PCI0:_OSC invalid UUID
Sep 18 08:41:21 testaus-optiplex-790 kernel: [    1.102191] _OSC request data:1 0 1d 
Sep 18 08:41:21 testaus-optiplex-790 kernel: [    1.102194]  pci0000:00: ACPI _OSC request failed (AE_ERROR), returned control mask: 0x1d
Sep 18 08:41:21 testaus-optiplex-790 kernel: [    1.110417] ACPI _OSC control for PCIe not granted, disabling ASPM
Sep 18 08:41:21 testaus-optiplex-790 kernel: [    1.118849] ACPI: PCI Interrupt Link [LNKA] (IRQs 1 3 4 5 6 7 10 12 14 15) *11
Sep 18 08:41:21 testaus-optiplex-790 kernel: [    1.126526] ACPI: PCI Interrupt Link [LNKB] (IRQs 1 3 4 5 6 7 11 12 14 15) *10
Sep 18 08:41:21 testaus-optiplex-790 kernel: [    1.134200] ACPI: PCI Interrupt Link [LNKC] (IRQs 1 3 4 5 6 7 10 12 14 15) *11
Sep 18 08:41:21 testaus-optiplex-790 kernel: [    1.141872] ACPI: PCI Interrupt Link [LNKD] (IRQs 1 3 4 5 6 7 11 12 14 15) *0, disabled.
Sep 18 08:41:21 testaus-optiplex-790 kernel: [    1.150437] ACPI: PCI Interrupt Link [LNKE] (IRQs 1 3 4 *5 6 7 10 12 14 15)
Sep 18 08:41:21 testaus-optiplex-790 kernel: [    1.157808] ACPI: PCI Interrupt Link [LNKF] (IRQs 1 3 4 5 6 7 11 12 14 15) *0, disabled.
Sep 18 08:41:21 testaus-optiplex-790 kernel: [    1.166370] ACPI: PCI Interrupt Link [LNKG] (IRQs 1 *3 4 5 6 7 10 12 14 15)
Sep 18 08:41:21 testaus-optiplex-790 kernel: [    1.173741] ACPI: PCI Interrupt Link [LNKH] (IRQs 1 3 4 5 6 7 11 12 14 15) *0, disabled.
Sep 18 08:41:21 testaus-optiplex-790 kernel: [    1.182337] vgaarb: device added: PCI:0000:00:02.0,decodes=io+mem,owns=io+mem,locks=none
Sep 18 08:41:21 testaus-optiplex-790 kernel: [    1.190477] vgaarb: loaded
Sep 18 08:41:21 testaus-optiplex-790 kernel: [    1.193213] vgaarb: bridge control possible 0000:00:02.0
Sep 18 08:41:21 testaus-optiplex-790 kernel: [    1.198683] SCSI subsystem initialized
Sep 18 08:41:21 testaus-optiplex-790 kernel: [    1.202495] libata version 3.00 loaded.
Sep 18 08:41:21 testaus-optiplex-790 kernel: [    1.202521] usbcore: registered new interface driver usbfs
Sep 18 08:41:21 testaus-optiplex-790 kernel: [    1.208041] usbcore: registered new interface driver hub
Sep 18 08:41:21 testaus-optiplex-790 kernel: [    1.213398] usbcore: registered new device driver usb
Sep 18 08:41:21 testaus-optiplex-790 kernel: [    1.218532] PCI: Using ACPI for IRQ routing
Sep 18 08:41:21 testaus-optiplex-790 kernel: [    1.222746] PCI: pci_cache_line_size set to 64 bytes
Sep 18 08:41:21 testaus-optiplex-790 kernel: [    1.222798] reserve RAM buffer: 000000000009ac00 - 000000000009ffff 
Sep 18 08:41:21 testaus-optiplex-790 kernel: [    1.222800] reserve RAM buffer: 00000000ca9fd000 - 00000000cbffffff 
Sep 18 08:41:21 testaus-optiplex-790 kernel: [    1.222802] reserve RAM buffer: 00000000cadb7000 - 00000000cbffffff 
Sep 18 08:41:21 testaus-optiplex-790 kernel: [    1.222804] reserve RAM buffer: 00000000cb000000 - 00000000cbffffff 
Sep 18 08:41:21 testaus-optiplex-790 kernel: [    1.222867] NetLabel: Initializing
Sep 18 08:41:21 testaus-optiplex-790 kernel: [    1.226297] NetLabel:  domain hash size = 128
Sep 18 08:41:21 testaus-optiplex-790 kernel: [    1.230685] NetLabel:  protocols = UNLABELED CIPSOv4
Sep 18 08:41:21 testaus-optiplex-790 kernel: [    1.235687] NetLabel:  unlabeled traffic allowed by default
Sep 18 08:41:21 testaus-optiplex-790 kernel: [    1.241316] hpet0: at MMIO 0xfed00000, IRQs 2, 8, 0, 0, 0, 0, 0, 0
Sep 18 08:41:21 testaus-optiplex-790 kernel: [    1.247787] hpet0: 8 comparators, 64-bit 14.318180 MHz counter
Sep 18 08:41:21 testaus-optiplex-790 kernel: [    1.255661] Switching to clocksource hpet
Sep 18 08:41:21 testaus-optiplex-790 kernel: [    1.260258] Switched to NOHz mode on CPU #0
Sep 18 08:41:21 testaus-optiplex-790 kernel: [    1.260360] Switched to NOHz mode on CPU #2
Sep 18 08:41:21 testaus-optiplex-790 kernel: [    1.260371] Switched to NOHz mode on CPU #1
Sep 18 08:41:21 testaus-optiplex-790 kernel: [    1.260374] Switched to NOHz mode on CPU #3
Sep 18 08:41:21 testaus-optiplex-790 kernel: [    1.280789] AppArmor: AppArmor Filesystem Enabled
Sep 18 08:41:21 testaus-optiplex-790 kernel: [    1.285546] pnp: PnP ACPI init
Sep 18 08:41:21 testaus-optiplex-790 kernel: [    1.288641] ACPI: bus type pnp registered
Sep 18 08:41:21 testaus-optiplex-790 kernel: [    1.292912] pnp 00:00: [bus 00-3e]
Sep 18 08:41:21 testaus-optiplex-790 kernel: [    1.292914] pnp 00:00: [io  0x0000-0x0cf7 window]
Sep 18 08:41:21 testaus-optiplex-790 kernel: [    1.292916] pnp 00:00: [io  0x0cf8-0x0cff]
Sep 18 08:41:21 testaus-optiplex-790 kernel: [    1.292917] pnp 00:00: [io  0x0d00-0xffff window]
Sep 18 08:41:21 testaus-optiplex-790 kernel: [    1.292919] pnp 00:00: [mem 0x000a0000-0x000bffff window]
Sep 18 08:41:21 testaus-optiplex-790 kernel: [    1.292920] pnp 00:00: [mem 0x000c0000-0x000c3fff window]
Sep 18 08:41:21 testaus-optiplex-790 kernel: [    1.292922] pnp 00:00: [mem 0x000c4000-0x000c7fff window]
Sep 18 08:41:21 testaus-optiplex-790 kernel: [    1.292923] pnp 00:00: [mem 0x000c8000-0x000cbfff window]
Sep 18 08:41:21 testaus-optiplex-790 kernel: [    1.292925] pnp 00:00: [mem 0x000cc000-0x000cffff window]
Sep 18 08:41:21 testaus-optiplex-790 kernel: [    1.292926] pnp 00:00: [mem 0x000d0000-0x000d3fff window]
Sep 18 08:41:21 testaus-optiplex-790 kernel: [    1.292927] pnp 00:00: [mem 0x000d4000-0x000d7fff window]
Sep 18 08:41:21 testaus-optiplex-790 kernel: [    1.292929] pnp 00:00: [mem 0x000d8000-0x000dbfff window]
Sep 18 08:41:21 testaus-optiplex-790 kernel: [    1.292930] pnp 00:00: [mem 0x000dc000-0x000dffff window]
Sep 18 08:41:21 testaus-optiplex-790 kernel: [    1.292932] pnp 00:00: [mem 0x000e0000-0x000e3fff window]
Sep 18 08:41:21 testaus-optiplex-790 kernel: [    1.292933] pnp 00:00: [mem 0x000e4000-0x000e7fff window]
Sep 18 08:41:21 testaus-optiplex-790 kernel: [    1.292935] pnp 00:00: [mem 0x000e8000-0x000ebfff window]
Sep 18 08:41:21 testaus-optiplex-790 kernel: [    1.292936] pnp 00:00: [mem 0x000ec000-0x000effff window]
Sep 18 08:41:21 testaus-optiplex-790 kernel: [    1.292937] pnp 00:00: [mem 0x000f0000-0x000fffff window]
Sep 18 08:41:21 testaus-optiplex-790 kernel: [    1.292939] pnp 00:00: [mem 0xcfa00000-0xfeafffff window]
Sep 18 08:41:21 testaus-optiplex-790 kernel: [    1.292940] pnp 00:00: [mem 0xfed40000-0xfed44fff window]
Sep 18 08:41:21 testaus-optiplex-790 kernel: [    1.292981] pnp 00:00: Plug and Play ACPI device, IDs PNP0a08 PNP0a03 (active)
Sep 18 08:41:21 testaus-optiplex-790 kernel: [    1.293000] pnp 00:01: [io  0x0000-0x001f]
Sep 18 08:41:21 testaus-optiplex-790 kernel: [    1.293001] pnp 00:01: [io  0x0081-0x0091]
Sep 18 08:41:21 testaus-optiplex-790 kernel: [    1.293003] pnp 00:01: [io  0x0093-0x009f]
Sep 18 08:41:21 testaus-optiplex-790 kernel: [    1.293005] pnp 00:01: [io  0x00c0-0x00df]
Sep 18 08:41:21 testaus-optiplex-790 kernel: [    1.293006] pnp 00:01: [dma 4]
Sep 18 08:41:21 testaus-optiplex-790 kernel: [    1.293022] pnp 00:01: Plug and Play ACPI device, IDs PNP0200 (active)
Sep 18 08:41:21 testaus-optiplex-790 kernel: [    1.293027] pnp 00:02: [mem 0xff000000-0xffffffff]
Sep 18 08:41:21 testaus-optiplex-790 kernel: [    1.293042] pnp 00:02: Plug and Play ACPI device, IDs INT0800 (active)
Sep 18 08:41:21 testaus-optiplex-790 kernel: [    1.293091] pnp 00:03: [mem 0xfed00000-0xfed003ff]
Sep 18 08:41:21 testaus-optiplex-790 kernel: [    1.293107] pnp 00:03: Plug and Play ACPI device, IDs PNP0103 (active)
Sep 18 08:41:21 testaus-optiplex-790 kernel: [    1.293114] pnp 00:04: [io  0x00f0]
Sep 18 08:41:21 testaus-optiplex-790 kernel: [    1.293122] pnp 00:04: [irq 13]
Sep 18 08:41:21 testaus-optiplex-790 kernel: [    1.293138] pnp 00:04: Plug and Play ACPI device, IDs PNP0c04 (active)
Sep 18 08:41:21 testaus-optiplex-790 kernel: [    1.293153] pnp 00:05: [io  0x002e-0x002f]
Sep 18 08:41:21 testaus-optiplex-790 kernel: [    1.293154] pnp 00:05: [io  0x004e-0x004f]
Sep 18 08:41:21 testaus-optiplex-790 kernel: [    1.293155] pnp 00:05: [io  0x0061]
Sep 18 08:41:21 testaus-optiplex-790 kernel: [    1.293156] pnp 00:05: [io  0x0063]
Sep 18 08:41:21 testaus-optiplex-790 kernel: [    1.293158] pnp 00:05: [io  0x0065]
Sep 18 08:41:21 testaus-optiplex-790 kernel: [    1.293159] pnp 00:05: [io  0x0067]
Sep 18 08:41:21 testaus-optiplex-790 kernel: [    1.293160] pnp 00:05: [io  0x0070]
Sep 18 08:41:21 testaus-optiplex-790 kernel: [    1.293161] pnp 00:05: [io  0x0080]
Sep 18 08:41:21 testaus-optiplex-790 kernel: [    1.293162] pnp 00:05: [io  0x0092]
Sep 18 08:41:21 testaus-optiplex-790 kernel: [    1.293163] pnp 00:05: [io  0x00b2-0x00b3]
Sep 18 08:41:21 testaus-optiplex-790 kernel: [    1.293165] pnp 00:05: [io  0x0680-0x069f]
Sep 18 08:41:21 testaus-optiplex-790 kernel: [    1.293166] pnp 00:05: [io  0xffff]
Sep 18 08:41:21 testaus-optiplex-790 kernel: [    1.293167] pnp 00:05: [io  0xffff]
Sep 18 08:41:21 testaus-optiplex-790 kernel: [    1.293168] pnp 00:05: [io  0xffff]
Sep 18 08:41:21 testaus-optiplex-790 kernel: [    1.293169] pnp 00:05: [io  0x0400-0x0453]
Sep 18 08:41:21 testaus-optiplex-790 kernel: [    1.293170] pnp 00:05: [io  0x0458-0x047f]
Sep 18 08:41:21 testaus-optiplex-790 kernel: [    1.293172] pnp 00:05: [io  0x0500-0x057f]
Sep 18 08:41:21 testaus-optiplex-790 kernel: [    1.293173] pnp 00:05: [io  0x164e-0x164f]
Sep 18 08:41:21 testaus-optiplex-790 kernel: [    1.293202] system 00:05: [io  0x0680-0x069f] has been reserved
Sep 18 08:41:21 testaus-optiplex-790 kernel: [    1.299158] system 00:05: [io  0xffff] has been reserved
Sep 18 08:41:21 testaus-optiplex-790 kernel: [    1.304504] system 00:05: [io  0xffff] has been reserved
Sep 18 08:41:21 testaus-optiplex-790 kernel: [    1.309849] system 00:05: [io  0xffff] has been reserved
Sep 18 08:41:21 testaus-optiplex-790 kernel: [    1.315195] system 00:05: [io  0x0400-0x0453] has been reserved
Sep 18 08:41:21 testaus-optiplex-790 kernel: [    1.321148] system 00:05: [io  0x0458-0x047f] has been reserved
Sep 18 08:41:21 testaus-optiplex-790 kernel: [    1.327103] system 00:05: [io  0x0500-0x057f] has been reserved
Sep 18 08:41:21 testaus-optiplex-790 kernel: [    1.333060] system 00:05: [io  0x164e-0x164f] has been reserved
Sep 18 08:41:21 testaus-optiplex-790 kernel: [    1.339016] system 00:05: Plug and Play ACPI device, IDs PNP0c02 (active)
Sep 18 08:41:21 testaus-optiplex-790 kernel: [    1.339022] pnp 00:06: [io  0x0070-0x0077]
Sep 18 08:41:21 testaus-optiplex-790 kernel: [    1.339027] pnp 00:06: [irq 8]
Sep 18 08:41:21 testaus-optiplex-790 kernel: [    1.339044] pnp 00:06: Plug and Play ACPI device, IDs PNP0b00 (active)
Sep 18 08:41:21 testaus-optiplex-790 kernel: [    1.339061] pnp 00:07: [io  0x0454-0x0457]
Sep 18 08:41:21 testaus-optiplex-790 kernel: [    1.339085] system 00:07: [io  0x0454-0x0457] has been reserved
Sep 18 08:41:21 testaus-optiplex-790 kernel: [    1.345041] system 00:07: Plug and Play ACPI device, IDs INT3f0d PNP0c02 (active)
Sep 18 08:41:21 testaus-optiplex-790 kernel: [    1.345095] pnp 00:08: [io  0x0060]
Sep 18 08:41:21 testaus-optiplex-790 kernel: [    1.345097] pnp 00:08: [io  0x0064]
Sep 18 08:41:21 testaus-optiplex-790 kernel: [    1.345101] pnp 00:08: [irq 12]
Sep 18 08:41:21 testaus-optiplex-790 kernel: [    1.345122] pnp 00:08: Plug and Play ACPI device, IDs PNP0f13 (active)
Sep 18 08:41:21 testaus-optiplex-790 kernel: [    1.345257] pnp 00:09: [io  0x03f8-0x03ff]
Sep 18 08:41:21 testaus-optiplex-790 kernel: [    1.345261] pnp 00:09: [irq 4]
Sep 18 08:41:21 testaus-optiplex-790 kernel: [    1.345296] pnp 00:09: Plug and Play ACPI device, IDs PNP0501 (active)
Sep 18 08:41:21 testaus-optiplex-790 kernel: [    1.345416] pnp 00:0a: [mem 0xfed1c000-0xfed1ffff]
Sep 18 08:41:21 testaus-optiplex-790 kernel: [    1.345418] pnp 00:0a: [mem 0xfed10000-0xfed17fff]
Sep 18 08:41:21 testaus-optiplex-790 kernel: [    1.345419] pnp 00:0a: [mem 0xfed18000-0xfed18fff]
Sep 18 08:41:21 testaus-optiplex-790 kernel: [    1.345421] pnp 00:0a: [mem 0xfed19000-0xfed19fff]
Sep 18 08:41:21 testaus-optiplex-790 kernel: [    1.345422] pnp 00:0a: [mem 0xf8000000-0xfbffffff]
Sep 18 08:41:21 testaus-optiplex-790 kernel: [    1.345423] pnp 00:0a: [mem 0xfed20000-0xfed3ffff]
Sep 18 08:41:21 testaus-optiplex-790 kernel: [    1.345424] pnp 00:0a: [mem 0xfed90000-0xfed93fff]
Sep 18 08:41:21 testaus-optiplex-790 kernel: [    1.345426] pnp 00:0a: [mem 0xfed45000-0xfed8ffff]
Sep 18 08:41:21 testaus-optiplex-790 kernel: [    1.345427] pnp 00:0a: [mem 0xff000000-0xffffffff]
Sep 18 08:41:21 testaus-optiplex-790 kernel: [    1.345428] pnp 00:0a: [mem 0xfee00000-0xfeefffff]
Sep 18 08:41:21 testaus-optiplex-790 kernel: [    1.345430] pnp 00:0a: [mem 0x00000000-0xffffffff disabled]
Sep 18 08:41:21 testaus-optiplex-790 kernel: [    1.345431] pnp 00:0a: [mem 0x00000000-0xffffffff disabled]
Sep 18 08:41:21 testaus-optiplex-790 kernel: [    1.345466] system 00:0a: [mem 0xfed1c000-0xfed1ffff] has been reserved
Sep 18 08:41:21 testaus-optiplex-790 kernel: [    1.352118] system 00:0a: [mem 0xfed10000-0xfed17fff] has been reserved
Sep 18 08:41:21 testaus-optiplex-790 kernel: [    1.358767] system 00:0a: [mem 0xfed18000-0xfed18fff] has been reserved
Sep 18 08:41:21 testaus-optiplex-790 kernel: [    1.365415] system 00:0a: [mem 0xfed19000-0xfed19fff] has been reserved
Sep 18 08:41:21 testaus-optiplex-790 kernel: [    1.372065] system 00:0a: [mem 0xf8000000-0xfbffffff] has been reserved
Sep 18 08:41:21 testaus-optiplex-790 kernel: [    1.378716] system 00:0a: [mem 0xfed20000-0xfed3ffff] has been reserved
Sep 18 08:41:21 testaus-optiplex-790 kernel: [    1.385364] system 00:0a: [mem 0xfed90000-0xfed93fff] has been reserved
Sep 18 08:41:21 testaus-optiplex-790 kernel: [    1.392014] system 00:0a: [mem 0xfed45000-0xfed8ffff] has been reserved
Sep 18 08:41:21 testaus-optiplex-790 kernel: [    1.398665] system 00:0a: [mem 0xff000000-0xffffffff] could not be reserved
Sep 18 08:41:21 testaus-optiplex-790 kernel: [    1.405664] system 00:0a: [mem 0xfee00000-0xfeefffff] has been reserved
Sep 18 08:41:21 testaus-optiplex-790 kernel: [    1.412315] system 00:0a: Plug and Play ACPI device, IDs PNP0c02 (active)
Sep 18 08:41:21 testaus-optiplex-790 kernel: [    1.412330] pnp 00:0b: [mem 0x20000000-0x201fffff]
Sep 18 08:41:21 testaus-optiplex-790 kernel: [    1.412332] pnp 00:0b: [mem 0x40000000-0x401fffff]
Sep 18 08:41:21 testaus-optiplex-790 kernel: [    1.412366] system 00:0b: [mem 0x20000000-0x201fffff] has been reserved
Sep 18 08:41:21 testaus-optiplex-790 kernel: [    1.419016] system 00:0b: [mem 0x40000000-0x401fffff] has been reserved
Sep 18 08:41:21 testaus-optiplex-790 kernel: [    1.425666] system 00:0b: Plug and Play ACPI device, IDs PNP0c01 (active)
Sep 18 08:41:21 testaus-optiplex-790 kernel: [    1.425747] pnp: PnP ACPI: found 12 devices
Sep 18 08:41:21 testaus-optiplex-790 kernel: [    1.429964] ACPI: ACPI bus type pnp unregistered
Sep 18 08:41:21 testaus-optiplex-790 kernel: [    1.434615] PnPBIOS: Disabled by ACPI PNP
Sep 18 08:41:21 testaus-optiplex-790 kernel: [    1.473975] PCI: max bus depth: 1 pci_try_num: 2
Sep 18 08:41:21 testaus-optiplex-790 kernel: [    1.474007] pci 0000:00:1c.0: PCI bridge to [bus 01-01]
Sep 18 08:41:21 testaus-optiplex-790 kernel: [    1.479267] pci 0000:00:1c.0:   bridge window [io  disabled]
Sep 18 08:41:21 testaus-optiplex-790 kernel: [    1.484967] pci 0000:00:1c.0:   bridge window [mem disabled]
Sep 18 08:41:21 testaus-optiplex-790 kernel: [    1.490665] pci 0000:00:1c.0:   bridge window [mem pref disabled]
Sep 18 08:41:21 testaus-optiplex-790 kernel: [    1.496801] pci 0000:00:1c.2: PCI bridge to [bus 02-02]
Sep 18 08:41:21 testaus-optiplex-790 kernel: [    1.502060] pci 0000:00:1c.2:   bridge window [io  0x2000-0x2fff]
Sep 18 08:41:21 testaus-optiplex-790 kernel: [    1.508194] pci 0000:00:1c.2:   bridge window [mem 0xe1000000-0xe19fffff]
Sep 18 08:41:21 testaus-optiplex-790 kernel: [    1.515021] pci 0000:00:1c.2:   bridge window [mem 0xe0000000-0xe09fffff 64bit pref]
Sep 18 08:41:21 testaus-optiplex-790 kernel: [    1.522817] pci 0000:00:1e.0: PCI bridge to [bus 03-03]
Sep 18 08:41:21 testaus-optiplex-790 kernel: [    1.528076] pci 0000:00:1e.0:   bridge window [io  disabled]
Sep 18 08:41:21 testaus-optiplex-790 kernel: [    1.533774] pci 0000:00:1e.0:   bridge window [mem disabled]
Sep 18 08:41:21 testaus-optiplex-790 kernel: [    1.539469] pci 0000:00:1e.0:   bridge window [mem pref disabled]
Sep 18 08:41:21 testaus-optiplex-790 kernel: [    1.545613] pci 0000:00:1c.0: PCI INT A -> GSI 16 (level, low) -> IRQ 16
Sep 18 08:41:21 testaus-optiplex-790 kernel: [    1.552353] pci 0000:00:1c.0: setting latency timer to 64
Sep 18 08:41:21 testaus-optiplex-790 kernel: [    1.552363] pci 0000:00:1c.2: PCI INT C -> GSI 18 (level, low) -> IRQ 18
Sep 18 08:41:21 testaus-optiplex-790 kernel: [    1.559103] pci 0000:00:1c.2: setting latency timer to 64
Sep 18 08:41:21 testaus-optiplex-790 kernel: [    1.559109] pci 0000:00:1e.0: setting latency timer to 64
Sep 18 08:41:21 testaus-optiplex-790 kernel: [    1.559112] pci_bus 0000:00: resource 4 [io  0x0000-0x0cf7]
Sep 18 08:41:21 testaus-optiplex-790 kernel: [    1.559114] pci_bus 0000:00: resource 5 [io  0x0d00-0xffff]
Sep 18 08:41:21 testaus-optiplex-790 kernel: [    1.559115] pci_bus 0000:00: resource 6 [mem 0x000a0000-0x000bffff]
Sep 18 08:41:21 testaus-optiplex-790 kernel: [    1.559117] pci_bus 0000:00: resource 7 [mem 0xcfa00000-0xfeafffff]
Sep 18 08:41:21 testaus-optiplex-790 kernel: [    1.559118] pci_bus 0000:00: resource 8 [mem 0xfed40000-0xfed44fff]
Sep 18 08:41:21 testaus-optiplex-790 kernel: [    1.559120] pci_bus 0000:02: resource 0 [io  0x2000-0x2fff]
Sep 18 08:41:21 testaus-optiplex-790 kernel: [    1.559122] pci_bus 0000:02: resource 1 [mem 0xe1000000-0xe19fffff]
Sep 18 08:41:21 testaus-optiplex-790 kernel: [    1.559123] pci_bus 0000:02: resource 2 [mem 0xe0000000-0xe09fffff 64bit pref]
Sep 18 08:41:21 testaus-optiplex-790 kernel: [    1.559125] pci_bus 0000:03: resource 4 [io  0x0000-0x0cf7]
Sep 18 08:41:21 testaus-optiplex-790 kernel: [    1.559126] pci_bus 0000:03: resource 5 [io  0x0d00-0xffff]
Sep 18 08:41:21 testaus-optiplex-790 kernel: [    1.559128] pci_bus 0000:03: resource 6 [mem 0x000a0000-0x000bffff]
Sep 18 08:41:21 testaus-optiplex-790 kernel: [    1.559129] pci_bus 0000:03: resource 7 [mem 0xcfa00000-0xfeafffff]
Sep 18 08:41:21 testaus-optiplex-790 kernel: [    1.559131] pci_bus 0000:03: resource 8 [mem 0xfed40000-0xfed44fff]
Sep 18 08:41:21 testaus-optiplex-790 kernel: [    1.559150] NET: Registered protocol family 2
Sep 18 08:41:21 testaus-optiplex-790 kernel: [    1.563576] IP route cache hash table entries: 32768 (order: 5, 131072 bytes)
Sep 18 08:41:21 testaus-optiplex-790 kernel: [    1.570844] TCP established hash table entries: 131072 (order: 8, 1048576 bytes)
Sep 18 08:41:21 testaus-optiplex-790 kernel: [    1.578446] TCP bind hash table entries: 65536 (order: 7, 524288 bytes)
Sep 18 08:41:21 testaus-optiplex-790 kernel: [    1.585167] TCP: Hash tables configured (established 131072 bind 65536)
Sep 18 08:41:21 testaus-optiplex-790 kernel: [    1.591818] TCP reno registered
Sep 18 08:41:21 testaus-optiplex-790 kernel: [    1.594987] UDP hash table entries: 512 (order: 2, 16384 bytes)
Sep 18 08:41:21 testaus-optiplex-790 kernel: [    1.600943] UDP-Lite hash table entries: 512 (order: 2, 16384 bytes)
Sep 18 08:41:21 testaus-optiplex-790 kernel: [    1.607381] NET: Registered protocol family 1
Sep 18 08:41:21 testaus-optiplex-790 kernel: [    1.612275] pci 0000:00:02.0: Boot video device
Sep 18 08:41:21 testaus-optiplex-790 kernel: [    1.612288] pci 0000:00:1a.0: PCI INT A -> GSI 16 (level, low) -> IRQ 16
Sep 18 08:41:21 testaus-optiplex-790 kernel: [    1.619038] pci 0000:00:1a.0: PCI INT A disabled
Sep 18 08:41:21 testaus-optiplex-790 kernel: [    1.623703] pci 0000:00:1d.0: PCI INT A -> GSI 17 (level, low) -> IRQ 17
Sep 18 08:41:21 testaus-optiplex-790 kernel: [    1.630451] pci 0000:00:1d.0: PCI INT A disabled
Sep 18 08:41:21 testaus-optiplex-790 kernel: [    1.635112] PCI: CLS 64 bytes, default 64
Sep 18 08:41:21 testaus-optiplex-790 kernel: [    1.635117] Simple Boot Flag at 0xf3 set to 0x1
Sep 18 08:41:21 testaus-optiplex-790 kernel: [    1.639981] audit: initializing netlink socket (disabled)
Sep 18 08:41:21 testaus-optiplex-790 kernel: [    1.645419] type=2000 audit(1347946870.384:1): initialized
Sep 18 08:41:21 testaus-optiplex-790 kernel: [    1.667291] highmem bounce pool size: 64 pages
Sep 18 08:41:21 testaus-optiplex-790 kernel: [    1.671773] HugeTLB registered 4 MB page size, pre-allocated 0 pages
Sep 18 08:41:21 testaus-optiplex-790 kernel: [    1.682572] VFS: Disk quotas dquot_6.5.2
Sep 18 08:41:21 testaus-optiplex-790 kernel: [    1.687074] Dquot-cache hash table entries: 1024 (order 0, 4096 bytes)
Sep 18 08:41:21 testaus-optiplex-790 kernel: [    1.694020] fuse init (API version 7.16)
Sep 18 08:41:21 testaus-optiplex-790 kernel: [    1.698028] msgmni has been set to 1673
Sep 18 08:41:21 testaus-optiplex-790 kernel: [    1.702187] Block layer SCSI generic (bsg) driver version 0.4 loaded (major 253)
Sep 18 08:41:21 testaus-optiplex-790 kernel: [    1.709652] io scheduler noop registered
Sep 18 08:41:21 testaus-optiplex-790 kernel: [    1.713608] io scheduler deadline registered
Sep 18 08:41:21 testaus-optiplex-790 kernel: [    1.717918] io scheduler cfq registered (default)
Sep 18 08:41:21 testaus-optiplex-790 kernel: [    1.722854] pci_hotplug: PCI Hot Plug PCI Core version: 0.5
Sep 18 08:41:21 testaus-optiplex-790 kernel: [    1.728472] pciehp: PCI Express Hot Plug Controller Driver version: 0.4
Sep 18 08:41:21 testaus-optiplex-790 kernel: [    1.735152] intel_idle: MWAIT substates: 0x1120
Sep 18 08:41:21 testaus-optiplex-790 kernel: [    1.735153] intel_idle: v0.4 model 0x2A
Sep 18 08:41:21 testaus-optiplex-790 kernel: [    1.735154] intel_idle: lapic_timer_reliable_states 0xffffffff
Sep 18 08:41:21 testaus-optiplex-790 kernel: [    1.735214] input: Power Button as /devices/LNXSYSTM:00/device:00/PNP0C0C:00/input/input0
Sep 18 08:41:21 testaus-optiplex-790 kernel: [    1.743442] ACPI: Power Button [PWRB]
Sep 18 08:41:21 testaus-optiplex-790 kernel: [    1.747162] input: Power Button as /devices/LNXSYSTM:00/LNXPWRBN:00/input/input1
Sep 18 08:41:21 testaus-optiplex-790 kernel: [    1.754603] ACPI: Power Button [PWRF]
Sep 18 08:41:21 testaus-optiplex-790 kernel: [    1.758315] ACPI: acpi_idle yielding to intel_idle
Sep 18 08:41:21 testaus-optiplex-790 kernel: [    1.759296] ERST: Table is not found!
Sep 18 08:41:21 testaus-optiplex-790 kernel: [    1.763020] isapnp: Scanning for PnP cards...
Sep 18 08:41:21 testaus-optiplex-790 kernel: [    1.763050] Serial: 8250/16550 driver, 32 ports, IRQ sharing enabled
Sep 18 08:41:21 testaus-optiplex-790 kernel: [    1.787805] serial8250: ttyS0 at I/O 0x3f8 (irq = 4) is a 16550A
Sep 18 08:41:21 testaus-optiplex-790 kernel: [    2.154054] isapnp: No Plug & Play device found
Sep 18 08:41:21 testaus-optiplex-790 kernel: [    2.220046] 00:09: ttyS0 at I/O 0x3f8 (irq = 4) is a 16550A
Sep 18 08:41:21 testaus-optiplex-790 kernel: [    2.225723] serial 0000:00:16.3: PCI INT B -> GSI 17 (level, low) -> IRQ 17
Sep 18 08:41:21 testaus-optiplex-790 kernel: [    2.252836] 0000:00:16.3: ttyS4 at I/O 0x30e0 (irq = 17) is a 16550A
Sep 18 08:41:21 testaus-optiplex-790 kernel: [    2.259376] Linux agpgart interface v0.103
Sep 18 08:41:21 testaus-optiplex-790 kernel: [    2.263560] agpgart-intel 0000:00:00.0: Intel Sandybridge Chipset
Sep 18 08:41:21 testaus-optiplex-790 kernel: [    2.269731] agpgart-intel 0000:00:00.0: detected gtt size: 2097152K total, 262144K mappable
Sep 18 08:41:21 testaus-optiplex-790 kernel: [    2.278820] agpgart-intel 0000:00:00.0: detected 65536K stolen memory
Sep 18 08:41:21 testaus-optiplex-790 kernel: [    2.285382] agpgart-intel 0000:00:00.0: AGP aperture is 256M @ 0xd0000000
Sep 18 08:41:21 testaus-optiplex-790 kernel: [    2.292924] brd: module loaded
Sep 18 08:41:21 testaus-optiplex-790 kernel: [    2.296346] loop: module loaded
Sep 18 08:41:21 testaus-optiplex-790 kernel: [    2.299785] Fixed MDIO Bus: probed
Sep 18 08:41:21 testaus-optiplex-790 kernel: [    2.303227] PPP generic driver version 2.4.2
Sep 18 08:41:21 testaus-optiplex-790 kernel: [    2.307551] tun: Universal TUN/TAP device driver, 1.6
Sep 18 08:41:21 testaus-optiplex-790 kernel: [    2.312637] tun: (C) 1999-2004 Max Krasnyansky <maxk@qualcomm.com>
Sep 18 08:41:21 testaus-optiplex-790 kernel: [    2.318892] ehci_hcd: USB 2.0 'Enhanced' Host Controller (EHCI) Driver
Sep 18 08:41:21 testaus-optiplex-790 kernel: [    2.325470] ehci_hcd 0000:00:1a.0: PCI INT A -> GSI 16 (level, low) -> IRQ 16
Sep 18 08:41:21 testaus-optiplex-790 kernel: [    2.332655] ehci_hcd 0000:00:1a.0: setting latency timer to 64
Sep 18 08:41:21 testaus-optiplex-790 kernel: [    2.332658] ehci_hcd 0000:00:1a.0: EHCI Host Controller
Sep 18 08:41:21 testaus-optiplex-790 kernel: [    2.337935] ehci_hcd 0000:00:1a.0: new USB bus registered, assigned bus number 1
Sep 18 08:41:21 testaus-optiplex-790 kernel: [    2.345396] ehci_hcd 0000:00:1a.0: debug port 2
Sep 18 08:41:21 testaus-optiplex-790 kernel: [    2.353837] ehci_hcd 0000:00:1a.0: cache line size of 64 is not supported
Sep 18 08:41:21 testaus-optiplex-790 kernel: [    2.353852] ehci_hcd 0000:00:1a.0: irq 16, io mem 0xe1a70000
Sep 18 08:41:21 testaus-optiplex-790 kernel: [    2.375418] ehci_hcd 0000:00:1a.0: USB 2.0 started, EHCI 1.00
Sep 18 08:41:21 testaus-optiplex-790 kernel: [    2.381266] hub 1-0:1.0: USB hub found
Sep 18 08:41:21 testaus-optiplex-790 kernel: [    2.385051] hub 1-0:1.0: 3 ports detected
Sep 18 08:41:21 testaus-optiplex-790 kernel: [    2.389131] ehci_hcd 0000:00:1d.0: PCI INT A -> GSI 17 (level, low) -> IRQ 17
Sep 18 08:41:21 testaus-optiplex-790 kernel: [    2.396311] ehci_hcd 0000:00:1d.0: setting latency timer to 64
Sep 18 08:41:21 testaus-optiplex-790 kernel: [    2.396314] ehci_hcd 0000:00:1d.0: EHCI Host Controller
Sep 18 08:41:21 testaus-optiplex-790 kernel: [    2.401590] ehci_hcd 0000:00:1d.0: new USB bus registered, assigned bus number 2
Sep 18 08:41:21 testaus-optiplex-790 kernel: [    2.409051] ehci_hcd 0000:00:1d.0: debug port 2
Sep 18 08:41:21 testaus-optiplex-790 kernel: [    2.417512] ehci_hcd 0000:00:1d.0: cache line size of 64 is not supported
Sep 18 08:41:21 testaus-optiplex-790 kernel: [    2.417523] ehci_hcd 0000:00:1d.0: irq 17, io mem 0xe1a50000
Sep 18 08:41:21 testaus-optiplex-790 kernel: [    2.435403] ehci_hcd 0000:00:1d.0: USB 2.0 started, EHCI 1.00
Sep 18 08:41:21 testaus-optiplex-790 kernel: [    2.441239] hub 2-0:1.0: USB hub found
Sep 18 08:41:21 testaus-optiplex-790 kernel: [    2.445025] hub 2-0:1.0: 3 ports detected
Sep 18 08:41:21 testaus-optiplex-790 kernel: [    2.449102] ohci_hcd: USB 1.1 'Open' Host Controller (OHCI) Driver
Sep 18 08:41:21 testaus-optiplex-790 kernel: [    2.455322] uhci_hcd: USB Universal Host Controller Interface driver
Sep 18 08:41:21 testaus-optiplex-790 kernel: [    2.461761] i8042: PNP: PS/2 Controller [PNP0f13:MOU] at 0x60,0x64 irq 12
Sep 18 08:41:21 testaus-optiplex-790 kernel: [    2.468585] i8042: PNP: PS/2 controller doesn't have KBD irq; using default 1
Sep 18 08:41:21 testaus-optiplex-790 kernel: [    2.478405] serio: i8042 KBD port at 0x60,0x64 irq 1
Sep 18 08:41:21 testaus-optiplex-790 kernel: [    2.483412] serio: i8042 AUX port at 0x60,0x64 irq 12
Sep 18 08:41:21 testaus-optiplex-790 kernel: [    2.488566] mousedev: PS/2 mouse device common for all mice
Sep 18 08:41:21 testaus-optiplex-790 kernel: [    2.494247] rtc_cmos 00:06: RTC can wake from S4
Sep 18 08:41:21 testaus-optiplex-790 kernel: [    2.498980] rtc_cmos 00:06: rtc core: registered rtc_cmos as rtc0
Sep 18 08:41:21 testaus-optiplex-790 kernel: [    2.505144] rtc0: alarms up to one year, y3k, 242 bytes nvram, hpet irqs
Sep 18 08:41:21 testaus-optiplex-790 kernel: [    2.511932] device-mapper: uevent: version 1.0.3
Sep 18 08:41:21 testaus-optiplex-790 kernel: [    2.517019] device-mapper: ioctl: 4.20.0-ioctl (2011-02-02) initialised: dm-devel@redhat.com
Sep 18 08:41:21 testaus-optiplex-790 kernel: [    2.525527] EISA: Probing bus 0 at eisa.0
Sep 18 08:41:21 testaus-optiplex-790 kernel: [    2.529688] EISA: Cannot allocate resource for mainboard
Sep 18 08:41:21 testaus-optiplex-790 kernel: [    2.535034] Cannot allocate resource for EISA slot 1
Sep 18 08:41:21 testaus-optiplex-790 kernel: [    2.540031] Cannot allocate resource for EISA slot 2
Sep 18 08:41:21 testaus-optiplex-790 kernel: [    2.545256] Cannot allocate resource for EISA slot 3
Sep 18 08:41:21 testaus-optiplex-790 kernel: [    2.550254] Cannot allocate resource for EISA slot 4
Sep 18 08:41:21 testaus-optiplex-790 kernel: [    2.555252] Cannot allocate resource for EISA slot 5
Sep 18 08:41:21 testaus-optiplex-790 kernel: [    2.560251] Cannot allocate resource for EISA slot 6
Sep 18 08:41:21 testaus-optiplex-790 kernel: [    2.565252] Cannot allocate resource for EISA slot 7
Sep 18 08:41:21 testaus-optiplex-790 kernel: [    2.570249] Cannot allocate resource for EISA slot 8
Sep 18 08:41:21 testaus-optiplex-790 kernel: [    2.575248] EISA: Detected 0 cards.
Sep 18 08:41:21 testaus-optiplex-790 kernel: [    2.578773] cpufreq-nforce2: No nForce2 chipset.
Sep 18 08:41:21 testaus-optiplex-790 kernel: [    2.583490] cpuidle: using governor ladder
Sep 18 08:41:21 testaus-optiplex-790 kernel: [    2.587760] cpuidle: using governor menu
Sep 18 08:41:21 testaus-optiplex-790 kernel: [    2.591755] EFI Variables Facility v0.08 2004-May-17
Sep 18 08:41:21 testaus-optiplex-790 kernel: [    2.596894] TCP cubic registered
Sep 18 08:41:21 testaus-optiplex-790 kernel: [    2.600233] NET: Registered protocol family 10
Sep 18 08:41:21 testaus-optiplex-790 kernel: [    2.604999] NET: Registered protocol family 17
Sep 18 08:41:21 testaus-optiplex-790 kernel: [    2.609484] Registering the dns_resolver key type
Sep 18 08:41:21 testaus-optiplex-790 kernel: [    2.614236] Using IPI No-Shortcut mode
Sep 18 08:41:21 testaus-optiplex-790 kernel: [    2.618060] PM: Hibernation image not present or could not be loaded.
Sep 18 08:41:21 testaus-optiplex-790 kernel: [    2.618067] registered taskstats version 1
Sep 18 08:41:21 testaus-optiplex-790 kernel: [    2.628828]   Magic number: 12:32:669
Sep 18 08:41:21 testaus-optiplex-790 kernel: [    2.632615] rtc_cmos 00:06: setting system clock to 2012-09-18 05:41:13 UTC (1347946873)
Sep 18 08:41:21 testaus-optiplex-790 kernel: [    2.641362] BIOS EDD facility v0.16 2004-Jun-25, 0 devices found
Sep 18 08:41:21 testaus-optiplex-790 kernel: [    2.643360] Refined TSC clocksource calibration: 3092.975 MHz.
Sep 18 08:41:21 testaus-optiplex-790 kernel: [    2.643363] Switching to clocksource tsc
Sep 18 08:41:21 testaus-optiplex-790 kernel: [    2.657224] EDD information not available.
Sep 18 08:41:21 testaus-optiplex-790 kernel: [    2.661641] Freeing unused kernel memory: 700k freed
Sep 18 08:41:21 testaus-optiplex-790 kernel: [    2.666744] Write protecting the kernel text: 5312k
Sep 18 08:41:21 testaus-optiplex-790 kernel: [    2.671706] Write protecting the kernel read-only data: 2176k
Sep 18 08:41:21 testaus-optiplex-790 kernel: [    2.687944] udev: starting version 151
Sep 18 08:41:21 testaus-optiplex-790 kernel: [    2.691774] udevd (86): /proc/86/oom_adj is deprecated, please use /proc/86/oom_score_adj instead.
Sep 18 08:41:21 testaus-optiplex-790 kernel: [    2.709587] [drm] Initialized drm 1.1.0 20060810
Sep 18 08:41:21 testaus-optiplex-790 kernel: [    2.714253] e1000e: Intel(R) PRO/1000 Network Driver - 1.3.10-k2
Sep 18 08:41:21 testaus-optiplex-790 kernel: [    2.715344] usb 1-1: new high speed USB device number 2 using ehci_hcd
Sep 18 08:41:21 testaus-optiplex-790 kernel: [    2.726880] e1000e: Copyright(c) 1999 - 2011 Intel Corporation.
Sep 18 08:41:21 testaus-optiplex-790 kernel: [    2.733005] e1000e 0000:00:19.0: PCI INT A -> GSI 20 (level, low) -> IRQ 20
Sep 18 08:41:21 testaus-optiplex-790 kernel: [    2.744741] e1000e 0000:00:19.0: setting latency timer to 64
Sep 18 08:41:21 testaus-optiplex-790 kernel: [    2.744842] e1000e 0000:00:19.0: irq 40 for MSI/MSI-X
Sep 18 08:41:21 testaus-optiplex-790 kernel: [    2.855994] hub 1-1:1.0: USB hub found
Sep 18 08:41:21 testaus-optiplex-790 kernel: [    2.859836] hub 1-1:1.0: 6 ports detected
Sep 18 08:41:21 testaus-optiplex-790 kernel: [    2.946067] e1000e 0000:00:19.0: eth0: (PCI Express:2.5GT/s:Width x1) 78:2b:cb:a5:c9:f0
Sep 18 08:41:21 testaus-optiplex-790 kernel: [    2.954120] e1000e 0000:00:19.0: eth0: Intel(R) PRO/1000 Network Connection
Sep 18 08:41:21 testaus-optiplex-790 kernel: [    2.961151] e1000e 0000:00:19.0: eth0: MAC: 10, PHY: 11, PBA No: E041FF-0FF
Sep 18 08:41:21 testaus-optiplex-790 kernel: [    2.968200] i915 0000:00:02.0: PCI INT A -> GSI 16 (level, low) -> IRQ 16
Sep 18 08:41:21 testaus-optiplex-790 kernel: [    2.975030] i915 0000:00:02.0: setting latency timer to 64
Sep 18 08:41:21 testaus-optiplex-790 kernel: [    2.975280] usb 2-1: new high speed USB device number 2 using ehci_hcd
Sep 18 08:41:21 testaus-optiplex-790 kernel: [    2.986871] i915 0000:00:02.0: irq 41 for MSI/MSI-X
Sep 18 08:41:21 testaus-optiplex-790 kernel: [    2.986875] [drm] Supports vblank timestamp caching Rev 1 (10.10.2010).
Sep 18 08:41:21 testaus-optiplex-790 kernel: [    2.993531] [drm] Driver supports precise vblank timestamp query.
Sep 18 08:41:21 testaus-optiplex-790 kernel: [    2.999680] vgaarb: device changed decodes: PCI:0000:00:02.0,olddecodes=io+mem,decodes=io+mem:owns=io+mem
Sep 18 08:41:21 testaus-optiplex-790 kernel: [    3.111937] hub 2-1:1.0: USB hub found
Sep 18 08:41:21 testaus-optiplex-790 kernel: [    3.115801] hub 2-1:1.0: 8 ports detected
Sep 18 08:41:21 testaus-optiplex-790 kernel: [    3.134168] fbcon: inteldrmfb (fb0) is primary device
Sep 18 08:41:21 testaus-optiplex-790 kernel: [    3.199426] usb 1-1.4: new low speed USB device number 3 using ehci_hcd
Sep 18 08:41:21 testaus-optiplex-790 kernel: [    3.300259] input: PIXART USB OPTICAL MOUSE as /devices/pci0000:00/0000:00:1a.0/usb1/1-1/1-1.4/1-1.4:1.0/input/input2
Sep 18 08:41:21 testaus-optiplex-790 kernel: [    3.300345] generic-usb 0003:093A:2510.0001: input,hidraw0: USB HID v1.11 Mouse [PIXART USB OPTICAL MOUSE] on usb-0000:00:1a.0-1.4/input0
Sep 18 08:41:21 testaus-optiplex-790 kernel: [    3.300357] usbcore: registered new interface driver usbhid
Sep 18 08:41:21 testaus-optiplex-790 kernel: [    3.300358] usbhid: USB HID core driver
Sep 18 08:41:21 testaus-optiplex-790 kernel: [    3.311640] Console: switching to colour frame buffer device 128x48
Sep 18 08:41:21 testaus-optiplex-790 kernel: [    3.358675] fb0: inteldrmfb frame buffer device
Sep 18 08:41:21 testaus-optiplex-790 kernel: [    3.363225] drm: registered panic notifier
Sep 18 08:41:21 testaus-optiplex-790 kernel: [    3.367665] acpi device:02: registered as cooling_device4
Sep 18 08:41:21 testaus-optiplex-790 kernel: [    3.373207] input: Video Bus as /devices/LNXSYSTM:00/device:00/PNP0A08:00/LNXVIDEO:00/input/input3
Sep 18 08:41:21 testaus-optiplex-790 kernel: [    3.382219] ACPI: Video Device [GFX0] (multi-head: yes  rom: no  post: no)
Sep 18 08:41:21 testaus-optiplex-790 kernel: [    3.389136] [drm] Initialized i915 1.6.0 20080730 for 0000:00:02.0 on minor 0
Sep 18 08:41:21 testaus-optiplex-790 kernel: [    3.431333] usb 2-1.1: new high speed USB device number 3 using ehci_hcd
Sep 18 08:41:21 testaus-optiplex-790 kernel: [    3.466861] jme: JMicron JMC2XX ethernet driver version 1.0.8
Sep 18 08:41:21 testaus-optiplex-790 kernel: [    3.475027] nbd: registered device at major 43
Sep 18 08:41:21 testaus-optiplex-790 kernel: [    3.482051] squashfs: version 4.0 (2009/01/31) Phillip Lougher
Sep 18 08:41:21 testaus-optiplex-790 kernel: [    3.489759] aufs 2.1-standalone.tree-3.0-rcN-20110620
Sep 18 08:41:21 testaus-optiplex-790 kernel: [    3.527840] hub 2-1.1:1.0: USB hub found
Sep 18 08:41:21 testaus-optiplex-790 kernel: [    3.531972] hub 2-1.1:1.0: 4 ports detected
Sep 18 08:41:21 testaus-optiplex-790 kernel: [    3.607333] usb 2-1.2: new low speed USB device number 4 using ehci_hcd
Sep 18 08:41:21 testaus-optiplex-790 kernel: [    3.736553] input:   USB Keyboard as /devices/pci0000:00/0000:00:1d.0/usb2/2-1/2-1.2/2-1.2:1.0/input/input4
Sep 18 08:41:21 testaus-optiplex-790 kernel: [    3.746395] generic-usb 0003:04D9:1603.0002: input,hidraw1: USB HID v1.10 Keyboard [  USB Keyboard] on usb-0000:00:1d.0-1.2/input0
Sep 18 08:41:21 testaus-optiplex-790 kernel: [    3.774622] input:   USB Keyboard as /devices/pci0000:00/0000:00:1d.0/usb2/2-1/2-1.2/2-1.2:1.1/input/input5
Sep 18 08:41:21 testaus-optiplex-790 kernel: [    3.784463] generic-usb 0003:04D9:1603.0003: input,hidraw2: USB HID v1.10 Device [  USB Keyboard] on usb-0000:00:1d.0-1.2/input1
Sep 18 08:41:21 testaus-optiplex-790 kernel: [    3.867277] usb 2-1.7: new high speed USB device number 5 using ehci_hcd
Sep 18 08:41:21 testaus-optiplex-790 kernel: [    3.969942] Initializing USB Mass Storage driver...
Sep 18 08:41:21 testaus-optiplex-790 kernel: [    3.974951] scsi0 : usb-storage 2-1.7:1.0
Sep 18 08:41:21 testaus-optiplex-790 kernel: [    3.979026] usbcore: registered new interface driver usb-storage
Sep 18 08:41:21 testaus-optiplex-790 kernel: [    3.985049] USB Mass Storage support registered.
Sep 18 08:41:21 testaus-optiplex-790 kernel: [    4.039239] usb 2-1.8: new high speed USB device number 6 using ehci_hcd
Sep 18 08:41:21 testaus-optiplex-790 kernel: [    4.634131] e1000e 0000:00:19.0: irq 40 for MSI/MSI-X
Sep 18 08:41:21 testaus-optiplex-790 kernel: [    4.686970] e1000e 0000:00:19.0: irq 40 for MSI/MSI-X
Sep 18 08:41:21 testaus-optiplex-790 kernel: [    4.687120] ADDRCONF(NETDEV_UP): eth0: link is not ready
Sep 18 08:41:21 testaus-optiplex-790 kernel: [    4.703086] usb 2-1.1.1: new full speed USB device number 7 using ehci_hcd
Sep 18 08:41:21 testaus-optiplex-790 kernel: [    4.823974] input: SMART Technologies Inc. SMART Interactive Whiteboard Controller (SB6) as /devices/pci0000:00/0000:00:1d.0/usb2/2-1/2-1.1/2-1.1.1/2-1.1.1:1.0/input/input6
Sep 18 08:41:21 testaus-optiplex-790 kernel: [    4.839498] generic-usb 0003:0B8C:0001.0004: input,hidraw3: USB HID v1.11 Mouse [SMART Technologies Inc. SMART Interactive Whiteboard Controller (SB6)] on usb-0000:00:1d.0-1.1.1/input0
Sep 18 08:41:21 testaus-optiplex-790 kernel: [    4.943032] usb 2-1.1.4: new full speed USB device number 8 using ehci_hcd
Sep 18 08:41:21 testaus-optiplex-790 kernel: [    4.975710] scsi 0:0:0:0: Direct-Access     Kingston DataTraveler 2.0 PMAP PQ: 0 ANSI: 0 CCS
Sep 18 08:41:21 testaus-optiplex-790 kernel: [    5.051046] sd 0:0:0:0: Attached scsi generic sg0 type 0
Sep 18 08:41:21 testaus-optiplex-790 kernel: [    5.051629] sd 0:0:0:0: [sda] 977664 512-byte logical blocks: (500 MB/477 MiB)
Sep 18 08:41:21 testaus-optiplex-790 kernel: [    5.052126] sd 0:0:0:0: [sda] Write Protect is off
Sep 18 08:41:21 testaus-optiplex-790 kernel: [    5.052128] sd 0:0:0:0: [sda] Mode Sense: 23 00 00 00
Sep 18 08:41:21 testaus-optiplex-790 kernel: [    5.052594] sd 0:0:0:0: [sda] No Caching mode page present
Sep 18 08:41:21 testaus-optiplex-790 kernel: [    5.052595] sd 0:0:0:0: [sda] Assuming drive cache: write through
Sep 18 08:41:21 testaus-optiplex-790 kernel: [    5.055110] sd 0:0:0:0: [sda] No Caching mode page present
Sep 18 08:41:21 testaus-optiplex-790 kernel: [    5.055112] sd 0:0:0:0: [sda] Assuming drive cache: write through
Sep 18 08:41:21 testaus-optiplex-790 kernel: [    5.056501]  sda: sda1
Sep 18 08:41:21 testaus-optiplex-790 kernel: [    5.095988] sd 0:0:0:0: [sda] No Caching mode page present
Sep 18 08:41:21 testaus-optiplex-790 kernel: [    5.101491] sd 0:0:0:0: [sda] Assuming drive cache: write through
Sep 18 08:41:21 testaus-optiplex-790 kernel: [    5.107600] sd 0:0:0:0: [sda] Attached SCSI removable disk
Sep 18 08:41:21 testaus-optiplex-790 kernel: [    6.996226] e1000e: eth0 NIC Link is Up 100 Mbps Full Duplex, Flow Control: None
Sep 18 08:41:21 testaus-optiplex-790 kernel: [    7.003643] e1000e 0000:00:19.0: eth0: 10/100 speed: disabling TSO
Sep 18 08:41:21 testaus-optiplex-790 kernel: [    7.009949] ADDRCONF(NETDEV_CHANGE): eth0: link becomes ready
Sep 18 08:41:21 testaus-optiplex-790 kernel: [    9.210695]  nbd0: unknown partition table
Sep 18 08:41:21 testaus-optiplex-790 kernel: [   10.331634] udev: starting version 151
Sep 18 08:41:21 testaus-optiplex-790 statd-pre-start: local-filesystems started
Sep 18 08:41:21 testaus-optiplex-790 init: gdm main process (1034) killed by TERM signal
Sep 18 08:41:21 testaus-optiplex-790 kernel: [   10.864809] RPC: Registered named UNIX socket transport module.
Sep 18 08:41:21 testaus-optiplex-790 kernel: [   10.864812] RPC: Registered udp transport module.
Sep 18 08:41:21 testaus-optiplex-790 kernel: [   10.864814] RPC: Registered tcp transport module.
Sep 18 08:41:21 testaus-optiplex-790 kernel: [   10.864815] RPC: Registered tcp NFSv4.1 backchannel transport module.
Sep 18 08:41:21 testaus-optiplex-790 rpc.statd[1051]: Version 1.1.6 Starting
Sep 18 08:41:21 testaus-optiplex-790 rpc.statd[1051]: Flags: 
Sep 18 08:41:21 testaus-optiplex-790 kernel: [   10.965776] FS-Cache: Loaded
Sep 18 08:41:22 testaus-optiplex-790 kernel: [   11.179968] FS-Cache: Netfs 'nfs' registered for caching
Sep 18 08:41:22 testaus-optiplex-790 kernel: [   11.410731] Installing knfsd (copyright (C) 1996 okir@monad.swb.de).
Sep 18 08:41:22 testaus-optiplex-790 logger: wget  -q -O /var/cache/getltscfg-cluster/lts.conf -T 30 -t 1 http://10.249.0.243:4871/ltsconf/?mac=78:2b:cb:a5:c9:f0/ip=10.249.1.19/bootservip=10.249.0.243/code=1 --post-file=/var/cache/getltscfg-cluster/inventory.cache
Sep 18 08:41:22 testaus-optiplex-790 kernel: [   11.713817] lp: driver loaded but no devices found
Sep 18 08:41:22 testaus-optiplex-790 kernel: [   11.782089] mei: module is from the staging directory, the quality is unknown, you have been warned.
Sep 18 08:41:22 testaus-optiplex-790 kernel: [   11.782329] mei 0000:00:16.0: PCI INT A -> GSI 16 (level, low) -> IRQ 16
Sep 18 08:41:22 testaus-optiplex-790 kernel: [   11.782336] mei 0000:00:16.0: setting latency timer to 64
Sep 18 08:41:22 testaus-optiplex-790 kernel: [   12.021460] dcdbas dcdbas: Dell Systems Management Base Driver (version 5.6.0-3.2)
Sep 18 08:41:23 testaus-optiplex-790 kernel: [   12.137404] HDA Intel 0000:00:1b.0: PCI INT A -> GSI 22 (level, low) -> IRQ 22
Sep 18 08:41:23 testaus-optiplex-790 kernel: [   12.137447] HDA Intel 0000:00:1b.0: irq 42 for MSI/MSI-X
Sep 18 08:41:23 testaus-optiplex-790 kernel: [   12.137469] HDA Intel 0000:00:1b.0: setting latency timer to 64
Sep 18 08:41:23 testaus-optiplex-790 udevd[386]: SYSFS{}= will be removed in a future udev version, please use ATTR{}= to match the event device, or ATTRS{}= to match a parent device, in /etc/udev/rules.d/40-nw-fermi.rules:7
Sep 18 08:41:23 testaus-optiplex-790 udevd[386]: SYSFS{}= will be removed in a future udev version, please use ATTR{}= to match the event device, or ATTRS{}= to match a parent device, in /etc/udev/rules.d/40-nw-fermi.rules:8
Sep 18 08:41:23 testaus-optiplex-790 udevd[386]: SYSFS{}= will be removed in a future udev version, please use ATTR{}= to match the event device, or ATTRS{}= to match a parent device, in /etc/udev/rules.d/40-nw-fermi.rules:7
Sep 18 08:41:23 testaus-optiplex-790 udevd[386]: SYSFS{}= will be removed in a future udev version, please use ATTR{}= to match the event device, or ATTRS{}= to match a parent device, in /etc/udev/rules.d/40-nw-fermi.rules:8
Sep 18 08:41:23 testaus-optiplex-790 udev-configure-printer: add /module/lp
Sep 18 08:41:23 testaus-optiplex-790 udev-configure-printer: Failed to get parent
Sep 18 08:41:23 testaus-optiplex-790 kernel: [   12.357688] Linux video capture interface: v2.00
Sep 18 08:41:23 testaus-optiplex-790 kernel: [   12.393600] SysRq : Changing Loglevel
Sep 18 08:41:23 testaus-optiplex-790 kernel: [   12.398167] Loglevel set to 9
Sep 18 08:41:23 testaus-optiplex-790 kernel: [   12.713461] hda_codec: ALC269: SKU not ready 0x411111f0
Sep 18 08:41:23 testaus-optiplex-790 kernel: [   12.720076] hda_codec: ALC269VB: BIOS auto-probing.
Sep 18 08:41:23 testaus-optiplex-790 kernel: [   12.741862] HDMI status: Pin=6 Presence_Detect=0 ELD_Valid=0
Sep 18 08:41:23 testaus-optiplex-790 kernel: [   12.748481] input: HDA Intel PCH HDMI/DP,pcm=3 as /devices/pci0000:00/0000:00:1b.0/sound/card0/input7
Sep 18 08:41:23 testaus-optiplex-790 kernel: [   12.758700] input: HDA Intel PCH Headphone as /devices/pci0000:00/0000:00:1b.0/sound/card0/input8
Sep 18 08:41:23 testaus-optiplex-790 kernel: [   12.768537] ahci 0000:00:1f.2: version 3.0
Sep 18 08:41:23 testaus-optiplex-790 kernel: [   12.773923] ahci 0000:00:1f.2: PCI INT C -> GSI 18 (level, low) -> IRQ 18
Sep 18 08:41:23 testaus-optiplex-790 kernel: [   12.781795] ahci 0000:00:1f.2: irq 43 for MSI/MSI-X
Sep 18 08:41:23 testaus-optiplex-790 kernel: [   12.787519] ahci 0000:00:1f.2: AHCI 0001.0300 32 slots 6 ports 6 Gbps 0x3 impl SATA mode
Sep 18 08:41:23 testaus-optiplex-790 kernel: [   12.796426] ahci 0000:00:1f.2: flags: 64bit ncq sntf pm led clo pio slum part ems apst 
Sep 18 08:41:23 testaus-optiplex-790 kernel: [   12.805261] ahci 0000:00:1f.2: setting latency timer to 64
Sep 18 08:41:23 testaus-optiplex-790 kernel: [   12.817507] scsi1 : ahci
Sep 18 08:41:23 testaus-optiplex-790 kernel: [   12.821087] scsi2 : ahci
Sep 18 08:41:23 testaus-optiplex-790 kernel: [   12.824515] scsi3 : ahci
Sep 18 08:41:23 testaus-optiplex-790 kernel: [   12.828025] scsi4 : ahci
Sep 18 08:41:23 testaus-optiplex-790 kernel: [   12.831392] scsi5 : ahci
Sep 18 08:41:23 testaus-optiplex-790 kernel: [   12.834753] scsi6 : ahci
Sep 18 08:41:23 testaus-optiplex-790 kernel: [   12.838089] ata1: SATA max UDMA/133 abar m2048@0xe1a40000 port 0xe1a40100 irq 43
Sep 18 08:41:23 testaus-optiplex-790 kernel: [   12.846257] ata2: SATA max UDMA/133 abar m2048@0xe1a40000 port 0xe1a40180 irq 43
Sep 18 08:41:23 testaus-optiplex-790 kernel: [   12.847854] uvcvideo: Found UVC 1.00 device <unnamed> (046d:0809)
Sep 18 08:41:23 testaus-optiplex-790 kernel: [   12.848915] usbcore: registered new interface driver snd-usb-audio
Sep 18 08:41:23 testaus-optiplex-790 kernel: [   12.861760] input: UVC Camera (046d:0809) as /devices/pci0000:00/0000:00:1d.0/usb2/2-1/2-1.8/2-1.8:1.0/input/input9
Sep 18 08:41:23 testaus-optiplex-790 kernel: [   12.861807] usbcore: registered new interface driver uvcvideo
Sep 18 08:41:23 testaus-optiplex-790 kernel: [   12.861808] USB Video Class driver (v1.1.0)
Sep 18 08:41:23 testaus-optiplex-790 kernel: [   12.890977] ata3: DUMMY
Sep 18 08:41:23 testaus-optiplex-790 kernel: [   12.894298] ata4: DUMMY
Sep 18 08:41:23 testaus-optiplex-790 kernel: [   12.897901] ata5: DUMMY
Sep 18 08:41:23 testaus-optiplex-790 kernel: [   12.901485] ata6: DUMMY
Sep 18 08:41:24 testaus-optiplex-790 kernel: [   13.221038] ata1: SATA link up 6.0 Gbps (SStatus 133 SControl 300)
Sep 18 08:41:24 testaus-optiplex-790 kernel: [   13.228011] ata2: SATA link up 1.5 Gbps (SStatus 113 SControl 300)
Sep 18 08:41:24 testaus-optiplex-790 kernel: [   13.235125] ata1.00: ATA-8: ST3250312AS, JC47, max UDMA/133
Sep 18 08:41:24 testaus-optiplex-790 kernel: [   13.241488] ata1.00: 488397168 sectors, multi 16: LBA48 NCQ (depth 31/32)
Sep 18 08:41:24 testaus-optiplex-790 kernel: [   13.249062] ata2.00: ATAPI: TSSTcorp DVD+/-RW TS-L633J, D500, max UDMA/100
Sep 18 08:41:24 testaus-optiplex-790 kernel: [   13.257670] ata1.00: configured for UDMA/133
Sep 18 08:41:24 testaus-optiplex-790 kernel: [   13.262880] scsi 1:0:0:0: Direct-Access     ATA      ST3250312AS      JC47 PQ: 0 ANSI: 5
Sep 18 08:41:24 testaus-optiplex-790 kernel: [   13.267120] ata2.00: configured for UDMA/100
Sep 18 08:41:24 testaus-optiplex-790 kernel: [   13.277020] sd 1:0:0:0: [sdb] 488397168 512-byte logical blocks: (250 GB/232 GiB)
Sep 18 08:41:24 testaus-optiplex-790 kernel: [   13.277023] sd 1:0:0:0: Attached scsi generic sg1 type 0
Sep 18 08:41:24 testaus-optiplex-790 kernel: [   13.291464] sd 1:0:0:0: [sdb] Write Protect is off
Sep 18 08:41:24 testaus-optiplex-790 kernel: [   13.297035] sd 1:0:0:0: [sdb] Mode Sense: 00 3a 00 00
Sep 18 08:41:24 testaus-optiplex-790 kernel: [   13.297052] scsi 2:0:0:0: CD-ROM            TSSTcorp DVD+-RW TS-L633J D500 PQ: 0 ANSI: 5
Sep 18 08:41:24 testaus-optiplex-790 kernel: [   13.311757] sd 1:0:0:0: [sdb] Write cache: enabled, read cache: enabled, doesn't support DPO or FUA
Sep 18 08:41:24 testaus-optiplex-790 kernel: [   13.321565] sr0: scsi3-mmc drive: 24x/24x writer dvd-ram cd/rw xa/form2 cdda tray
Sep 18 08:41:24 testaus-optiplex-790 kernel: [   13.329796] cdrom: Uniform CD-ROM driver Revision: 3.20
Sep 18 08:41:24 testaus-optiplex-790 kernel: [   13.335870] sr 2:0:0:0: Attached scsi CD-ROM sr0
Sep 18 08:41:24 testaus-optiplex-790 kernel: [   13.341319] sr 2:0:0:0: Attached scsi generic sg2 type 5
Sep 18 08:41:24 testaus-optiplex-790 kernel: [   13.348515]  sdb: sdb1 sdb2
Sep 18 08:41:24 testaus-optiplex-790 kernel: [   13.352302] sd 1:0:0:0: [sdb] Attached SCSI disk
Sep 18 08:41:24 testaus-optiplex-790 kernel: [   13.403324] set resolution quirk: cval->res = 384
Sep 18 08:41:27 testaus-optiplex-790 kernel: [   17.060184] eth0: no IPv6 routers present
Sep 18 08:41:28 testaus-optiplex-790 udevd[386]: SYSFS{}= will be removed in a future udev version, please use ATTR{}= to match the event device, or ATTRS{}= to match a parent device, in /etc/udev/rules.d/40-nw-fermi.rules:7
Sep 18 08:41:28 testaus-optiplex-790 udevd[386]: SYSFS{}= will be removed in a future udev version, please use ATTR{}= to match the event device, or ATTRS{}= to match a parent device, in /etc/udev/rules.d/40-nw-fermi.rules:8
Sep 18 08:41:28 testaus-optiplex-790 udevd[386]: SYSFS{}= will be removed in a future udev version, please use ATTR{}= to match the event device, or ATTRS{}= to match a parent device, in /etc/udev/rules.d/40-nw-fermi.rules:7
Sep 18 08:41:28 testaus-optiplex-790 udevd[386]: SYSFS{}= will be removed in a future udev version, please use ATTR{}= to match the event device, or ATTRS{}= to match a parent device, in /etc/udev/rules.d/40-nw-fermi.rules:8
Sep 18 08:41:29 testaus-optiplex-790 kernel: [   18.532123] ppdev: user-space parallel port driver
Sep 18 08:41:29 testaus-optiplex-790 kernel: [   18.533740] parport0: PC-style at 0x378 (0x778) [PCSPP,TRISTATE]
Sep 18 08:41:29 testaus-optiplex-790 kernel: [   18.660491] parport0: irq 7 detected
Sep 18 08:41:29 testaus-optiplex-790 udev-configure-printer: add /devices/platform/parport_pc.888/printer/lp0
Sep 18 08:41:29 testaus-optiplex-790 udev-configure-printer: Failed to get parent
Sep 18 08:41:29 testaus-optiplex-790 kernel: [   18.755936] lp0: using parport0 (polling).
Sep 18 08:41:45 testaus-optiplex-790 udevd[386]: SYSFS{}= will be removed in a future udev version, please use ATTR{}= to match the event device, or ATTRS{}= to match a parent device, in /etc/udev/rules.d/40-nw-fermi.rules:7
Sep 18 08:41:45 testaus-optiplex-790 udevd[386]: SYSFS{}= will be removed in a future udev version, please use ATTR{}= to match the event device, or ATTRS{}= to match a parent device, in /etc/udev/rules.d/40-nw-fermi.rules:8
Sep 18 08:42:11 testaus-optiplex-790 kernel: imklog 4.2.0, log source = /proc/kmsg started.
Sep 18 08:42:11 testaus-optiplex-790 rsyslogd: [origin software="rsyslogd" swVersion="4.2.0" x-pid="2425" x-info="http://www.rsyslog.com"] (re)start
Sep 18 08:42:11 testaus-optiplex-790 rsyslogd: rsyslogd's groupid changed to 103
Sep 18 08:42:11 testaus-optiplex-790 rsyslogd: rsyslogd's userid changed to 101
Sep 18 08:42:11 testaus-optiplex-790 rsyslogd-2039: Could no open output file '/dev/xconsole' [try http://www.rsyslog.com/e/2039 ]
Sep 18 08:42:11 testaus-optiplex-790 lsusb: Bus 002 Device 008: ID 0d8c:0002 C-Media Electronics, Inc. Composite Device
Sep 18 08:42:11 testaus-optiplex-790 lsusb: Bus 002 Device 007: ID 0b8c:0001 SMART Technologies Inc. 
Sep 18 08:42:11 testaus-optiplex-790 lsusb: Bus 002 Device 006: ID 046d:0809 Logitech, Inc. 
Sep 18 08:42:11 testaus-optiplex-790 lsusb: Bus 002 Device 005: ID 13fe:1a00 Kingston Technology Company Inc. 512MB/1GB Flash Drive
Sep 18 08:42:11 testaus-optiplex-790 lsusb: Bus 002 Device 004: ID 04d9:1603 Holtek Semiconductor, Inc. 
Sep 18 08:42:11 testaus-optiplex-790 lsusb: Bus 002 Device 003: ID 0409:0059 NEC Corp. HighSpeed Hub
Sep 18 08:42:11 testaus-optiplex-790 lsusb: Bus 002 Device 002: ID 8087:0024  
Sep 18 08:42:11 testaus-optiplex-790 lsusb: Bus 002 Device 001: ID 1d6b:0002 Linux Foundation 2.0 root hub
Sep 18 08:42:11 testaus-optiplex-790 lsusb: Bus 001 Device 003: ID 093a:2510 Pixart Imaging, Inc. Hama Optical Mouse
Sep 18 08:42:11 testaus-optiplex-790 lsusb: Bus 001 Device 002: ID 8087:0024  
Sep 18 08:42:11 testaus-optiplex-790 lsusb: Bus 001 Device 001: ID 1d6b:0002 Linux Foundation 2.0 root hub
Sep 18 08:42:12 testaus-optiplex-790 lspci: 00:00.0 Host bridge: Intel Corporation Device 0100 (rev 09)
Sep 18 08:42:12 testaus-optiplex-790 lspci: 00:02.0 VGA compatible controller: Intel Corporation Sandy Bridge Integrated Graphics Controller (rev 09)
Sep 18 08:42:12 testaus-optiplex-790 lspci: 00:16.0 Communication controller: Intel Corporation Cougar Point HECI Controller #1 (rev 04)
Sep 18 08:42:12 testaus-optiplex-790 lspci: 00:16.3 Serial controller: Intel Corporation Cougar Point KT Controller (rev 04)
Sep 18 08:42:12 testaus-optiplex-790 lspci: 00:19.0 Ethernet controller: Intel Corporation Device 1502 (rev 04)
Sep 18 08:42:12 testaus-optiplex-790 lspci: 00:1a.0 USB Controller: Intel Corporation Cougar Point USB Enhanced Host Controller #2 (rev 04)
Sep 18 08:42:12 testaus-optiplex-790 lspci: 00:1b.0 Audio device: Intel Corporation Cougar Point High Definition Audio Controller (rev 04)
Sep 18 08:42:12 testaus-optiplex-790 lspci: 00:1c.0 PCI bridge: Intel Corporation Cougar Point PCI Express Root Port 1 (rev b4)
Sep 18 08:42:12 testaus-optiplex-790 lspci: 00:1c.2 PCI bridge: Intel Corporation Cougar Point PCI Express Root Port 3 (rev b4)
Sep 18 08:42:12 testaus-optiplex-790 lspci: 00:1d.0 USB Controller: Intel Corporation Cougar Point USB Enhanced Host Controller #1 (rev 04)
Sep 18 08:42:12 testaus-optiplex-790 lspci: 00:1e.0 PCI bridge: Intel Corporation 82801 PCI Bridge (rev a4)
Sep 18 08:42:12 testaus-optiplex-790 lspci: 00:1f.0 ISA bridge: Intel Corporation Device 1c4c (rev 04)
Sep 18 08:42:12 testaus-optiplex-790 lspci: 00:1f.2 SATA controller: Intel Corporation Cougar Point 6 port SATA AHCI Controller (rev 04)
Sep 18 08:42:12 testaus-optiplex-790 lspci: 00:1f.3 SMBus: Intel Corporation Cougar Point SMBus Controller (rev 04)
Sep 18 08:42:12 testaus-optiplex-790 python: autopoweroffd:  Successfully started as PID: 2456
Sep 18 08:42:12 testaus-optiplex-790 python: autopoweroffd:  Startup sleep of 30 minutes.
Sep 18 08:42:12 testaus-optiplex-790 python: autopoweroffd:  Currently running instance killed.
Sep 18 08:42:12 testaus-optiplex-790 python: autopoweroffd:  Successfully started as PID: 2470
Sep 18 08:42:12 testaus-optiplex-790 python: autopoweroffd:  Startup sleep of 30 minutes.
Sep 18 08:42:12 testaus-optiplex-790 logger: wget  -q -O /var/cache/getltscfg-cluster/lts.conf -T 30 -t 1 http://10.249.0.243:4871/ltsconf/?mac=78:2b:cb:a5:c9:f0/ip=10.249.1.19/bootservip=10.249.0.243/code=0
Sep 18 08:42:12 testaus-optiplex-790 cron[2577]: (CRON) INFO (pidfile fd = 3)
Sep 18 08:42:12 testaus-optiplex-790 acpid: starting up with proc fs
Sep 18 08:42:12 testaus-optiplex-790 cron[2607]: (CRON) STARTUP (fork ok)
Sep 18 08:42:12 testaus-optiplex-790 cron[2607]: (CRON) INFO (Running @reboot jobs)
Sep 18 08:42:12 testaus-optiplex-790 anacron[2608]: Anacron 2.3 started on 2012-09-18
Sep 18 08:42:12 testaus-optiplex-790 anacron[2608]: Normal exit (0 jobs run)
Sep 18 08:42:12 testaus-optiplex-790 acpid: 38 rules loaded
Sep 18 08:42:12 testaus-optiplex-790 acpid: waiting for events: event logging is off
Sep 18 08:42:12 testaus-optiplex-790 logger: wget  -q -O /var/cache/getltscfg-cluster/lts.conf -T 30 -t 1 http://10.249.0.243:4871/ltsconf/?mac=78:2b:cb:a5:c9:f0/ip=10.249.1.19/bootservip=10.249.0.243/code=1 --post-file=/var/cache/getltscfg-cluster/inventory.cache
Sep 18 08:42:12 testaus-optiplex-790 logger: wget  -q -O /var/cache/getltscfg-cluster/lts.conf -T 30 -t 1 http://10.249.0.243:4871/ltsconf/?mac=78:2b:cb:a5:c9:f0/ip=10.249.1.19/appservip=ltsp3/display=/code=2
Sep 18 08:42:12 testaus-optiplex-790 gdm-binary[2815]: WARNING: Unable to find users: no seat-id found
Sep 18 08:42:13 testaus-optiplex-790 acpid: client connected from 2885[0:0]
Sep 18 08:42:13 testaus-optiplex-790 acpid: 1 client rule loaded
Sep 18 08:42:13 testaus-optiplex-790 kernel: [   63.534793] usb 1-1.4: USB disconnect, device number 3
Sep 18 08:42:15 testaus-optiplex-790 kernel: [   64.757794] usb 1-1.4: new low speed USB device number 4 using ehci_hcd
Sep 18 08:42:15 testaus-optiplex-790 kernel: [   64.857619] input: PIXART USB OPTICAL MOUSE as /devices/pci0000:00/0000:00:1a.0/usb1/1-1/1-1.4/1-1.4:1.0/input/input10
Sep 18 08:42:15 testaus-optiplex-790 kernel: [   64.857749] generic-usb 0003:093A:2510.0005: input,hidraw0: USB HID v1.11 Mouse [PIXART USB OPTICAL MOUSE] on usb-0000:00:1a.0-1.4/input0
Sep 18 08:42:15 testaus-optiplex-790 rtkit-daemon[3017]: Sucessfully called chroot.
Sep 18 08:42:15 testaus-optiplex-790 rtkit-daemon[3017]: Sucessfully dropped privileges.
Sep 18 08:42:15 testaus-optiplex-790 rtkit-daemon[3017]: Sucessfully limited resources.
Sep 18 08:42:15 testaus-optiplex-790 rtkit-daemon[3017]: Running.
Sep 18 08:42:15 testaus-optiplex-790 rtkit-daemon[3017]: Canary thread running.
Sep 18 08:42:15 testaus-optiplex-790 rtkit-daemon[3017]: Watchdog thread running.
Sep 18 08:42:15 testaus-optiplex-790 anacron[3045]: Anacron 2.3 started on 2012-09-18
Sep 18 08:42:15 testaus-optiplex-790 anacron[3045]: Normal exit (0 jobs run)
Sep 18 08:42:15 testaus-optiplex-790 polkitd[3015]: started daemon version 0.96 using authority implementation `local' version `0.96'
Sep 18 08:42:15 testaus-optiplex-790 rtkit-daemon[3017]: Sucessfully made thread 3013 of process 3013 (n/a) owned by '114' high priority at nice level -11.
Sep 18 08:42:15 testaus-optiplex-790 rtkit-daemon[3017]: Supervising 1 threads of 1 processes of 1 users.
Sep 18 08:42:16 testaus-optiplex-790 rtkit-daemon[3017]: Sucessfully made thread 3057 of process 3013 (n/a) owned by '114' RT at priority 5.
Sep 18 08:42:16 testaus-optiplex-790 rtkit-daemon[3017]: Supervising 2 threads of 1 processes of 1 users.
Sep 18 08:42:16 testaus-optiplex-790 rtkit-daemon[3017]: Sucessfully made thread 3058 of process 3013 (n/a) owned by '114' RT at priority 5.
Sep 18 08:42:16 testaus-optiplex-790 rtkit-daemon[3017]: Supervising 3 threads of 1 processes of 1 users.
Sep 18 08:42:16 testaus-optiplex-790 gdm-simple-greeter[3002]: Gtk-WARNING: /build/buildd/gtk+2.0-2.20.1/gtk/gtkwidget.c:5636: widget not within a GtkWindow
Sep 18 08:42:16 testaus-optiplex-790 rtkit-daemon[3017]: Sucessfully made thread 3066 of process 3013 (n/a) owned by '114' RT at priority 5.
Sep 18 08:42:16 testaus-optiplex-790 rtkit-daemon[3017]: Supervising 4 threads of 1 processes of 1 users.
Sep 18 08:42:16 testaus-optiplex-790 rtkit-daemon[3017]: Sucessfully made thread 3086 of process 3013 (n/a) owned by '114' RT at priority 5.
Sep 18 08:42:16 testaus-optiplex-790 rtkit-daemon[3017]: Supervising 5 threads of 1 processes of 1 users.
Sep 18 08:42:16 testaus-optiplex-790 acpid: client connected from 3136[111:118]
Sep 18 08:42:16 testaus-optiplex-790 acpid: 1 client rule loaded
Sep 18 08:45:01 testaus-optiplex-790 CRON[3310]: (root) CMD (command -v debian-sa1 > /dev/null && debian-sa1 1 1)
Sep 18 08:55:01 testaus-optiplex-790 CRON[3914]: (root) CMD (command -v debian-sa1 > /dev/null && debian-sa1 1 1)
Sep 18 09:05:01 testaus-optiplex-790 CRON[4518]: (root) CMD (command -v debian-sa1 > /dev/null && debian-sa1 1 1)
